Archive member included to satisfy reference by file (symbol)

libsdltrs_core.a(z80.c.o)     CMakeFiles/picocalc_trs_scaffold.dir/main.c.o (z80_run)
libsdltrs_core.a(trs_disk_embedded.c.o)
                              CMakeFiles/picocalc_trs_scaffold.dir/main.c.o (trs_disk_getwriteprotect)
libsdltrs_core.a(trs_memory_embedded.c.o)
                              CMakeFiles/picocalc_trs_scaffold.dir/main.c.o (trs_reset)
libsdltrs_core.a(error.c.o)   libsdltrs_core.a(z80.c.o) (error)
libsdltrs_core.a(trs_clones.c.o)
                              libsdltrs_core.a(trs_memory_embedded.c.o) (trs_clones_model)
libsdltrs_core.a(trs_cp500.c.o)
                              libsdltrs_core.a(trs_memory_embedded.c.o) (cp500_mem_read)
libsdltrs_core.a(trs_interrupt.c.o)
                              libsdltrs_core.a(z80.c.o) (trs_reset_button_interrupt)
libsdltrs_core.a(trs_io.c.o)  libsdltrs_core.a(trs_memory_embedded.c.o) (m6845_crtc_reset)
libsdltrs_core.a(trs_state_save.c.o)
                              libsdltrs_core.a(z80.c.o) (trs_save_uint8)
libsdltrs_core.a(trs_cmd_rom_embedded.c.o)
                              libsdltrs_core.a(trs_memory_embedded.c.o) (trs_rom_init)
libsdltrs_frontend_stubs.a(sdl_compat.c.o)
                              libsdltrs_core.a(trs_interrupt.c.o) (SDL_GetTicks)
libsdltrs_frontend_stubs.a(trs_frontend_stub.c.o)
                              libsdltrs_core.a(trs_memory_embedded.c.o) (trs_screen_init)
libsdltrs_frontend_stubs.a(trs_keyboard_stub.c.o)
                              libsdltrs_core.a(trs_memory_embedded.c.o) (trs_kb_reset)
libsdltrs_frontend_stubs.a(sdltrs_peripheral_stubs.c.o)
                              libsdltrs_core.a(trs_memory_embedded.c.o) (do_emt_resetdisk)
libsdltrs_frontend_stubs.a(platform_picocalc.c.o)
                              libsdltrs_frontend_stubs.a(trs_frontend_stub.c.o) (platform_init)
libsdltrs_frontend_stubs.a(platform_time_picocalc.c.o)
                              libsdltrs_core.a(trs_interrupt.c.o) (time)
libsdltrs_frontend_stubs.a(fat32.c.o)
                              libsdltrs_frontend_stubs.a(platform_picocalc.c.o) (fat32_open)
libsdltrs_frontend_stubs.a(font-5x10.c.o)
                              libsdltrs_frontend_stubs.a(platform_picocalc.c.o) (font_5x10)
libsdltrs_frontend_stubs.a(keyboard.c.o)
                              libsdltrs_frontend_stubs.a(platform_picocalc.c.o) (keyboard_key_available)
libsdltrs_frontend_stubs.a(lcd.c.o)
                              libsdltrs_frontend_stubs.a(platform_picocalc.c.o) (lcd_set_underscore)
libsdltrs_frontend_stubs.a(picocalc.c.o)
                              libsdltrs_frontend_stubs.a(platform_picocalc.c.o) (picocalc_init)
libsdltrs_frontend_stubs.a(platform_disk_stdio.c.o)
                              libsdltrs_core.a(trs_disk_embedded.c.o) (picocalc_disk_fopen)
libsdltrs_frontend_stubs.a(sdcard.c.o)
                              libsdltrs_frontend_stubs.a(platform_picocalc.c.o) (sd_card_present)
libsdltrs_frontend_stubs.a(southbridge.c.o)
                              libsdltrs_frontend_stubs.a(keyboard.c.o) (sb_available)
libsdltrs_frontend_stubs.a(font-8x10.c.o)
                              libsdltrs_frontend_stubs.a(lcd.c.o) (font_8x10)
libsdltrs_frontend_stubs.a(platform_file_picocalc.c.o)
                              libsdltrs_core.a(trs_cmd_rom_embedded.c.o) (platform_fopen)
libsdltrs_frontend_stubs.a(trs80_model3_font_5x18.c.o)
                              libsdltrs_frontend_stubs.a(platform_picocalc.c.o) (trs80_model3_font_5x18)
libsdltrs_frontend_stubs.a(audio.c.o)
                              libsdltrs_frontend_stubs.a(picocalc.c.o) (audio_init)
libsdltrs_frontend_stubs.a(display.c.o)
                              libsdltrs_frontend_stubs.a(picocalc.c.o) (display_emit)
/usr/lib/gcc/arm-none-eabi/13.2.1/../../../arm-none-eabi/lib/thumb/v8-m.main+fp/softfp/libm.a(libm_a-wf_sqrt.o)
                              CMakeFiles/picocalc_trs_scaffold.dir/home/codespace/pico-sdk/src/rp2_common/pico_float/float_math.c.o (sqrtf)
/usr/lib/gcc/arm-none-eabi/13.2.1/../../../arm-none-eabi/lib/thumb/v8-m.main+fp/softfp/libm.a(libm_a-ef_sqrt.o)
                              /usr/lib/gcc/arm-none-eabi/13.2.1/../../../arm-none-eabi/lib/thumb/v8-m.main+fp/softfp/libm.a(libm_a-wf_sqrt.o) (__ieee754_sqrtf)
/usr/lib/gcc/arm-none-eabi/13.2.1/thumb/v8-m.main+fp/softfp/libgcc.a(_arm_addsubdf3.o)
                              CMakeFiles/picocalc_trs_scaffold.dir/home/codespace/pico-sdk/src/rp2_common/pico_float/float_math.c.o (__aeabi_f2d)
/usr/lib/gcc/arm-none-eabi/13.2.1/thumb/v8-m.main+fp/softfp/libgcc.a(_aeabi_ldivmod.o)
                              CMakeFiles/picocalc_trs_scaffold.dir/home/codespace/pico-sdk/src/common/pico_time/time.c.o (__aeabi_ldivmod)
/usr/lib/gcc/arm-none-eabi/13.2.1/thumb/v8-m.main+fp/softfp/libgcc.a(_aeabi_uldivmod.o)
                              CMakeFiles/picocalc_trs_scaffold.dir/home/codespace/pico-sdk/src/rp2_common/hardware_clocks/clocks.c.o (__aeabi_uldivmod)
[...]
Memory Configuration

Name             Origin             Length             Attributes
FLASH            0x10000000         0x00400000         xr
RAM              0x20000000         0x00080000         xrw
SCRATCH_X        0x20080000         0x00001000         xrw
SCRATCH_Y        0x20081000         0x00001000         xrw
*default*        0x00000000         0xffffffff

Linker script and memory map

LOAD /usr/lib/gcc/arm-none-eabi/13.2.1/thumb/v8-m.main+fp/softfp/crti.o
LOAD /usr/lib/gcc/arm-none-eabi/13.2.1/thumb/v8-m.main+fp/softfp/crtbegin.o
LOAD /usr/lib/gcc/arm-none-eabi/13.2.1/../../../arm-none-eabi/lib/thumb/v8-m.main+fp/softfp/crt0.o

.flash_begin    0x10000000        0x0
                0x10000000                        __flash_binary_start = .

.text           0x10000000    0x2bd70
                0x10000000                        __logical_binary_start = .
 *(.vectors)
 .vectors       0x10000000      0x124 CMakeFiles/picocalc_trs_scaffold.dir/home/codespace/pico-sdk/src/rp2_common/pico_crt0/crt0.S.o
                0x10000000                __vectors
                0x10000000                __VECTOR_TABLE
                0x10000110                isr_securefault
                0x10000110                isr_irq30
                0x10000110                __unhandled_user_irq
                0x10000110                isr_irq49
                0x10000110                isr_irq13
                0x10000110                isr_irq43
                0x10000110                isr_irq45
                0x10000110                isr_irq27
                0x10000110                isr_irq32
                0x10000110                isr_irq31
                0x10000110                isr_irq5
                0x10000110                isr_irq11
                0x10000110                isr_irq23
                0x10000110                isr_usagefault
                0x10000110                isr_irq48
                0x10000110                isr_irq35
                0x10000110                isr_irq18
                0x10000110                isr_irq50
                0x10000110                isr_irq40
                0x10000110                isr_irq28
                0x10000110                isr_irq19
                0x10000110                isr_irq36
                0x10000110                isr_irq41
                0x10000110                isr_irq0
                0x10000110                isr_irq6
                0x10000110                isr_memmanage
                0x10000110                isr_irq37
                0x10000110                isr_irq42
                0x10000110                isr_irq22
                0x10000110                isr_irq17
                0x10000110                isr_irq38
                0x10000110                isr_irq14
                0x10000110                __vectors_end
                0x10000110                __default_isrs_start
                0x10000110                isr_irq2
                0x10000110                isr_irq10
                0x10000110                isr_irq8
                0x10000110                isr_debugmonitor
                0x10000110                isr_irq24
                0x10000110                isr_irq46
                0x10000110                isr_irq1
                0x10000110                isr_irq47
                0x10000110                isr_irq51
                0x10000110                isr_irq7
                0x10000110                isr_irq21
                0x10000110                isr_irq39
                0x10000110                isr_irq20
                0x10000110                isr_irq15
                0x10000110                isr_irq25
                0x10000110                isr_irq34
                0x10000110                isr_irq4
                0x10000110                isr_busfault
                0x10000110                isr_irq16
                0x10000110                isr_irq44
                0x10000110                isr_irq29
                0x10000110                isr_irq26
                0x10000110                isr_irq33
                0x10000110                isr_irq3
                0x10000110                isr_irq12
                0x10000110                isr_irq9
                0x10000116                unhandled_user_irq_num_in_r0
                0x10000118                isr_invalid
                0x1000011a                isr_nmi
                0x1000011c                isr_hardfault
                0x1000011e                isr_svcall
                0x10000120                isr_pendsv
                0x10000122                isr_systick
                0x10000124                __default_isrs_end
 *(.binary_info_header)
 .binary_info_header
                0x10000124       0x14 CMakeFiles/picocalc_trs_scaffold.dir/home/codespace/pico-sdk/src/rp2_common/pico_crt0/crt0.S.o
                0x10000138                        __binary_info_header_end = .
 *(.embedded_block)
 .embedded_block
                0x10000138       0x14 CMakeFiles/picocalc_trs_scaffold.dir/home/codespace/pico-sdk/src/rp2_common/pico_crt0/crt0.S.o
                0x1000014c                        __embedded_block_end = .
 *(.reset)
 .reset         0x1000014c       0x98 CMakeFiles/picocalc_trs_scaffold.dir/home/codespace/pico-sdk/src/rp2_common/pico_crt0/crt0.S.o
                0x1000014c                _entry_point
 *(.init)
 .init          0x100001e4        0x4 /usr/lib/gcc/arm-none-eabi/13.2.1/thumb/v8-m.main+fp/softfp/crti.o
                0x100001e4                _init
 *libgcc.a:cmse_nonsecure_call.o()
 *(EXCLUDE_FILE(*libm.a: *libc.a:*lib_a-mem*.o *libgcc.a:) .text*)
 .text          0x100001e8       0x8c /usr/lib/gcc/arm-none-eabi/13.2.1/thumb/v8-m.main+fp/softfp/crtbegin.o
 .text.write_line_centered
                0x10000274       0x40 CMakeFiles/picocalc_trs_scaffold.dir/main.c.o
 .text.status_printf
                0x100002b4       0x28 CMakeFiles/picocalc_trs_scaffold.dir/main.c.o
 .text.write_line.part.0
                0x100002dc       0x2c CMakeFiles/picocalc_trs_scaffold.dir/main.c.o
 .text.startup.main
                0x10000308      0x29c CMakeFiles/picocalc_trs_scaffold.dir/main.c.o
                0x10000308                main
 .text.gpio_set_function
                0x100005a4       0x3c CMakeFiles/picocalc_trs_scaffold.dir/home/codespace/pico-sdk/src/rp2_common/hardware_gpio/gpio.c.o
                0x100005a4                gpio_set_function
 .text.gpio_set_pulls
                0x100005e0       0x28 CMakeFiles/picocalc_trs_scaffold.dir/home/codespace/pico-sdk/src/rp2_common/hardware_gpio/gpio.c.o
                0x100005e0                gpio_set_pulls
 .text.gpio_init
                0x10000608       0x48 CMakeFiles/picocalc_trs_scaffold.dir/home/codespace/pico-sdk/src/rp2_common/hardware_gpio/gpio.c.o
                0x10000608                gpio_init
 .text.panic    0x10000650       0x30 CMakeFiles/picocalc_trs_scaffold.dir/home/codespace/pico-sdk/src/rp2_common/pico_platform_panic/panic.c.o
                0x10000650                panic
 .text.hw_claim_lock
                0x10000680       0x24 CMakeFiles/picocalc_trs_scaffold.dir/home/codespace/pico-sdk/src/common/hardware_claim/claim.c.o
                0x10000680                hw_claim_lock
 .text.hw_claim_unlock
                0x100006a4       0x14 CMakeFiles/picocalc_trs_scaffold.dir/home/codespace/pico-sdk/src/common/hardware_claim/claim.c.o
                0x100006a4                hw_claim_unlock
 .text.hw_claim_or_assert
                0x100006b8       0x58 CMakeFiles/picocalc_trs_scaffold.dir/home/codespace/pico-sdk/src/common/hardware_claim/claim.c.o
                0x100006b8                hw_claim_or_assert
 .text.next_striped_spin_lock_num
                0x10000710       0x18 CMakeFiles/picocalc_trs_scaffold.dir/home/codespace/pico-sdk/src/rp2_common/hardware_sync/sync.c.o
                0x10000710                next_striped_spin_lock_num
 .text.spinlock_set_extexclall
                0x10000728       0x10 CMakeFiles/picocalc_trs_scaffold.dir/home/codespace/pico-sdk/src/rp2_common/hardware_sync_spin_lock/sync_spin_lock.c.o
 .text.spin_locks_reset
                0x10000738       0x18 CMakeFiles/picocalc_trs_scaffold.dir/home/codespace/pico-sdk/src/rp2_common/hardware_sync_spin_lock/sync_spin_lock.c.o
                0x10000738                spin_locks_reset
 .text.runtime_init_per_core_irq_priorities
                0x10000750       0x40 CMakeFiles/picocalc_trs_scaffold.dir/home/codespace/pico-sdk/src/rp2_common/hardware_irq/irq.c.o
                0x10000750                runtime_init_per_core_irq_priorities
 .text.irq_set_enabled
                0x10000790       0x2c CMakeFiles/picocalc_trs_scaffold.dir/home/codespace/pico-sdk/src/rp2_common/hardware_irq/irq.c.o
                0x10000790                irq_set_enabled
 .text.irq_set_exclusive_handler
                0x100007bc       0x60 CMakeFiles/picocalc_trs_scaffold.dir/home/codespace/pico-sdk/src/rp2_common/hardware_irq/irq.c.o
                0x100007bc                irq_set_exclusive_handler
 .text.irq_remove_handler
                0x1000081c      0x1fc CMakeFiles/picocalc_trs_scaffold.dir/home/codespace/pico-sdk/src/rp2_common/hardware_irq/irq.c.o
                0x1000081c                irq_remove_handler
 .text.irq_add_tail_to_free_list
                0x10000a18       0xbc CMakeFiles/picocalc_trs_scaffold.dir/home/codespace/pico-sdk/src/rp2_common/hardware_irq/irq.c.o
                0x10000a18                irq_add_tail_to_free_list
 .text.lock_init
                0x10000ad4        0xc CMakeFiles/picocalc_trs_scaffold.dir/home/codespace/pico-sdk/src/common/pico_sync/lock_core.c.o
                0x10000ad4                lock_init
 .text.runtime_init_mutex
                0x10000ae0       0x4c CMakeFiles/picocalc_trs_scaffold.dir/home/codespace/pico-sdk/src/common/pico_sync/mutex.c.o
                0x10000ae0                runtime_init_mutex
 .text.sleep_until_callback
                0x10000b2c       0x3c CMakeFiles/picocalc_trs_scaffold.dir/home/codespace/pico-sdk/src/common/pico_time/time.c.o
 .text.alarm_pool_irq_handler
                0x10000b68      0x2f0 CMakeFiles/picocalc_trs_scaffold.dir/home/codespace/pico-sdk/src/common/pico_time/time.c.o
 .text.runtime_init_default_alarm_pool
                0x10000e58      0x100 CMakeFiles/picocalc_trs_scaffold.dir/home/codespace/pico-sdk/src/common/pico_time/time.c.o
                0x10000e58                runtime_init_default_alarm_pool
 .text.alarm_pool_get_default
                0x10000f58        0x8 CMakeFiles/picocalc_trs_scaffold.dir/home/codespace/pico-sdk/src/common/pico_time/time.c.o
                0x10000f58                alarm_pool_get_default
 .text.alarm_pool_add_alarm_at_force_in_context
                0x10000f60       0xc8 CMakeFiles/picocalc_trs_scaffold.dir/home/codespace/pico-sdk/src/common/pico_time/time.c.o
                0x10000f60                alarm_pool_add_alarm_at_force_in_context
 .text.alarm_pool_cancel_alarm
                0x10001028       0x80 CMakeFiles/picocalc_trs_scaffold.dir/home/codespace/pico-sdk/src/common/pico_time/time.c.o
                0x10001028                alarm_pool_cancel_alarm
 .text.sleep_until
                0x100010a8       0xbc CMakeFiles/picocalc_trs_scaffold.dir/home/codespace/pico-sdk/src/common/pico_time/time.c.o
                0x100010a8                sleep_until
 .text.sleep_ms
                0x10001164       0x2c CMakeFiles/picocalc_trs_scaffold.dir/home/codespace/pico-sdk/src/common/pico_time/time.c.o
                0x10001164                sleep_ms
 .text.best_effort_wfe_or_timeout
                0x10001190       0xbc CMakeFiles/picocalc_trs_scaffold.dir/home/codespace/pico-sdk/src/common/pico_time/time.c.o
                0x10001190                best_effort_wfe_or_timeout
 .text.alarm_pool_add_repeating_timer_us
                0x1000124c      0x120 CMakeFiles/picocalc_trs_scaffold.dir/home/codespace/pico-sdk/src/common/pico_time/time.c.o
                0x1000124c                alarm_pool_add_repeating_timer_us
 .text.cancel_repeating_timer
                0x1000136c       0x9c CMakeFiles/picocalc_trs_scaffold.dir/home/codespace/pico-sdk/src/common/pico_time/time.c.o
                0x1000136c                cancel_repeating_timer
 .text.check_single_timeout_us
                0x10001408       0x28 CMakeFiles/picocalc_trs_scaffold.dir/home/codespace/pico-sdk/src/common/pico_time/timeout_helper.c.o
 .text.init_single_timeout_until
                0x10001430       0x10 CMakeFiles/picocalc_trs_scaffold.dir/home/codespace/pico-sdk/src/common/pico_time/timeout_helper.c.o
                0x10001430                init_single_timeout_until
 .text.timer_hardware_alarm_claim
                0x10001440       0x24 CMakeFiles/picocalc_trs_scaffold.dir/home/codespace/pico-sdk/src/rp2_common/hardware_timer/timer.c.o
                0x10001440                timer_hardware_alarm_claim
 .text.timer_time_us_64
                0x10001464       0x10 CMakeFiles/picocalc_trs_scaffold.dir/home/codespace/pico-sdk/src/rp2_common/hardware_timer/timer.c.o
                0x10001464                timer_time_us_64
 .text.time_us_64
                0x10001474       0x14 CMakeFiles/picocalc_trs_scaffold.dir/home/codespace/pico-sdk/src/rp2_common/hardware_timer/timer.c.o
                0x10001474                time_us_64
 .text.busy_wait_us
                0x10001488       0x64 CMakeFiles/picocalc_trs_scaffold.dir/home/codespace/pico-sdk/src/rp2_common/hardware_timer/timer.c.o
                0x10001488                busy_wait_us
 .text.busy_wait_until
                0x100014ec       0x24 CMakeFiles/picocalc_trs_scaffold.dir/home/codespace/pico-sdk/src/rp2_common/hardware_timer/timer.c.o
                0x100014ec                busy_wait_until
 .text.uart_init
                0x10001510      0x104 CMakeFiles/picocalc_trs_scaffold.dir/home/codespace/pico-sdk/src/rp2_common/hardware_uart/uart.c.o
                0x10001510                uart_init
 .text.clock_configure_undivided
                0x10001614       0xd0 CMakeFiles/picocalc_trs_scaffold.dir/home/codespace/pico-sdk/src/rp2_common/hardware_clocks/clocks.c.o
                0x10001614                clock_configure_undivided
 .text.clock_get_hz
                0x100016e4        0xc CMakeFiles/picocalc_trs_scaffold.dir/home/codespace/pico-sdk/src/rp2_common/hardware_clocks/clocks.c.o
                0x100016e4                clock_get_hz
 .text.pll_init
                0x100016f0       0x8c CMakeFiles/picocalc_trs_scaffold.dir/home/codespace/pico-sdk/src/rp2_common/hardware_pll/pll.c.o
                0x100016f0                pll_init
 .text.tick_start
                0x1000177c       0x18 CMakeFiles/picocalc_trs_scaffold.dir/home/codespace/pico-sdk/src/rp2_common/hardware_ticks/ticks.c.o
                0x1000177c                tick_start
 .text.rom_func_lookup
                0x10001794       0x18 CMakeFiles/picocalc_trs_scaffold.dir/home/codespace/pico-sdk/src/rp2_common/pico_bootrom/bootrom.c.o
                0x10001794                rom_func_lookup
 .text.runtime_init_bootrom_locking_enable
                0x100017ac       0x14 CMakeFiles/picocalc_trs_scaffold.dir/home/codespace/pico-sdk/src/rp2_common/pico_bootrom/bootrom_lock.c.o
                0x100017ac                runtime_init_bootrom_locking_enable
 .text.runtime_init_boot_locks_reset
                0x100017c0       0x1c CMakeFiles/picocalc_trs_scaffold.dir/home/codespace/pico-sdk/src/rp2_common/hardware_boot_lock/boot_lock.c.o
                0x100017c0                runtime_init_boot_locks_reset
 .text.xosc_init
                0x100017dc       0x30 CMakeFiles/picocalc_trs_scaffold.dir/home/codespace/pico-sdk/src/rp2_common/hardware_xosc/xosc.c.o
                0x100017dc                xosc_init
 .text.first_per_core_initializer
                0x1000180c        0x4 CMakeFiles/picocalc_trs_scaffold.dir/home/codespace/pico-sdk/src/rp2_common/pico_runtime/runtime.c.o
 .text.hard_assertion_failure
                0x10001810        0xc CMakeFiles/picocalc_trs_scaffold.dir/home/codespace/pico-sdk/src/rp2_common/pico_runtime/runtime.c.o
                0x10001810                hard_assertion_failure
 .text.runtime_run_initializers
                0x1000181c       0x20 CMakeFiles/picocalc_trs_scaffold.dir/home/codespace/pico-sdk/src/rp2_common/pico_runtime/runtime.c.o
                0x1000181c                runtime_run_initializers
 .text.runtime_init_early_resets
                0x1000183c       0x34 CMakeFiles/picocalc_trs_scaffold.dir/home/codespace/pico-sdk/src/rp2_common/pico_runtime_init/runtime_init.c.o
                0x1000183c                runtime_init_early_resets
 .text.runtime_init_usb_power_down
                0x10001870       0x1c CMakeFiles/picocalc_trs_scaffold.dir/home/codespace/pico-sdk/src/rp2_common/pico_runtime_init/runtime_init.c.o
                0x10001870                runtime_init_usb_power_down
 .text.runtime_init_per_core_enable_coprocessors
                0x1000188c       0x1c CMakeFiles/picocalc_trs_scaffold.dir/home/codespace/pico-sdk/src/rp2_common/pico_runtime_init/runtime_init.c.o
                0x1000188c                runtime_init_per_core_enable_coprocessors
 .text.runtime_init_post_clock_resets
                0x100018a8       0x20 CMakeFiles/picocalc_trs_scaffold.dir/home/codespace/pico-sdk/src/rp2_common/pico_runtime_init/runtime_init.c.o
                0x100018a8                runtime_init_post_clock_resets
 .text.runtime_init_bootrom_reset
                0x100018c8       0x14 CMakeFiles/picocalc_trs_scaffold.dir/home/codespace/pico-sdk/src/rp2_common/pico_runtime_init/runtime_init.c.o
                0x100018c8                runtime_init_bootrom_reset
 .text.runtime_init_per_core_bootrom_reset
                0x100018dc       0x14 CMakeFiles/picocalc_trs_scaffold.dir/home/codespace/pico-sdk/src/rp2_common/pico_runtime_init/runtime_init.c.o
                0x100018dc                runtime_init_per_core_bootrom_reset
 .text.runtime_init_spin_locks_reset
                0x100018f0        0x4 CMakeFiles/picocalc_trs_scaffold.dir/home/codespace/pico-sdk/src/rp2_common/pico_runtime_init/runtime_init.c.o
                0x100018f0                runtime_init_spin_locks_reset
 .text.runtime_init_install_ram_vector_table
                0x100018f4       0x68 CMakeFiles/picocalc_trs_scaffold.dir/home/codespace/pico-sdk/src/rp2_common/pico_runtime_init/runtime_init.c.o
                0x100018f4                runtime_init_install_ram_vector_table
 .text.runtime_init_clocks
                0x1000195c       0xdc CMakeFiles/picocalc_trs_scaffold.dir/home/codespace/pico-sdk/src/rp2_common/pico_runtime_init/runtime_init_clocks.c.o
                0x1000195c                runtime_init_clocks
 .text.__rp2350_dcp_engaged_state_save_restore
                0x10001a38       0x3a CMakeFiles/picocalc_trs_scaffold.dir/home/codespace/pico-sdk/src/rp2_common/pico_double/double_aeabi_dcp.S.o
 *fill*         0x10001a72        0x2 
 .text.__wrap___aeabi_dadd
                0x10001a74       0x28 CMakeFiles/picocalc_trs_scaffold.dir/home/codespace/pico-sdk/src/rp2_common/pico_double/double_aeabi_dcp.S.o
                0x10001a7c                __wrap___aeabi_dadd
 .text.__wrap___aeabi_dsub
                0x10001a9c       0x28 CMakeFiles/picocalc_trs_scaffold.dir/home/codespace/pico-sdk/src/rp2_common/pico_double/double_aeabi_dcp.S.o
                0x10001aa4                __wrap___aeabi_dsub
 .text.__wrap___aeabi_dmul
                0x10001ac4       0x4c CMakeFiles/picocalc_trs_scaffold.dir/home/codespace/pico-sdk/src/rp2_common/pico_double/double_aeabi_dcp.S.o
                0x10001acc                __wrap___aeabi_dmul
 .text.__wrap___aeabi_ddiv
                0x10001b10       0x9c CMakeFiles/picocalc_trs_scaffold.dir/home/codespace/pico-sdk/src/rp2_common/pico_double/double_aeabi_dcp.S.o
                0x10001b18                __wrap___aeabi_ddiv
 .text.__wrap___aeabi_d2f
                0x10001bac       0x1c CMakeFiles/picocalc_trs_scaffold.dir/home/codespace/pico-sdk/src/rp2_common/pico_double/double_aeabi_dcp.S.o
                0x10001bb4                double2float
                0x10001bb4                __wrap___aeabi_d2f
 .text.__wrap___aeabi_i2d
                0x10001bc8       0x24 CMakeFiles/picocalc_trs_scaffold.dir/home/codespace/pico-sdk/src/rp2_common/pico_double/double_aeabi_dcp.S.o
                0x10001bd0                __wrap___aeabi_i2d
                0x10001bd0                int2double
 .text.__wrap___aeabi_ui2d
                0x10001bec       0x24 CMakeFiles/picocalc_trs_scaffold.dir/home/codespace/pico-sdk/src/rp2_common/pico_double/double_aeabi_dcp.S.o
                0x10001bf4                __wrap___aeabi_ui2d
                0x10001bf4                uint2double
 .text.__wrap___aeabi_d2iz
                0x10001c10       0x24 CMakeFiles/picocalc_trs_scaffold.dir/home/codespace/pico-sdk/src/rp2_common/pico_double/double_aeabi_dcp.S.o
                0x10001c18                __wrap___aeabi_d2iz
                0x10001c18                double2int_z
 .text.__wrap___aeabi_d2uiz
                0x10001c34       0x24 CMakeFiles/picocalc_trs_scaffold.dir/home/codespace/pico-sdk/src/rp2_common/pico_double/double_aeabi_dcp.S.o
                0x10001c3c                double2uint_z
                0x10001c3c                double2uint
                0x10001c3c                __wrap___aeabi_d2uiz
 .text.__wrap___aeabi_dcmpun
                0x10001c58       0x24 CMakeFiles/picocalc_trs_scaffold.dir/home/codespace/pico-sdk/src/rp2_common/pico_double/double_aeabi_dcp.S.o
                0x10001c60                __wrap___aeabi_dcmpun
 .text.__wrap___aeabi_dcmpeq
                0x10001c7c       0x24 CMakeFiles/picocalc_trs_scaffold.dir/home/codespace/pico-sdk/src/rp2_common/pico_double/double_aeabi_dcp.S.o
                0x10001c84                __wrap___aeabi_dcmpeq
 .text.__wrap___aeabi_dcmplt
                0x10001ca0       0x28 CMakeFiles/picocalc_trs_scaffold.dir/home/codespace/pico-sdk/src/rp2_common/pico_double/double_aeabi_dcp.S.o
                0x10001ca8                __wrap___aeabi_dcmplt
 .text.__wrap___aeabi_dcmple
                0x10001cc8       0x28 CMakeFiles/picocalc_trs_scaffold.dir/home/codespace/pico-sdk/src/rp2_common/pico_double/double_aeabi_dcp.S.o
                0x10001cd0                __wrap___aeabi_dcmple
 .text.__wrap___aeabi_dcmpge
                0x10001cf0       0x28 CMakeFiles/picocalc_trs_scaffold.dir/home/codespace/pico-sdk/src/rp2_common/pico_double/double_aeabi_dcp.S.o
                0x10001cf8                __wrap___aeabi_dcmpge
 .text.__wrap___aeabi_dcmpgt
                0x10001d18       0x28 CMakeFiles/picocalc_trs_scaffold.dir/home/codespace/pico-sdk/src/rp2_common/pico_double/double_aeabi_dcp.S.o
                0x10001d20                __wrap___aeabi_dcmpgt
 .text.__wrap_conv_tod
                0x10001d40      0x20c CMakeFiles/picocalc_trs_scaffold.dir/home/codespace/pico-sdk/src/rp2_common/pico_double/double_conv_m33.S.o
                0x10001d40                __wrap___aeabi_l2d
                0x10001d40                int642double
                0x10001d42                fix642double
                0x10001de6                uint642double
                0x10001de6                __wrap___aeabi_ul2d
                0x10001de8                ufix642double
                0x10001e7c                fix2double
                0x10001eec                ufix2double
 .text.__wrap_conv_dtoi64_z
                0x10001f4c       0xa0 CMakeFiles/picocalc_trs_scaffold.dir/home/codespace/pico-sdk/src/rp2_common/pico_double/double_conv_m33.S.o
                0x10001f4c                __wrap___aeabi_d2lz
                0x10001f4c                double2int64_z
                0x10001f4e                double2fix64_z
 .text.__wrap_conv_tof
                0x10001fec      0x1d4 CMakeFiles/picocalc_trs_scaffold.dir/home/codespace/pico-sdk/src/rp2_common/pico_float/float_common_m33.S.o
                0x10001fec                int642float
                0x10001fec                __wrap___aeabi_l2f
                0x10001fee                fix642float
                0x1000207c                fix2float
                0x100020e8                ufix2float
                0x10002144                __wrap___aeabi_ul2f
                0x10002144                uint642float
                0x10002146                ufix642float
 .text.__wrap_conv_ftoui64
                0x100021c0       0x68 CMakeFiles/picocalc_trs_scaffold.dir/home/codespace/pico-sdk/src/rp2_common/pico_float/float_common_m33.S.o
                0x100021c0                float2uint64_z
                0x100021c0                float2uint64
                0x100021c0                __wrap___aeabi_f2ulz
                0x100021c2                float2ufix64
                0x100021c2                float2ufix64_z
 .text.__wrap_malloc
                0x10002228       0x24 CMakeFiles/picocalc_trs_scaffold.dir/home/codespace/pico-sdk/src/rp2_common/pico_malloc/malloc.c.o
                0x10002228                __wrap_malloc
 .text.__wrap_calloc
                0x1000224c       0x2c CMakeFiles/picocalc_trs_scaffold.dir/home/codespace/pico-sdk/src/rp2_common/pico_malloc/malloc.c.o
                0x1000224c                __wrap_calloc
 .text.__wrap_free
                0x10002278        0x4 CMakeFiles/picocalc_trs_scaffold.dir/home/codespace/pico-sdk/src/rp2_common/pico_malloc/malloc.c.o
                0x10002278                __wrap_free
 .text._out_buffer
                0x1000227c        0x8 CMakeFiles/picocalc_trs_scaffold.dir/home/codespace/pico-sdk/src/rp2_common/pico_printf/printf.c.o
 .text._out_null
                0x10002284        0x4 CMakeFiles/picocalc_trs_scaffold.dir/home/codespace/pico-sdk/src/rp2_common/pico_printf/printf.c.o
 .text._out_rev
                0x10002288       0x9c CMakeFiles/picocalc_trs_scaffold.dir/home/codespace/pico-sdk/src/rp2_common/pico_printf/printf.c.o
 .text._ntoa_format
                0x10002324      0x2a4 CMakeFiles/picocalc_trs_scaffold.dir/home/codespace/pico-sdk/src/rp2_common/pico_printf/printf.c.o
 .text._out_char
                0x100025c8        0x8 CMakeFiles/picocalc_trs_scaffold.dir/home/codespace/pico-sdk/src/rp2_common/pico_printf/printf.c.o
 .text._etoa    0x100025d0      0x460 CMakeFiles/picocalc_trs_scaffold.dir/home/codespace/pico-sdk/src/rp2_common/pico_printf/printf.c.o
 .text._ftoa    0x10002a30      0x3f4 CMakeFiles/picocalc_trs_scaffold.dir/home/codespace/pico-sdk/src/rp2_common/pico_printf/printf.c.o
 .text._vsnprintf
                0x10002e24      0x9e8 CMakeFiles/picocalc_trs_scaffold.dir/home/codespace/pico-sdk/src/rp2_common/pico_printf/printf.c.o
 .text.__wrap_sprintf
                0x1000380c       0x2c CMakeFiles/picocalc_trs_scaffold.dir/home/codespace/pico-sdk/src/rp2_common/pico_printf/printf.c.o
                0x1000380c                __wrap_sprintf
 .text.__wrap_snprintf
                0x10003838       0x2c CMakeFiles/picocalc_trs_scaffold.dir/home/codespace/pico-sdk/src/rp2_common/pico_printf/printf.c.o
                0x10003838                __wrap_snprintf
 .text.__wrap_vsnprintf
                0x10003864       0x24 CMakeFiles/picocalc_trs_scaffold.dir/home/codespace/pico-sdk/src/rp2_common/pico_printf/printf.c.o
                0x10003864                __wrap_vsnprintf
 .text.weak_raw_printf
                0x10003888       0x48 CMakeFiles/picocalc_trs_scaffold.dir/home/codespace/pico-sdk/src/rp2_common/pico_printf/printf.c.o
                0x10003888                weak_raw_printf
 .text.weak_raw_vprintf
                0x100038d0       0x30 CMakeFiles/picocalc_trs_scaffold.dir/home/codespace/pico-sdk/src/rp2_common/pico_printf/printf.c.o
                0x100038d0                weak_raw_vprintf
 .text._exit    0x10003900        0x4 CMakeFiles/picocalc_trs_scaffold.dir/home/codespace/pico-sdk/src/rp2_common/pico_clib_interface/newlib_interface.c.o
                0x10003900                _exit
 .text._sbrk    0x10003904       0x2c CMakeFiles/picocalc_trs_scaffold.dir/home/codespace/pico-sdk/src/rp2_common/pico_clib_interface/newlib_interface.c.o
                0x10003904                _sbrk
 .text._read    0x10003930       0x1c CMakeFiles/picocalc_trs_scaffold.dir/home/codespace/pico-sdk/src/rp2_common/pico_clib_interface/newlib_interface.c.o
                0x10003930                _read
 .text._write   0x1000394c       0x20 CMakeFiles/picocalc_trs_scaffold.dir/home/codespace/pico-sdk/src/rp2_common/pico_clib_interface/newlib_interface.c.o
                0x1000394c                _write
 .text._open    0x1000396c        0xc CMakeFiles/picocalc_trs_scaffold.dir/home/codespace/pico-sdk/src/rp2_common/pico_clib_interface/newlib_interface.c.o
                0x1000396c                _open
 .text._close   0x10003978        0x8 CMakeFiles/picocalc_trs_scaffold.dir/home/codespace/pico-sdk/src/rp2_common/pico_clib_interface/newlib_interface.c.o
                0x10003978                _close
 .text._lseek   0x10003980        0x8 CMakeFiles/picocalc_trs_scaffold.dir/home/codespace/pico-sdk/src/rp2_common/pico_clib_interface/newlib_interface.c.o
                0x10003980                _lseek
 .text._fstat   0x10003988        0x8 CMakeFiles/picocalc_trs_scaffold.dir/home/codespace/pico-sdk/src/rp2_common/pico_clib_interface/newlib_interface.c.o
                0x10003988                _fstat
 .text._isatty  0x10003990        0xc CMakeFiles/picocalc_trs_scaffold.dir/home/codespace/pico-sdk/src/rp2_common/pico_clib_interface/newlib_interface.c.o
                0x10003990                _isatty
 .text.exit     0x1000399c        0x8 CMakeFiles/picocalc_trs_scaffold.dir/home/codespace/pico-sdk/src/rp2_common/pico_clib_interface/newlib_interface.c.o
                0x1000399c                exit
 .text.__assert_func
                0x100039a4       0x34 CMakeFiles/picocalc_trs_scaffold.dir/home/codespace/pico-sdk/src/rp2_common/pico_clib_interface/newlib_interface.c.o
                0x100039a4                __assert_func
 .text.runtime_init
                0x100039d8       0x24 CMakeFiles/picocalc_trs_scaffold.dir/home/codespace/pico-sdk/src/rp2_common/pico_clib_interface/newlib_interface.c.o
                0x100039d8                runtime_init
 .text.stdio_out_chars_no_crlf
                0x100039fc        0x8 CMakeFiles/picocalc_trs_scaffold.dir/home/codespace/pico-sdk/src/rp2_common/pico_stdio/stdio.c.o
 .text.stdio_out_chars_crlf
                0x10003a04       0xac CMakeFiles/picocalc_trs_scaffold.dir/home/codespace/pico-sdk/src/rp2_common/pico_stdio/stdio.c.o
 .text.stdio_put_string
                0x10003ab0       0xf0 CMakeFiles/picocalc_trs_scaffold.dir/home/codespace/pico-sdk/src/rp2_common/pico_stdio/stdio.c.o
                0x10003ab0                stdio_put_string
 .text.stdio_get_until
                0x10003ba0       0x7c CMakeFiles/picocalc_trs_scaffold.dir/home/codespace/pico-sdk/src/rp2_common/pico_stdio/stdio.c.o
                0x10003ba0                stdio_get_until
 .text.stdio_set_driver_enabled
                0x10003c1c       0x30 CMakeFiles/picocalc_trs_scaffold.dir/home/codespace/pico-sdk/src/rp2_common/pico_stdio/stdio.c.o
                0x10003c1c                stdio_set_driver_enabled
 .text.stdio_init_all
                0x10003c4c        0xc CMakeFiles/picocalc_trs_scaffold.dir/home/codespace/pico-sdk/src/rp2_common/pico_stdio/stdio.c.o
                0x10003c4c                stdio_init_all
 .text.stdio_set_translate_crlf
                0x10003c58        0xc CMakeFiles/picocalc_trs_scaffold.dir/home/codespace/pico-sdk/src/rp2_common/pico_stdio/stdio.c.o
                0x10003c58                stdio_set_translate_crlf
 .text.__wrap_putchar
                0x10003c64       0x84 CMakeFiles/picocalc_trs_scaffold.dir/home/codespace/pico-sdk/src/rp2_common/pico_stdio/stdio.c.o
                0x10003c64                stdio_putchar
                0x10003c64                __wrap_putchar
 .text.__wrap_puts
                0x10003ce8       0x3c CMakeFiles/picocalc_trs_scaffold.dir/home/codespace/pico-sdk/src/rp2_common/pico_stdio/stdio.c.o
                0x10003ce8                __wrap_puts
                0x10003ce8                stdio_puts
 .text.stdio_uart_out_chars
                0x10003d24       0x50 CMakeFiles/picocalc_trs_scaffold.dir/home/codespace/pico-sdk/src/rp2_common/pico_stdio_uart/stdio_uart.c.o
 .text.stdio_uart_in_chars
                0x10003d74       0x94 CMakeFiles/picocalc_trs_scaffold.dir/home/codespace/pico-sdk/src/rp2_common/pico_stdio_uart/stdio_uart.c.o
                0x10003d74                stdio_uart_in_chars
 .text.on_uart_rx
                0x10003e08       0x24 CMakeFiles/picocalc_trs_scaffold.dir/home/codespace/pico-sdk/src/rp2_common/pico_stdio_uart/stdio_uart.c.o
 .text.stdio_uart_out_flush
                0x10003e2c       0x10 CMakeFiles/picocalc_trs_scaffold.dir/home/codespace/pico-sdk/src/rp2_common/pico_stdio_uart/stdio_uart.c.o
 .text.stdio_uart_set_chars_available_callback
                0x10003e3c       0x88 CMakeFiles/picocalc_trs_scaffold.dir/home/codespace/pico-sdk/src/rp2_common/pico_stdio_uart/stdio_uart.c.o
 .text.stdio_uart_init
                0x10003ec4       0x54 CMakeFiles/picocalc_trs_scaffold.dir/home/codespace/pico-sdk/src/rp2_common/pico_stdio_uart/stdio_uart.c.o
                0x10003ec4                stdio_uart_init
 .text.i2c_write_blocking_internal
                0x10003f18      0x180 CMakeFiles/picocalc_trs_scaffold.dir/home/codespace/pico-sdk/src/rp2_common/hardware_i2c/i2c.c.o
 .text.i2c_read_blocking_internal
                0x10004098       0xac CMakeFiles/picocalc_trs_scaffold.dir/home/codespace/pico-sdk/src/rp2_common/hardware_i2c/i2c.c.o
 .text.i2c_set_baudrate
                0x10004144       0xa8 CMakeFiles/picocalc_trs_scaffold.dir/home/codespace/pico-sdk/src/rp2_common/hardware_i2c/i2c.c.o
                0x10004144                i2c_set_baudrate
 .text.i2c_init
                0x100041ec       0x4c CMakeFiles/picocalc_trs_scaffold.dir/home/codespace/pico-sdk/src/rp2_common/hardware_i2c/i2c.c.o
                0x100041ec                i2c_init
 .text.i2c_write_blocking_until
                0x10004238       0x3c CMakeFiles/picocalc_trs_scaffold.dir/home/codespace/pico-sdk/src/rp2_common/hardware_i2c/i2c.c.o
                0x10004238                i2c_write_blocking_until
 .text.i2c_read_blocking_until
                0x10004274       0x3c CMakeFiles/picocalc_trs_scaffold.dir/home/codespace/pico-sdk/src/rp2_common/hardware_i2c/i2c.c.o
                0x10004274                i2c_read_blocking_until
 .text.spi_init
                0x100042b0       0xf4 CMakeFiles/picocalc_trs_scaffold.dir/home/codespace/pico-sdk/src/rp2_common/hardware_spi/spi.c.o
                0x100042b0                spi_init
 .text.spi_set_baudrate
                0x100043a4       0x9c CMakeFiles/picocalc_trs_scaffold.dir/home/codespace/pico-sdk/src/rp2_common/hardware_spi/spi.c.o
                0x100043a4                spi_set_baudrate
 .text.pio_add_program
                0x10004440       0xf8 CMakeFiles/picocalc_trs_scaffold.dir/home/codespace/pico-sdk/src/rp2_common/hardware_pio/pio.c.o
                0x10004440                pio_add_program
 .text.pio_sm_set_consecutive_pindirs
                0x10004538       0x8c CMakeFiles/picocalc_trs_scaffold.dir/home/codespace/pico-sdk/src/rp2_common/hardware_pio/pio.c.o
                0x10004538                pio_sm_set_consecutive_pindirs
 .text.pio_sm_init
                0x100045c4       0xa8 CMakeFiles/picocalc_trs_scaffold.dir/home/codespace/pico-sdk/src/rp2_common/hardware_pio/pio.c.o
                0x100045c4                pio_sm_init
 *fill*         0x1000466c        0x4 
 .text          0x10004670     0x86fc libsdltrs_core.a(z80.c.o)
                0x100091a8                z80_run
                0x1000cac0                z80_reset
                0x1000caf4                trs_z80_save
                0x1000cc30                trs_z80_load
 *fill*         0x1000cd6c        0x4 
 .text          0x1000cd70     0x476c libsdltrs_core.a(trs_disk_embedded.c.o)
                0x1000cdc4                trs_disk_done
                0x1000cddc                trs_disk_firstdrq
                0x1000d680                trs_disk_lostdata
                0x1000d998                trs_disk_setsize
                0x1000d9b8                trs_disk_getsize
                0x1000d9d4                trs_disk_getfilename
                0x1000d9e8                trs_disk_getdisktype
                0x1000d9fc                trs_disk_getwriteprotect
                0x1000da10                trs_disk_init
                0x1000da8c                trs_disk_remove
                0x1000dad4                trs_disk_insert
                0x1000df54                trs_disk_motoroff
                0x1000dfc8                trs_disk_select_write
                0x1000e1ec                trs_disk_track_read
                0x1000e1f8                trs_disk_track_write
                0x1000e204                trs_disk_sector_read
                0x1000e210                trs_disk_sector_write
                0x1000e308                trs_disk_data_read
                0x1000e750                trs_disk_data_write
                0x1000f660                trs_disk_status_read
                0x1000f7cc                trs_disk_command_write
                0x10010ee8                genie3s_latch_read
                0x10010f10                trs_diskset_save
                0x10010f78                trs_diskset_load
                0x10011048                trs_disk_save
                0x10011264                trs_disk_load
 .text          0x100114dc     0x2b50 libsdltrs_core.a(trs_memory_embedded.c.o)
                0x100116e4                mem_video_page
                0x100116f4                mem_video_page_read
                0x10011714                mem_video_page_write
                0x1001173c                mem_video_page_addr
                0x1001175c                mem_bank
                0x100117fc                ct80_ramdisk_out
                0x1001186c                ct80_ramdisk_in
                0x100118bc                ct80_video_addr
                0x100118f4                eg3200_init_out
                0x10011918                eg3200_genieplus_out
                0x10011938                eg64_mba_out
                0x10011974                genie3s_bank_out
                0x100119e0                genie3s_init_out
                0x10011a58                genie3s_mem_out
                0x10011a84                genie3s_sys_out
                0x10011ad8                huffman_out
                0x10011b70                huffman_in
                0x10011b80                hypermem_out
                0x10011c18                lnw80_bank_out
                0x10011c90                lubomir_out
                0x10011cb4                megamem_out
                0x10011ce8                s80z_out
                0x10011d44                selector_out
                0x10011da4                supermem_out
                0x10011dc8                supermem_in
                0x10011de4                sys_byte_out
                0x10011ec4                sys_byte_write
                0x10011ed0                sys_byte_in
                0x10011edc                sys_byte_2_in
                0x10011ee8                tcs_ram192b_out
                0x10011f14                vid80_vx3_out
                0x10011f44                xmem80_out
                0x10011f6c                xmem80_in
                0x10011f80                trs_reset
                0x10012184                get_mem_cmd
                0x10012190                get_mem_map
                0x1001219c                mem_map
                0x100121b4                rom_write
                0x100121c4                trs80_model3_mem_read
                0x10012228                mem_peek
                0x1001223c                mem_poke
                0x1001224c                mem_read
                0x10012954                trs80_model3_mem_write
                0x10012984                mem_write
                0x10013050                mem_read_word
                0x10013068                mem_write_word
                0x10013080                trs80_model3_mem_addr
                0x100130cc                mem_pointer
                0x10013da4                trs_mem_save
                0x10013ee8                trs_mem_load
 .text          0x1001402c      0x150 libsdltrs_core.a(error.c.o)
                0x1001402c                debug
                0x10014074                error
                0x100140c8                fatal
                0x10014118                file_error
 .text          0x1001417c       0xbc libsdltrs_core.a(trs_clones.c.o)
                0x1001417c                trs_clones_model
                0x100141d0                trs_clone_save
                0x100141dc                trs_clone_load
 .text          0x10014238      0x1d4 libsdltrs_core.a(trs_cp500.c.o)
                0x10014238                cp500_switch_mode
                0x100142e8                cp500_mem_read
                0x10014340                cp500_mem_write
                0x1001439c                cp500_mem_addr
                0x100143f4                trs_cp500_save
                0x10014400                trs_cp500_load
 *fill*         0x1001440c        0x4 
 .text          0x10014410      0xc5c libsdltrs_core.a(trs_interrupt.c.o)
                0x10014410                trs_reset_button_interrupt
                0x1001444c                trs_cassette_rise_interrupt
                0x10014480                trs_cassette_fall_interrupt
                0x10014520                trs_cassette_clear_interrupts
                0x10014544                trs_cassette_interrupts_enabled
                0x10014554                trs_timer_interrupt
                0x100145a0                trs_disk_intrq_interrupt
                0x10014600                trs_disk_motoroff_interrupt
                0x10014644                trs_disk_drq_interrupt
                0x10014648                trs_uart_rcv_interrupt
                0x10014680                trs_uart_snd_interrupt
                0x100146b8                trs_interrupt_latch_clear
                0x100146c4                trs_interrupt_latch_read
                0x1001471c                trs_interrupt_mask_write
                0x10014738                trs_nmi_latch_read
                0x10014748                trs_nmi_mask_write
                0x10014778                trs_timer_sync_with_host
                0x100147ec                trs_timer_init
                0x10014b90                trs_timer_speed
                0x10014cf8                trs_timer_mode
                0x10014d6c                trs_schedule_event
                0x10014dcc                trs_do_event
                0x10014df8                trs_cancel_event
                0x10014e20                trs_event_scheduled
                0x10014e2c                trs_interrupt_save
                0x10014f70                trs_interrupt_load
 .text          0x1001506c     0x1a7c libsdltrs_core.a(trs_io.c.o)
                0x100152e0                m6845_crtc_reset
                0x100152f0                z80_out
                0x100162e0                z80_in
                0x10016998                trs_io_save
                0x10016a40                trs_io_load
 .text          0x10016ae8      0x660 libsdltrs_core.a(trs_state_save.c.o)
                0x10016ae8                trs_state_save
                0x10016bcc                trs_state_load
                0x10016d08                trs_save_uint8
                0x10016d14                trs_load_uint8
                0x10016d20                trs_save_uint16
                0x10016d64                trs_load_uint16
                0x10016dac                trs_save_uint32
                0x10016e20                trs_load_uint32
                0x10016ea0                trs_save_uint64
                0x10016eec                trs_load_uint64
                0x10016f28                trs_save_int
                0x10016fac                trs_load_int
                0x1001702c                trs_save_float
                0x10017078                trs_load_float
                0x100170b8                trs_save_filename
                0x10017104                trs_load_filename
 .text          0x10017148      0xbec libsdltrs_core.a(trs_cmd_rom_embedded.c.o)
                0x1001756c                trs_load_cmd
                0x100175dc                trs_rom_init
 .text.SDL_GetTicks
                0x10017d34        0x4 libsdltrs_frontend_stubs.a(sdl_compat.c.o)
                0x10017d34                SDL_GetTicks
 .text.SDL_Delay
                0x10017d38        0x4 libsdltrs_frontend_stubs.a(sdl_compat.c.o)
                0x10017d38                SDL_Delay
 .text.trs_screen_init
                0x10017d3c       0xb0 libsdltrs_frontend_stubs.a(trs_frontend_stub.c.o)
                0x10017d3c                trs_screen_init
 .text.trs_screen_write_char
                0x10017dec       0x68 libsdltrs_frontend_stubs.a(trs_frontend_stub.c.o)
                0x10017dec                trs_screen_write_char
 .text.trs_screen_refresh
                0x10017e54       0x94 libsdltrs_frontend_stubs.a(trs_frontend_stub.c.o)
                0x10017e54                trs_screen_refresh
 .text.trs_screen_reset
                0x10017ee8       0x44 libsdltrs_frontend_stubs.a(trs_frontend_stub.c.o)
                0x10017ee8                trs_screen_reset
 .text.trs_screen_mode
                0x10017f2c       0x20 libsdltrs_frontend_stubs.a(trs_frontend_stub.c.o)
                0x10017f2c                trs_screen_mode
 .text.trs_screen_80x24
                0x10017f4c       0x64 libsdltrs_frontend_stubs.a(trs_frontend_stub.c.o)
                0x10017f4c                trs_screen_80x24
 .text.trs_screen_caption
                0x10017fb0        0x4 libsdltrs_frontend_stubs.a(trs_frontend_stub.c.o)
                0x10017fb0                trs_screen_caption
 .text.trs_sdl_init
                0x10017fb4       0x60 libsdltrs_frontend_stubs.a(trs_frontend_stub.c.o)
                0x10017fb4                trs_sdl_init
 .text.trs_disk_led
                0x10018014        0x4 libsdltrs_frontend_stubs.a(trs_frontend_stub.c.o)
                0x10018014                trs_disk_led
 .text.trs_hard_led
                0x10018018        0x4 libsdltrs_frontend_stubs.a(trs_frontend_stub.c.o)
                0x10018018                trs_hard_led
 .text.trs_turbo_led
                0x1001801c       0x14 libsdltrs_frontend_stubs.a(trs_frontend_stub.c.o)
                0x1001801c                trs_turbo_led
 .text.trs_get_event
                0x10018030       0x28 libsdltrs_frontend_stubs.a(trs_frontend_stub.c.o)
                0x10018030                trs_get_event
 .text.trs_exit
                0x10018058       0x24 libsdltrs_frontend_stubs.a(trs_frontend_stub.c.o)
                0x10018058                trs_exit
 .text.trs_printer_write
                0x1001807c        0x4 libsdltrs_frontend_stubs.a(trs_frontend_stub.c.o)
                0x1001807c                trs_printer_write
 .text.trs_printer_read
                0x10018080        0x4 libsdltrs_frontend_stubs.a(trs_frontend_stub.c.o)
                0x10018080                trs_printer_read
 .text.trs_cassette_motor
                0x10018084        0x4 libsdltrs_frontend_stubs.a(trs_frontend_stub.c.o)
                0x10018084                trs_cassette_motor
 .text.trs_cassette_out
                0x10018088        0x4 libsdltrs_frontend_stubs.a(trs_frontend_stub.c.o)
                0x10018088                trs_cassette_out
 .text.trs_cassette_in
                0x1001808c        0x4 libsdltrs_frontend_stubs.a(trs_frontend_stub.c.o)
                0x1001808c                trs_cassette_in
 .text.trs_sound_out
                0x10018090        0x4 libsdltrs_frontend_stubs.a(trs_frontend_stub.c.o)
                0x10018090                trs_sound_out
 .text.m6845_cursor
                0x10018094       0xdc libsdltrs_frontend_stubs.a(trs_frontend_stub.c.o)
                0x10018094                m6845_cursor
 .text.m6845_screen
                0x10018170       0xec libsdltrs_frontend_stubs.a(trs_frontend_stub.c.o)
                0x10018170                m6845_screen
 .text.lookup_keysym
                0x1001825c      0x56c libsdltrs_frontend_stubs.a(trs_keyboard_stub.c.o)
 .text.trs_kb_reset
                0x100187c8       0x70 libsdltrs_frontend_stubs.a(trs_keyboard_stub.c.o)
                0x100187c8                trs_kb_reset
 .text.trs_kb_heartbeat
                0x10018838       0x60 libsdltrs_frontend_stubs.a(trs_keyboard_stub.c.o)
                0x10018838                trs_kb_heartbeat
 .text.trs_kb_mem_read
                0x10018898      0x3b0 libsdltrs_frontend_stubs.a(trs_keyboard_stub.c.o)
                0x10018898                trs_kb_mem_read
 .text.clear_key_queue
                0x10018c48       0x14 libsdltrs_frontend_stubs.a(trs_keyboard_stub.c.o)
                0x10018c48                clear_key_queue
 .text.trs_key_event
                0x10018c5c       0x48 libsdltrs_frontend_stubs.a(trs_keyboard_stub.c.o)
                0x10018c5c                trs_key_event
 .text.trs_joystick_in
                0x10018ca4        0x4 libsdltrs_frontend_stubs.a(trs_keyboard_stub.c.o)
                0x10018ca4                trs_joystick_in
 .text.do_emt_resetdisk
                0x10018ca8        0x4 libsdltrs_frontend_stubs.a(sdltrs_peripheral_stubs.c.o)
                0x10018ca8                do_emt_resetdisk
 .text.trs_cassette_reset
                0x10018cac        0x4 libsdltrs_frontend_stubs.a(sdltrs_peripheral_stubs.c.o)
                0x10018cac                trs_cassette_reset
 .text.trs_uart_init
                0x10018cb0        0x4 libsdltrs_frontend_stubs.a(sdltrs_peripheral_stubs.c.o)
                0x10018cb0                trs_uart_init
 .text.grafyx_write_mode
                0x10018cb4        0x4 libsdltrs_frontend_stubs.a(sdltrs_peripheral_stubs.c.o)
                0x10018cb4                grafyx_write_mode
 .text.grafyx_m3_reset
                0x10018cb8        0x4 libsdltrs_frontend_stubs.a(sdltrs_peripheral_stubs.c.o)
                0x10018cb8                grafyx_m3_reset
 .text.hrg_onoff
                0x10018cbc        0x4 libsdltrs_frontend_stubs.a(sdltrs_peripheral_stubs.c.o)
                0x10018cbc                hrg_onoff
 .text.m6845_text
                0x10018cc0        0x4 libsdltrs_frontend_stubs.a(sdltrs_peripheral_stubs.c.o)
                0x10018cc0                m6845_text
 .text.eg3210_char
                0x10018cc4        0x4 libsdltrs_frontend_stubs.a(sdltrs_peripheral_stubs.c.o)
                0x10018cc4                eg3210_char
 .text.trs_cassette_update
                0x10018cc8        0x4 libsdltrs_frontend_stubs.a(sdltrs_peripheral_stubs.c.o)
                0x10018cc8                trs_cassette_update
 .text.trs_orch90_flush
                0x10018ccc        0x4 libsdltrs_frontend_stubs.a(sdltrs_peripheral_stubs.c.o)
                0x10018ccc                trs_orch90_flush
 .text.trs_orch90_out
                0x10018cd0        0x4 libsdltrs_frontend_stubs.a(sdltrs_peripheral_stubs.c.o)
                0x10018cd0                trs_orch90_out
 .text.assert_state_void
                0x10018cd4        0x4 libsdltrs_frontend_stubs.a(sdltrs_peripheral_stubs.c.o)
                0x10018cd4                assert_state_void
 .text.transition_out
                0x10018cd8        0x4 libsdltrs_frontend_stubs.a(sdltrs_peripheral_stubs.c.o)
                0x10018cd8                transition_out
 .text.trs_cassette_kickoff
                0x10018cdc        0x4 libsdltrs_frontend_stubs.a(sdltrs_peripheral_stubs.c.o)
                0x10018cdc                trs_cassette_kickoff
 .text.trs_uart_set_avail
                0x10018ce0        0x4 libsdltrs_frontend_stubs.a(sdltrs_peripheral_stubs.c.o)
                0x10018ce0                trs_uart_set_avail
 .text.trs_uart_set_empty
                0x10018ce4        0x4 libsdltrs_frontend_stubs.a(sdltrs_peripheral_stubs.c.o)
                0x10018ce4                trs_uart_set_empty
 .text.genie3s_char
                0x10018ce8        0x4 libsdltrs_frontend_stubs.a(sdltrs_peripheral_stubs.c.o)
                0x10018ce8                genie3s_char
 .text.genie3s_hrg
                0x10018cec        0x4 libsdltrs_frontend_stubs.a(sdltrs_peripheral_stubs.c.o)
                0x10018cec                genie3s_hrg
 .text.genie3s_hrg_write
                0x10018cf0        0x4 libsdltrs_frontend_stubs.a(sdltrs_peripheral_stubs.c.o)
                0x10018cf0                genie3s_hrg_write
 .text.genie3s_hrg_read
                0x10018cf4        0x4 libsdltrs_frontend_stubs.a(sdltrs_peripheral_stubs.c.o)
                0x10018cf4                genie3s_hrg_read
 .text.grafyx_write_x
                0x10018cf8        0x4 libsdltrs_frontend_stubs.a(sdltrs_peripheral_stubs.c.o)
                0x10018cf8                grafyx_write_x
 .text.grafyx_write_y
                0x10018cfc        0x4 libsdltrs_frontend_stubs.a(sdltrs_peripheral_stubs.c.o)
                0x10018cfc                grafyx_write_y
 .text.grafyx_write_data
                0x10018d00        0x4 libsdltrs_frontend_stubs.a(sdltrs_peripheral_stubs.c.o)
                0x10018d00                grafyx_write_data
 .text.grafyx_read_data
                0x10018d04        0x4 libsdltrs_frontend_stubs.a(sdltrs_peripheral_stubs.c.o)
                0x10018d04                grafyx_read_data
 .text.grafyx_read_mode
                0x10018d08        0x4 libsdltrs_frontend_stubs.a(sdltrs_peripheral_stubs.c.o)
                0x10018d08                grafyx_read_mode
 .text.grafyx_write_xoffset
                0x10018d0c        0x4 libsdltrs_frontend_stubs.a(sdltrs_peripheral_stubs.c.o)
                0x10018d0c                grafyx_write_xoffset
 .text.grafyx_write_yoffset
                0x10018d10        0x4 libsdltrs_frontend_stubs.a(sdltrs_peripheral_stubs.c.o)
                0x10018d10                grafyx_write_yoffset
 .text.grafyx_write_overlay
                0x10018d14        0x4 libsdltrs_frontend_stubs.a(sdltrs_peripheral_stubs.c.o)
                0x10018d14                grafyx_write_overlay
 .text.grafyx_m3_write_mode
                0x10018d18        0x4 libsdltrs_frontend_stubs.a(sdltrs_peripheral_stubs.c.o)
                0x10018d18                grafyx_m3_write_mode
 .text.hrg_write_data
                0x10018d1c        0x4 libsdltrs_frontend_stubs.a(sdltrs_peripheral_stubs.c.o)
                0x10018d1c                hrg_write_data
 .text.hrg_read_data
                0x10018d20        0x4 libsdltrs_frontend_stubs.a(sdltrs_peripheral_stubs.c.o)
                0x10018d20                hrg_read_data
 .text.lowe_le18_read
                0x10018d24        0x4 libsdltrs_frontend_stubs.a(sdltrs_peripheral_stubs.c.o)
                0x10018d24                lowe_le18_read
 .text.lowe_le18_write_data
                0x10018d28        0x4 libsdltrs_frontend_stubs.a(sdltrs_peripheral_stubs.c.o)
                0x10018d28                lowe_le18_write_data
 .text.lowe_le18_write_control
                0x10018d2c        0x4 libsdltrs_frontend_stubs.a(sdltrs_peripheral_stubs.c.o)
                0x10018d2c                lowe_le18_write_control
 .text.trs_keyboard_save
                0x10018d30        0x4 libsdltrs_frontend_stubs.a(sdltrs_peripheral_stubs.c.o)
                0x10018d30                trs_keyboard_save
 .text.trs_keyboard_load
                0x10018d34        0x4 libsdltrs_frontend_stubs.a(sdltrs_peripheral_stubs.c.o)
                0x10018d34                trs_keyboard_load
 .text.trs_main_save
                0x10018d38        0x4 libsdltrs_frontend_stubs.a(sdltrs_peripheral_stubs.c.o)
                0x10018d38                trs_main_save
 .text.trs_main_load
                0x10018d3c        0x4 libsdltrs_frontend_stubs.a(sdltrs_peripheral_stubs.c.o)
                0x10018d3c                trs_main_load
 .text.trs_cassette_save
                0x10018d40        0x4 libsdltrs_frontend_stubs.a(sdltrs_peripheral_stubs.c.o)
                0x10018d40                trs_cassette_save
 .text.trs_cassette_load
                0x10018d44        0x4 libsdltrs_frontend_stubs.a(sdltrs_peripheral_stubs.c.o)
                0x10018d44                trs_cassette_load
 .text.trs_hard_save
                0x10018d48        0x4 libsdltrs_frontend_stubs.a(sdltrs_peripheral_stubs.c.o)
                0x10018d48                trs_hard_save
 .text.trs_hard_load
                0x10018d4c        0x4 libsdltrs_frontend_stubs.a(sdltrs_peripheral_stubs.c.o)
                0x10018d4c                trs_hard_load
 .text.trs_stringy_save
                0x10018d50        0x4 libsdltrs_frontend_stubs.a(sdltrs_peripheral_stubs.c.o)
                0x10018d50                trs_stringy_save
 .text.trs_stringy_load
                0x10018d54        0x4 libsdltrs_frontend_stubs.a(sdltrs_peripheral_stubs.c.o)
                0x10018d54                trs_stringy_load
 .text.trs_uart_save
                0x10018d58        0x4 libsdltrs_frontend_stubs.a(sdltrs_peripheral_stubs.c.o)
                0x10018d58                trs_uart_save
 .text.trs_uart_load
                0x10018d5c        0x4 libsdltrs_frontend_stubs.a(sdltrs_peripheral_stubs.c.o)
                0x10018d5c                trs_uart_load
 .text.trs_imp_exp_save
                0x10018d60        0x4 libsdltrs_frontend_stubs.a(sdltrs_peripheral_stubs.c.o)
                0x10018d60                trs_imp_exp_save
 .text.trs_imp_exp_load
                0x10018d64        0x4 libsdltrs_frontend_stubs.a(sdltrs_peripheral_stubs.c.o)
                0x10018d64                trs_imp_exp_load
 .text.do_emt_system
                0x10018d68        0x4 libsdltrs_frontend_stubs.a(sdltrs_peripheral_stubs.c.o)
                0x10018d68                do_emt_system
 .text.do_emt_mouse
                0x10018d6c        0x4 libsdltrs_frontend_stubs.a(sdltrs_peripheral_stubs.c.o)
                0x10018d6c                do_emt_mouse
 .text.do_emt_getddir
                0x10018d70        0x4 libsdltrs_frontend_stubs.a(sdltrs_peripheral_stubs.c.o)
                0x10018d70                do_emt_getddir
 .text.do_emt_setddir
                0x10018d74        0x4 libsdltrs_frontend_stubs.a(sdltrs_peripheral_stubs.c.o)
                0x10018d74                do_emt_setddir
 .text.do_emt_open
                0x10018d78        0x8 libsdltrs_frontend_stubs.a(sdltrs_peripheral_stubs.c.o)
                0x10018d78                do_emt_open
 .text.do_emt_close
                0x10018d80        0x4 libsdltrs_frontend_stubs.a(sdltrs_peripheral_stubs.c.o)
                0x10018d80                do_emt_close
 .text.do_emt_read
                0x10018d84        0x8 libsdltrs_frontend_stubs.a(sdltrs_peripheral_stubs.c.o)
                0x10018d84                do_emt_read
 .text.do_emt_write
                0x10018d8c        0x8 libsdltrs_frontend_stubs.a(sdltrs_peripheral_stubs.c.o)
                0x10018d8c                do_emt_write
 .text.do_emt_lseek
                0x10018d94        0x8 libsdltrs_frontend_stubs.a(sdltrs_peripheral_stubs.c.o)
                0x10018d94                do_emt_lseek
 .text.do_emt_strerror
                0x10018d9c       0xb8 libsdltrs_frontend_stubs.a(sdltrs_peripheral_stubs.c.o)
                0x10018d9c                do_emt_strerror
 .text.do_emt_time
                0x10018e54       0xd4 libsdltrs_frontend_stubs.a(sdltrs_peripheral_stubs.c.o)
                0x10018e54                do_emt_time
 .text.do_emt_opendir
                0x10018f28        0x8 libsdltrs_frontend_stubs.a(sdltrs_peripheral_stubs.c.o)
                0x10018f28                do_emt_opendir
 .text.do_emt_closedir
                0x10018f30        0x4 libsdltrs_frontend_stubs.a(sdltrs_peripheral_stubs.c.o)
                0x10018f30                do_emt_closedir
 .text.do_emt_readdir
                0x10018f34        0x8 libsdltrs_frontend_stubs.a(sdltrs_peripheral_stubs.c.o)
                0x10018f34                do_emt_readdir
 .text.do_emt_chdir
                0x10018f3c        0x8 libsdltrs_frontend_stubs.a(sdltrs_peripheral_stubs.c.o)
                0x10018f3c                do_emt_chdir
 .text.do_emt_getcwd
                0x10018f44        0x8 libsdltrs_frontend_stubs.a(sdltrs_peripheral_stubs.c.o)
                0x10018f44                do_emt_getcwd
 .text.do_emt_misc
                0x10018f4c      0x15c libsdltrs_frontend_stubs.a(sdltrs_peripheral_stubs.c.o)
                0x10018f4c                do_emt_misc
 .text.do_emt_ftruncate
                0x100190a8        0x8 libsdltrs_frontend_stubs.a(sdltrs_peripheral_stubs.c.o)
                0x100190a8                do_emt_ftruncate
 .text.do_emt_opendisk
                0x100190b0        0x8 libsdltrs_frontend_stubs.a(sdltrs_peripheral_stubs.c.o)
                0x100190b0                do_emt_opendisk
 .text.do_emt_closedisk
                0x100190b8        0x4 libsdltrs_frontend_stubs.a(sdltrs_peripheral_stubs.c.o)
                0x100190b8                do_emt_closedisk
 .text.trs_hard_init
                0x100190bc        0x4 libsdltrs_frontend_stubs.a(sdltrs_peripheral_stubs.c.o)
                0x100190bc                trs_hard_init
 .text.trs_hard_attach
                0x100190c0        0x4 libsdltrs_frontend_stubs.a(sdltrs_peripheral_stubs.c.o)
                0x100190c0                trs_hard_attach
 .text.trs_hard_getfilename
                0x100190c4        0x8 libsdltrs_frontend_stubs.a(sdltrs_peripheral_stubs.c.o)
                0x100190c4                trs_hard_getfilename
 .text.trs_hard_out
                0x100190cc        0x4 libsdltrs_frontend_stubs.a(sdltrs_peripheral_stubs.c.o)
                0x100190cc                trs_hard_out
 .text.trs_hard_in
                0x100190d0        0x4 libsdltrs_frontend_stubs.a(sdltrs_peripheral_stubs.c.o)
                0x100190d0                trs_hard_in
 .text.stringy_init
                0x100190d4        0x4 libsdltrs_frontend_stubs.a(sdltrs_peripheral_stubs.c.o)
                0x100190d4                stringy_init
 .text.stringy_get_name
                0x100190d8        0x8 libsdltrs_frontend_stubs.a(sdltrs_peripheral_stubs.c.o)
                0x100190d8                stringy_get_name
 .text.stringy_insert
                0x100190e0        0x8 libsdltrs_frontend_stubs.a(sdltrs_peripheral_stubs.c.o)
                0x100190e0                stringy_insert
 .text.stringy_out
                0x100190e8        0x4 libsdltrs_frontend_stubs.a(sdltrs_peripheral_stubs.c.o)
                0x100190e8                stringy_out
 .text.stringy_in
                0x100190ec        0x4 libsdltrs_frontend_stubs.a(sdltrs_peripheral_stubs.c.o)
                0x100190ec                stringy_in
 .text.trs_uart_reset_out
                0x100190f0        0x4 libsdltrs_frontend_stubs.a(sdltrs_peripheral_stubs.c.o)
                0x100190f0                trs_uart_reset_out
 .text.trs_uart_baud_out
                0x100190f4        0x4 libsdltrs_frontend_stubs.a(sdltrs_peripheral_stubs.c.o)
                0x100190f4                trs_uart_baud_out
 .text.trs_uart_control_out
                0x100190f8        0x4 libsdltrs_frontend_stubs.a(sdltrs_peripheral_stubs.c.o)
                0x100190f8                trs_uart_control_out
 .text.trs_uart_data_out
                0x100190fc        0x4 libsdltrs_frontend_stubs.a(sdltrs_peripheral_stubs.c.o)
                0x100190fc                trs_uart_data_out
 .text.trs_uart_modem_in
                0x10019100        0x4 libsdltrs_frontend_stubs.a(sdltrs_peripheral_stubs.c.o)
                0x10019100                trs_uart_modem_in
 .text.trs_uart_switches_in
                0x10019104        0x4 libsdltrs_frontend_stubs.a(sdltrs_peripheral_stubs.c.o)
                0x10019104                trs_uart_switches_in
 .text.trs_uart_status_in
                0x10019108        0x4 libsdltrs_frontend_stubs.a(sdltrs_peripheral_stubs.c.o)
                0x10019108                trs_uart_status_in
 .text.trs_uart_data_in
                0x1001910c        0x4 libsdltrs_frontend_stubs.a(sdltrs_peripheral_stubs.c.o)
                0x1001910c                trs_uart_data_in
 .text.platform_init
                0x10019110       0x7c libsdltrs_frontend_stubs.a(platform_picocalc.c.o)
                0x10019110                platform_init
 .text.platform_poll_key
                0x1001918c      0x114 libsdltrs_frontend_stubs.a(platform_picocalc.c.o)
                0x1001918c                platform_poll_key
 .text.platform_screen_configure
                0x100192a0       0xd8 libsdltrs_frontend_stubs.a(platform_picocalc.c.o)
                0x100192a0                platform_screen_configure
 .text.platform_screen_write_cell
                0x10019378      0x294 libsdltrs_frontend_stubs.a(platform_picocalc.c.o)
                0x10019378                platform_screen_write_cell
 .text.platform_screen_flush
                0x1001960c        0x4 libsdltrs_frontend_stubs.a(platform_picocalc.c.o)
                0x1001960c                platform_screen_flush
 .text.platform_status_clear
                0x10019610       0x48 libsdltrs_frontend_stubs.a(platform_picocalc.c.o)
                0x10019610                platform_status_clear
 .text.platform_status_puts
                0x10019658       0x94 libsdltrs_frontend_stubs.a(platform_picocalc.c.o)
                0x10019658                platform_status_puts
 .text.platform_set_disk_led
                0x100196ec        0x4 libsdltrs_frontend_stubs.a(platform_picocalc.c.o)
                0x100196ec                platform_set_disk_led
 .text.platform_set_hard_led
                0x100196f0        0x4 libsdltrs_frontend_stubs.a(platform_picocalc.c.o)
                0x100196f0                platform_set_hard_led
 .text.platform_set_turbo_led
                0x100196f4        0x4 libsdltrs_frontend_stubs.a(platform_picocalc.c.o)
                0x100196f4                platform_set_turbo_led
 .text.platform_file_exists
                0x100196f8       0x54 libsdltrs_frontend_stubs.a(platform_picocalc.c.o)
                0x100196f8                platform_file_exists
 .text.platform_last_file_error_code
                0x1001974c        0xc libsdltrs_frontend_stubs.a(platform_picocalc.c.o)
                0x1001974c                platform_last_file_error_code
 .text.platform_last_file_error
                0x10019758        0xc libsdltrs_frontend_stubs.a(platform_picocalc.c.o)
                0x10019758                platform_last_file_error
 .text.platform_sd_detect_state
                0x10019764        0xc libsdltrs_frontend_stubs.a(platform_picocalc.c.o)
                0x10019764                platform_sd_detect_state
 .text.platform_sd_card_present
                0x10019770        0x4 libsdltrs_frontend_stubs.a(platform_picocalc.c.o)
                0x10019770                platform_sd_card_present
 .text.time     0x10019774       0xe4 libsdltrs_frontend_stubs.a(platform_time_picocalc.c.o)
                0x10019774                time
 .text.filename_to_shortname
                0x10019858      0x12c libsdltrs_frontend_stubs.a(fat32.c.o)
 .text.on_sd_card_detect
                0x10019984       0x4c libsdltrs_frontend_stubs.a(fat32.c.o)
 .text.fat32_close.part.0
                0x100199d0       0x14 libsdltrs_frontend_stubs.a(fat32.c.o)
 .text.release_cluster_chain
                0x100199e4       0xf8 libsdltrs_frontend_stubs.a(fat32.c.o)
 .text.fat32_dir_read.part.0
                0x10019adc      0x560 libsdltrs_frontend_stubs.a(fat32.c.o)
 .text.allocate_and_link_cluster.constprop.0
                0x1001a03c      0x148 libsdltrs_frontend_stubs.a(fat32.c.o)
 .text.fat32_mount
                0x1001a184      0x224 libsdltrs_frontend_stubs.a(fat32.c.o)
                0x1001a184                fat32_mount
 .text.shortname_exists.constprop.0
                0x1001a3a8       0xc0 libsdltrs_frontend_stubs.a(fat32.c.o)
 .text.find_entry
                0x1001a468      0x21c libsdltrs_frontend_stubs.a(fat32.c.o)
 .text.fat32_open.part.0
                0x1001a684       0x68 libsdltrs_frontend_stubs.a(fat32.c.o)
 .text.link_entry.part.0
                0x1001a6ec      0xf2c libsdltrs_frontend_stubs.a(fat32.c.o)
 .text.new_entry
                0x1001b618       0xe4 libsdltrs_frontend_stubs.a(fat32.c.o)
 .text.delete_entry
                0x1001b6fc      0x1f8 libsdltrs_frontend_stubs.a(fat32.c.o)
 .text.fat32_open
                0x1001b8f4       0x94 libsdltrs_frontend_stubs.a(fat32.c.o)
                0x1001b8f4                fat32_open
 .text.fat32_create
                0x1001b988        0x8 libsdltrs_frontend_stubs.a(fat32.c.o)
                0x1001b988                fat32_create
 .text.fat32_close
                0x1001b990       0x20 libsdltrs_frontend_stubs.a(fat32.c.o)
                0x1001b990                fat32_close
 .text.fat32_read
                0x1001b9b0      0x234 libsdltrs_frontend_stubs.a(fat32.c.o)
                0x1001b9b0                fat32_read
 .text.fat32_write
                0x1001bbe4      0x608 libsdltrs_frontend_stubs.a(fat32.c.o)
                0x1001bbe4                fat32_write
 .text.fat32_seek
                0x1001c1ec       0x14 libsdltrs_frontend_stubs.a(fat32.c.o)
                0x1001c1ec                fat32_seek
 .text.fat32_tell
                0x1001c200        0x8 libsdltrs_frontend_stubs.a(fat32.c.o)
                0x1001c200                fat32_tell
 .text.fat32_size
                0x1001c208        0x8 libsdltrs_frontend_stubs.a(fat32.c.o)
                0x1001c208                fat32_size
 .text.fat32_delete
                0x1001c210       0x78 libsdltrs_frontend_stubs.a(fat32.c.o)
                0x1001c210                fat32_delete
 .text.fat32_error_string
                0x1001c288       0x18 libsdltrs_frontend_stubs.a(fat32.c.o)
                0x1001c288                fat32_error_string
 .text.fat32_init
                0x1001c2a0       0x74 libsdltrs_frontend_stubs.a(fat32.c.o)
                0x1001c2a0                fat32_init
 .text.on_keyboard_timer
                0x1001c314      0x190 libsdltrs_frontend_stubs.a(keyboard.c.o)
 .text.keyboard_key_available
                0x1001c4a4       0x1c libsdltrs_frontend_stubs.a(keyboard.c.o)
                0x1001c4a4                keyboard_key_available
 .text.keyboard_get_key
                0x1001c4c0       0x30 libsdltrs_frontend_stubs.a(keyboard.c.o)
                0x1001c4c0                keyboard_get_key
 .text.keyboard_set_key_available_callback
                0x1001c4f0        0xc libsdltrs_frontend_stubs.a(keyboard.c.o)
                0x1001c4f0                keyboard_set_key_available_callback
 .text.keyboard_set_background_poll
                0x1001c4fc       0x38 libsdltrs_frontend_stubs.a(keyboard.c.o)
                0x1001c4fc                keyboard_set_background_poll
 .text.keyboard_init
                0x1001c534       0x18 libsdltrs_frontend_stubs.a(keyboard.c.o)
                0x1001c534                keyboard_init
 .text.lcd_write_data.constprop.0
                0x1001c54c       0x54 libsdltrs_frontend_stubs.a(lcd.c.o)
 .text.lcd_write_data.constprop.1
                0x1001c5a0       0x40 libsdltrs_frontend_stubs.a(lcd.c.o)
 .text.lcd_write_data.constprop.2
                0x1001c5e0       0x5c libsdltrs_frontend_stubs.a(lcd.c.o)
 .text.lcd_write_data.constprop.3
                0x1001c63c       0x54 libsdltrs_frontend_stubs.a(lcd.c.o)
 .text.lcd_set_window
                0x1001c690       0xac libsdltrs_frontend_stubs.a(lcd.c.o)
 .text.lcd_blit.constprop.0
                0x1001c73c      0x100 libsdltrs_frontend_stubs.a(lcd.c.o)
 .text.on_cursor_timer
                0x1001c83c       0xe4 libsdltrs_frontend_stubs.a(lcd.c.o)
                0x1001c83c                on_cursor_timer
 .text.lcd_set_reverse
                0x1001c920       0x38 libsdltrs_frontend_stubs.a(lcd.c.o)
                0x1001c920                lcd_set_reverse
 .text.lcd_set_underscore
                0x1001c958        0xc libsdltrs_frontend_stubs.a(lcd.c.o)
                0x1001c958                lcd_set_underscore
 .text.lcd_set_bold
                0x1001c964        0xc libsdltrs_frontend_stubs.a(lcd.c.o)
                0x1001c964                lcd_set_bold
 .text.lcd_set_font
                0x1001c970        0xc libsdltrs_frontend_stubs.a(lcd.c.o)
                0x1001c970                lcd_set_font
 .text.lcd_get_columns
                0x1001c97c       0x18 libsdltrs_frontend_stubs.a(lcd.c.o)
                0x1001c97c                lcd_get_columns
 .text.lcd_set_foreground
                0x1001c994       0x20 libsdltrs_frontend_stubs.a(lcd.c.o)
                0x1001c994                lcd_set_foreground
 .text.lcd_set_background
                0x1001c9b4       0x20 libsdltrs_frontend_stubs.a(lcd.c.o)
                0x1001c9b4                lcd_set_background
 .text.lcd_blit
                0x1001c9d4      0x108 libsdltrs_frontend_stubs.a(lcd.c.o)
                0x1001c9d4                lcd_blit
 .text.lcd_solid_rectangle
                0x1001cadc      0x288 libsdltrs_frontend_stubs.a(lcd.c.o)
                0x1001cadc                lcd_solid_rectangle
 .text.lcd_define_scrolling
                0x1001cd64      0x100 libsdltrs_frontend_stubs.a(lcd.c.o)
                0x1001cd64                lcd_define_scrolling
 .text.lcd_scroll_reset
                0x1001ce64       0x64 libsdltrs_frontend_stubs.a(lcd.c.o)
                0x1001ce64                lcd_scroll_reset
 .text.lcd_scroll_up
                0x1001cec8       0xc4 libsdltrs_frontend_stubs.a(lcd.c.o)
                0x1001cec8                lcd_scroll_up
 .text.lcd_scroll_down
                0x1001cf8c       0xc8 libsdltrs_frontend_stubs.a(lcd.c.o)
                0x1001cf8c                lcd_scroll_down
 .text.lcd_clear_screen
                0x1001d054      0x274 libsdltrs_frontend_stubs.a(lcd.c.o)
                0x1001d054                lcd_clear_screen
 .text.lcd_erase_line
                0x1001d2c8      0x2bc libsdltrs_frontend_stubs.a(lcd.c.o)
                0x1001d2c8                lcd_erase_line
 .text.lcd_putc
                0x1001d584      0x3b4 libsdltrs_frontend_stubs.a(lcd.c.o)
                0x1001d584                lcd_putc
 .text.lcd_enable_cursor
                0x1001d938        0xc libsdltrs_frontend_stubs.a(lcd.c.o)
                0x1001d938                lcd_enable_cursor
 .text.lcd_move_cursor
                0x1001d944       0x40 libsdltrs_frontend_stubs.a(lcd.c.o)
                0x1001d944                lcd_move_cursor
 .text.lcd_draw_cursor
                0x1001d984       0x84 libsdltrs_frontend_stubs.a(lcd.c.o)
                0x1001d984                lcd_draw_cursor
 .text.lcd_erase_cursor
                0x1001da08       0x84 libsdltrs_frontend_stubs.a(lcd.c.o)
                0x1001da08                lcd_erase_cursor
 .text.lcd_init
                0x1001da8c      0x2bc libsdltrs_frontend_stubs.a(lcd.c.o)
                0x1001da8c                lcd_init
 .text.picocalc_out_flush
                0x1001dd48        0x4 libsdltrs_frontend_stubs.a(picocalc.c.o)
 .text.picocalc_set_chars_available_callback
                0x1001dd4c       0x14 libsdltrs_frontend_stubs.a(picocalc.c.o)
 .text.picocalc_chars_available_notify
                0x1001dd60       0x18 libsdltrs_frontend_stubs.a(picocalc.c.o)
                0x1001dd60                picocalc_chars_available_notify
 .text.picocalc_in_chars
                0x1001dd78       0x20 libsdltrs_frontend_stubs.a(picocalc.c.o)
 .text.picocalc_out_chars
                0x1001dd98       0x1c libsdltrs_frontend_stubs.a(picocalc.c.o)
 .text.picocalc_init
                0x1001ddb4       0x40 libsdltrs_frontend_stubs.a(picocalc.c.o)
                0x1001ddb4                picocalc_init
 .text.picocalc_disk_set_errno_from_fat32
                0x1001ddf4       0x74 libsdltrs_frontend_stubs.a(platform_disk_stdio.c.o)
 .text.picocalc_disk_cookie_seek
                0x1001de68       0x58 libsdltrs_frontend_stubs.a(platform_disk_stdio.c.o)
 .text.picocalc_disk_cookie_write
                0x1001dec0       0x68 libsdltrs_frontend_stubs.a(platform_disk_stdio.c.o)
 .text.picocalc_disk_cookie_read
                0x1001df28       0x30 libsdltrs_frontend_stubs.a(platform_disk_stdio.c.o)
 .text.picocalc_disk_cookie_close
                0x1001df58       0x24 libsdltrs_frontend_stubs.a(platform_disk_stdio.c.o)
 .text.picocalc_disk_fopen
                0x1001df7c      0x1a8 libsdltrs_frontend_stubs.a(platform_disk_stdio.c.o)
                0x1001df7c                picocalc_disk_fopen
 .text.picocalc_disk_stat
                0x1001e124       0x74 libsdltrs_frontend_stubs.a(platform_disk_stdio.c.o)
                0x1001e124                picocalc_disk_stat
 .text.ftruncate
                0x1001e198       0x14 libsdltrs_frontend_stubs.a(platform_disk_stdio.c.o)
                0x1001e198                ftruncate
 .text.sd_card_present
                0x1001e1ac       0x10 libsdltrs_frontend_stubs.a(sdcard.c.o)
                0x1001e1ac                sd_card_present
 .text.sd_read_block
                0x1001e1bc      0x13c libsdltrs_frontend_stubs.a(sdcard.c.o)
                0x1001e1bc                sd_read_block
 .text.sd_write_block
                0x1001e2f8      0x178 libsdltrs_frontend_stubs.a(sdcard.c.o)
                0x1001e2f8                sd_write_block
 .text.sd_card_init
                0x1001e470      0x3fc libsdltrs_frontend_stubs.a(sdcard.c.o)
                0x1001e470                sd_card_init
 .text.sd_init  0x1001e86c       0x60 libsdltrs_frontend_stubs.a(sdcard.c.o)
                0x1001e86c                sd_init
 .text.sb_available
                0x1001e8cc       0x14 libsdltrs_frontend_stubs.a(southbridge.c.o)
                0x1001e8cc                sb_available
 .text.sb_read_keyboard
                0x1001e8e0       0xb4 libsdltrs_frontend_stubs.a(southbridge.c.o)
                0x1001e8e0                sb_read_keyboard
 .text.sb_init  0x1001e994       0x48 libsdltrs_frontend_stubs.a(southbridge.c.o)
                0x1001e994                sb_init
 .text.platform_fopen
                0x1001e9dc       0x44 libsdltrs_frontend_stubs.a(platform_file_picocalc.c.o)
                0x1001e9dc                platform_fopen
 .text.platform_getc
                0x1001ea20       0x30 libsdltrs_frontend_stubs.a(platform_file_picocalc.c.o)
                0x1001ea20                platform_getc
 .text.platform_fgets
                0x1001ea50       0x68 libsdltrs_frontend_stubs.a(platform_file_picocalc.c.o)
                0x1001ea50                platform_fgets
 .text.platform_rewind
                0x1001eab8        0xc libsdltrs_frontend_stubs.a(platform_file_picocalc.c.o)
                0x1001eab8                platform_rewind
 .text.platform_fclose
                0x1001eac4       0x1c libsdltrs_frontend_stubs.a(platform_file_picocalc.c.o)
                0x1001eac4                platform_fclose
 .text.audio_init
                0x1001eae0       0xd4 libsdltrs_frontend_stubs.a(audio.c.o)
                0x1001eae0                audio_init
 .text.display_emit
                0x1001ebb4      0xec0 libsdltrs_frontend_stubs.a(display.c.o)
                0x1001ebb4                display_emit
 .text.display_init
                0x1001fa74       0x28 libsdltrs_frontend_stubs.a(display.c.o)
                0x1001fa74                display_init
 .text          0x1001fa9c       0x64 /usr/lib/gcc/arm-none-eabi/13.2.1/../../../arm-none-eabi/lib/thumb/v8-m.main+fp/softfp/libg.a(libc_a-strncpy.o)
                0x1001fa9c                strncpy
 .text          0x1001fb00      0x1f4 /usr/lib/gcc/arm-none-eabi/13.2.1/../../../arm-none-eabi/lib/thumb/v8-m.main+fp/softfp/libg.a(libc_a-fopencookie.o)
                0x1001fc04                _fopencookie_r
                0x1001fcbc                fopencookie
 .text          0x1001fcf4       0x2c /usr/lib/gcc/arm-none-eabi/13.2.1/../../../arm-none-eabi/lib/thumb/v8-m.main+fp/softfp/libg.a(libc_a-getenv.o)
                0x1001fcf4                _findenv
                0x1001fd04                getenv
 .text          0x1001fd20       0xa4 /usr/lib/gcc/arm-none-eabi/13.2.1/../../../arm-none-eabi/lib/thumb/v8-m.main+fp/softfp/libg.a(libc_a-memset.o)
                0x1001fd20                memset
 .text          0x1001fdc4      0x174 /usr/lib/gcc/arm-none-eabi/13.2.1/../../../arm-none-eabi/lib/thumb/v8-m.main+fp/softfp/libg.a(libc_a-fread.o)
                0x1001fdc4                _fread_r
                0x1001ff18                fread
 .text          0x1001ff38       0x74 /usr/lib/gcc/arm-none-eabi/13.2.1/../../../arm-none-eabi/lib/thumb/v8-m.main+fp/softfp/libg.a(libc_a-getc.o)
                0x1001ff38                _getc_r
                0x1001ff70                getc
 .text          0x1001ffac      0x628 /usr/lib/gcc/arm-none-eabi/13.2.1/../../../arm-none-eabi/lib/thumb/v8-m.main+fp/softfp/libg.a(libc_a-qsort.o)
                0x1001ffac                qsort
 .text          0x100205d4       0x34 /usr/lib/gcc/arm-none-eabi/13.2.1/../../../arm-none-eabi/lib/thumb/v8-m.main+fp/softfp/libg.a(libc_a-fileno.o)
                0x100205d4                fileno
 .text          0x10020608     0x1550 /usr/lib/gcc/arm-none-eabi/13.2.1/../../../arm-none-eabi/lib/thumb/v8-m.main+fp/softfp/libg.a(libc_a-vfprintf.o)
                0x10020608                _vfprintf_r
                0x10021ad4                vfprintf
 .text          0x10021b58       0x10 /usr/lib/gcc/arm-none-eabi/13.2.1/../../../arm-none-eabi/lib/thumb/v8-m.main+fp/softfp/libg.a(libc_a-lcltime.o)
                0x10021b58                localtime
 .text          0x10021b68       0xb0 /usr/lib/gcc/arm-none-eabi/13.2.1/../../../arm-none-eabi/lib/thumb/v8-m.main+fp/softfp/libg.a(libc_a-sscanf.o)
                0x10021b68                sscanf
                0x10021bc0                _sscanf_r
 .text          0x10021c18       0xd0 /usr/lib/gcc/arm-none-eabi/13.2.1/../../../arm-none-eabi/lib/thumb/v8-m.main+fp/softfp/libg.a(libc_a-strchr.o)
                0x10021c18                strchr
 .text          0x10021ce8       0x38 /usr/lib/gcc/arm-none-eabi/13.2.1/../../../arm-none-eabi/lib/thumb/v8-m.main+fp/softfp/libg.a(libc_a-rewind.o)
                0x10021ce8                _rewind_r
                0x10021d00                rewind
 .text          0x10021d20      0x1ac /usr/lib/gcc/arm-none-eabi/13.2.1/../../../arm-none-eabi/lib/thumb/v8-m.main+fp/softfp/libg.a(libc_a-fflush.o)
                0x10021d20                __sflush_r
                0x10021e58                _fflush_r
                0x10021e84                fflush
 .text          0x10021ecc      0x158 /usr/lib/gcc/arm-none-eabi/13.2.1/../../../arm-none-eabi/lib/thumb/v8-m.main+fp/softfp/libg.a(libc_a-setvbuf.o)
                0x10021ecc                setvbuf
 .text          0x10022024       0x80 /usr/lib/gcc/arm-none-eabi/13.2.1/../../../arm-none-eabi/lib/thumb/v8-m.main+fp/softfp/libg.a(libc_a-strncmp.o)
                0x10022024                strncmp
 .text          0x100220a4       0x10 /usr/lib/gcc/arm-none-eabi/13.2.1/../../../arm-none-eabi/lib/thumb/v8-m.main+fp/softfp/libg.a(libc_a-calloc.o)
                0x100220a4                calloc
 .text          0x100220b4        0xc /usr/lib/gcc/arm-none-eabi/13.2.1/../../../arm-none-eabi/lib/thumb/v8-m.main+fp/softfp/libg.a(libc_a-errno.o)
                0x100220b4                __errno
 .text          0x100220c0       0xc4 /usr/lib/gcc/arm-none-eabi/13.2.1/../../../arm-none-eabi/lib/thumb/v8-m.main+fp/softfp/libg.a(libc_a-fgets.o)
                0x100220c0                _fgets_r
                0x1002216c                fgets
 .text          0x10022184       0x10 /usr/lib/gcc/arm-none-eabi/13.2.1/../../../arm-none-eabi/lib/thumb/v8-m.main+fp/softfp/libg.a(libc_a-gmtime.o)
                0x10022184                gmtime
 .text          0x10022194       0x4c /usr/lib/gcc/arm-none-eabi/13.2.1/../../../arm-none-eabi/lib/thumb/v8-m.main+fp/softfp/libg.a(libc_a-strcasecmp.o)
                0x10022194                strcasecmp
 .text          0x100221e0       0x70 /usr/lib/gcc/arm-none-eabi/13.2.1/../../../arm-none-eabi/lib/thumb/v8-m.main+fp/softfp/libg.a(libc_a-callocr.o)
                0x100221e0                _calloc_r
 .text          0x10022250       0x6c /usr/lib/gcc/arm-none-eabi/13.2.1/../../../arm-none-eabi/lib/thumb/v8-m.main+fp/softfp/libg.a(libc_a-fputc.o)
                0x10022250                _fputc_r
                0x10022280                fputc
 .text          0x100222bc       0x80 /usr/lib/gcc/arm-none-eabi/13.2.1/../../../arm-none-eabi/lib/thumb/v8-m.main+fp/softfp/libg.a(libc_a-flags.o)
                0x100222bc                __sflags
 .text          0x1002233c       0xa4 /usr/lib/gcc/arm-none-eabi/13.2.1/../../../arm-none-eabi/lib/thumb/v8-m.main+fp/softfp/libg.a(libc_a-rget.o)
                0x1002233c                __srget_r
                0x10022388                __srget
 .text          0x100223e0      0x548 /usr/lib/gcc/arm-none-eabi/13.2.1/../../../arm-none-eabi/lib/thumb/v8-m.main+fp/softfp/libg.a(libc_a-mallocr.o)
                0x100223e0                _malloc_r
 .text          0x10022928     0x1018 /usr/lib/gcc/arm-none-eabi/13.2.1/../../../arm-none-eabi/lib/thumb/v8-m.main+fp/softfp/libg.a(libc_a-dtoa.o)
                0x10022a60                _dtoa_r
 .text          0x10023940       0xc4 /usr/lib/gcc/arm-none-eabi/13.2.1/../../../arm-none-eabi/lib/thumb/v8-m.main+fp/softfp/libg.a(libc_a-wsetup.o)
                0x10023940                __swsetup_r
 .text          0x10023a04      0x2b0 /usr/lib/gcc/arm-none-eabi/13.2.1/../../../arm-none-eabi/lib/thumb/v8-m.main+fp/softfp/libg.a(libc_a-freer.o)
                0x10023a04                _malloc_trim_r
                0x10023abc                _free_r
 .text          0x10023cb4       0x6c /usr/lib/gcc/arm-none-eabi/13.2.1/../../../arm-none-eabi/lib/thumb/v8-m.main+fp/softfp/libg.a(libc_a-strtok_r.o)
                0x10023cb4                __strtok_r
                0x10023d18                strtok_r
 .text          0x10023d20     0x1100 /usr/lib/gcc/arm-none-eabi/13.2.1/../../../arm-none-eabi/lib/thumb/v8-m.main+fp/softfp/libg.a(libc_a-svfscanf.o)
                0x10023d20                __ssvfscanf_r
 .text          0x10024e20       0x1c /usr/lib/gcc/arm-none-eabi/13.2.1/../../../arm-none-eabi/lib/thumb/v8-m.main+fp/softfp/libg.a(libc_a-fseek.o)
                0x10024e20                _fseek_r
                0x10024e24                fseek
 .text          0x10024e3c       0x5c /usr/lib/gcc/arm-none-eabi/13.2.1/../../../arm-none-eabi/lib/thumb/v8-m.main+fp/softfp/libg.a(libc_a-memcmp.o)
                0x10024e3c                memcmp
 .text          0x10024e98      0x17c /usr/lib/gcc/arm-none-eabi/13.2.1/../../../arm-none-eabi/lib/thumb/v8-m.main+fp/softfp/libg.a(libc_a-strtol.o)
                0x10024fa4                _strtol_r
                0x10024fbc                strtol_l
                0x10024fe8                strtol
 .text          0x10025014       0x90 /usr/lib/gcc/arm-none-eabi/13.2.1/../../../arm-none-eabi/lib/thumb/v8-m.main+fp/softfp/libg.a(libc_a-fclose.o)
                0x10025014                _fclose_r
                0x10025094                fclose
 .text          0x100250a4       0x2c /usr/lib/gcc/arm-none-eabi/13.2.1/../../../arm-none-eabi/lib/thumb/v8-m.main+fp/softfp/libg.a(libc_a-strrchr.o)
                0x100250a4                strrchr
 .text          0x100250d0      0x2c0 /usr/lib/gcc/arm-none-eabi/13.2.1/../../../arm-none-eabi/lib/thumb/v8-m.main+fp/softfp/libg.a(libc_a-fseeko.o)
                0x100250d0                _fseeko_r
                0x10025378                fseeko
 .text          0x10025390       0x20 /usr/lib/gcc/arm-none-eabi/13.2.1/../../../arm-none-eabi/lib/thumb/v8-m.main+fp/softfp/libg.a(libc_a-malloc.o)
                0x10025390                malloc
                0x100253a0                free
 .text          0x100253b0       0xec /usr/lib/gcc/arm-none-eabi/13.2.1/../../../arm-none-eabi/lib/thumb/v8-m.main+fp/softfp/libg.a(libc_a-memcpy.o)
                0x100253b0                memcpy
 .text          0x1002549c       0xa4 /usr/lib/gcc/arm-none-eabi/13.2.1/../../../arm-none-eabi/lib/thumb/v8-m.main+fp/softfp/libg.a(libc_a-putc.o)
                0x1002549c                _putc_r
                0x100254e8                putc
 .text          0x10025540       0x1c /usr/lib/gcc/arm-none-eabi/13.2.1/../../../arm-none-eabi/lib/thumb/v8-m.main+fp/softfp/libg.a(libc_a-sysconf.o)
                0x10025540                sysconf
 .text          0x1002555c       0x98 /usr/lib/gcc/arm-none-eabi/13.2.1/../../../arm-none-eabi/lib/thumb/v8-m.main+fp/softfp/libg.a(libc_a-stdio.o)
                0x1002555c                __sread
                0x10025580                __seofread
                0x10025584                __swrite
                0x100255c4                __sseek
                0x100255ec                __sclose
 .text          0x100255f4       0x44 /usr/lib/gcc/arm-none-eabi/13.2.1/../../../arm-none-eabi/lib/thumb/v8-m.main+fp/softfp/libg.a(libc_a-fprintf.o)
                0x100255f4                _fprintf_r
                0x10025610                fprintf
 .text          0x10025638        0x8 /usr/lib/gcc/arm-none-eabi/13.2.1/../../../arm-none-eabi/lib/thumb/v8-m.main+fp/softfp/libg.a(libc_a-iswspace.o)
                0x10025638                iswspace
 .text          0x10025640       0x90 /usr/lib/gcc/arm-none-eabi/13.2.1/../../../arm-none-eabi/lib/thumb/v8-m.main+fp/softfp/libg.a(libc_a-mbrtowc.o)
                0x10025640                _mbrtowc_r
                0x10025680                mbrtowc
 .text          0x100256d0      0x114 /usr/lib/gcc/arm-none-eabi/13.2.1/../../../arm-none-eabi/lib/thumb/v8-m.main+fp/softfp/libg.a(libc_a-refill.o)
                0x100256ec                __srefill_r
 .text          0x100257e4      0x1bc /usr/lib/gcc/arm-none-eabi/13.2.1/../../../arm-none-eabi/lib/thumb/v8-m.main+fp/softfp/libg.a(libc_a-gmtime_r.o)
                0x100257e4                gmtime_r
 .text          0x100259a0       0x90 /usr/lib/gcc/arm-none-eabi/13.2.1/../../../arm-none-eabi/lib/thumb/v8-m.main+fp/softfp/libg.a(libc_a-getenv_r.o)
                0x100259a0                _findenv_r
                0x10025a20                _getenv_r
 .text          0x10025a30       0xbc /usr/lib/gcc/arm-none-eabi/13.2.1/../../../arm-none-eabi/lib/thumb/v8-m.main+fp/softfp/libg.a(libc_a-wbuf.o)
                0x10025a30                __swbuf_r
                0x10025adc                __swbuf
 .text          0x10025aec      0x370 /usr/lib/gcc/arm-none-eabi/13.2.1/../../../arm-none-eabi/lib/thumb/v8-m.main+fp/softfp/libg.a(libc_a-reallocr.o)
                0x10025aec                _realloc_r
 .text          0x10025e5c       0x2c /usr/lib/gcc/arm-none-eabi/13.2.1/../../../arm-none-eabi/lib/thumb/v8-m.main+fp/softfp/libg.a(libc_a-writer.o)
                0x10025e5c                _write_r
 .text          0x10025e88      0x568 /usr/lib/gcc/arm-none-eabi/13.2.1/../../../arm-none-eabi/lib/thumb/v8-m.main+fp/softfp/libg.a(libc_a-mktime.o)
                0x10026060                mktime
 .text          0x100263f0      0x3f4 /usr/lib/gcc/arm-none-eabi/13.2.1/../../../arm-none-eabi/lib/thumb/v8-m.main+fp/softfp/libg.a(libc_a-strerror.o)
                0x100263f0                _strerror_r
                0x100267bc                strerror
                0x100267d0                strerror_l
 .text          0x100267e4       0x2c /usr/lib/gcc/arm-none-eabi/13.2.1/../../../arm-none-eabi/lib/thumb/v8-m.main+fp/softfp/libg.a(libc_a-fstatr.o)
                0x100267e4                _fstat_r
 .text          0x10026810       0xf8 /usr/lib/gcc/arm-none-eabi/13.2.1/../../../arm-none-eabi/lib/thumb/v8-m.main+fp/softfp/libg.a(libc_a-fwrite.o)
                0x10026810                _fwrite_r
                0x10026888                fwrite
 .text          0x10026908        0x8 /usr/lib/gcc/arm-none-eabi/13.2.1/../../../arm-none-eabi/lib/thumb/v8-m.main+fp/softfp/libg.a(libc_a-mlock.o)
                0x10026908                __malloc_lock
                0x1002690c                __malloc_unlock
 .text          0x10026910      0x224 /usr/lib/gcc/arm-none-eabi/13.2.1/../../../arm-none-eabi/lib/thumb/v8-m.main+fp/softfp/libg.a(libc_a-findfp.o)
                0x10026a40                __sfp
                0x10026ae4                __sinit
                0x10026b04                __sfp_lock_acquire
                0x10026b08                __sfp_lock_release
                0x10026b0c                __fp_lock_all
                0x10026b20                __fp_unlock_all
 .text          0x10026b34        0x8 /usr/lib/gcc/arm-none-eabi/13.2.1/../../../arm-none-eabi/lib/thumb/v8-m.main+fp/softfp/libg.a(libc_a-tzlock.o)
                0x10026b34                __tz_lock
                0x10026b38                __tz_unlock
 .text          0x10026b3c      0x300 /usr/lib/gcc/arm-none-eabi/13.2.1/../../../arm-none-eabi/lib/thumb/v8-m.main+fp/softfp/libg.a(libc_a-fvwrite.o)
                0x10026b3c                __sfvwrite_r
 .text          0x10026e3c        0xc /usr/lib/gcc/arm-none-eabi/13.2.1/../../../arm-none-eabi/lib/thumb/v8-m.main+fp/softfp/libg.a(libc_a-atexit.o)
                0x10026e3c                atexit
 .text          0x10026e48      0x244 /usr/lib/gcc/arm-none-eabi/13.2.1/../../../arm-none-eabi/lib/thumb/v8-m.main+fp/softfp/libg.a(libc_a-lcltime_r.o)
                0x10026e48                localtime_r
 .text          0x1002708c       0x3c /usr/lib/gcc/arm-none-eabi/13.2.1/../../../arm-none-eabi/lib/thumb/v8-m.main+fp/softfp/libg.a(libc_a-strcspn.o)
                0x1002708c                strcspn