Archive member included to satisfy reference by file (symbol)

libsdltrs_core.a(trs_memory_embedded.c.o)
                              CMakeFiles/picocalc_trs_scaffold.dir/main.c.o (trs_reset)
libsdltrs_core.a(error.c.o)   libsdltrs_core.a(trs_memory_embedded.c.o) (error)
libsdltrs_core.a(trs_clones.c.o)
                              libsdltrs_core.a(trs_memory_embedded.c.o) (trs_clones_model)
libsdltrs_core.a(trs_cmd_rom.c.o)
                              libsdltrs_core.a(trs_memory_embedded.c.o) (trs_rom_init)
libsdltrs_core.a(trs_cp500.c.o)
                              libsdltrs_core.a(trs_memory_embedded.c.o) (cp500_mem_read)
libsdltrs_core.a(trs_interrupt.c.o)
                              libsdltrs_core.a(trs_memory_embedded.c.o) (trs_reset_button_interrupt)
libsdltrs_core.a(trs_io.c.o)  libsdltrs_core.a(trs_memory_embedded.c.o) (m6845_crtc_reset)
libsdltrs_core.a(z80.c.o)     libsdltrs_core.a(trs_memory_embedded.c.o) (z80_reset)
libsdltrs_frontend_stubs.a(sdl_compat.c.o)
                              libsdltrs_core.a(trs_interrupt.c.o) (SDL_GetTicks)
libsdltrs_frontend_stubs.a(trs_frontend_stub.c.o)
                              libsdltrs_core.a(trs_memory_embedded.c.o) (trs_screen_init)
libsdltrs_frontend_stubs.a(trs_keyboard_stub.c.o)
                              libsdltrs_core.a(trs_memory_embedded.c.o) (trs_kb_reset)
libsdltrs_frontend_stubs.a(sdltrs_peripheral_stubs.c.o)
                              libsdltrs_core.a(trs_memory_embedded.c.o) (do_emt_resetdisk)
libsdltrs_frontend_stubs.a(platform_picocalc.c.o)
                              libsdltrs_frontend_stubs.a(trs_frontend_stub.c.o) (platform_init)
libsdltrs_frontend_stubs.a(display.c.o)
                              libsdltrs_frontend_stubs.a(platform_picocalc.c.o) (display_init)
libsdltrs_frontend_stubs.a(fat32.c.o)
                              libsdltrs_frontend_stubs.a(platform_picocalc.c.o) (fat32_mount)
libsdltrs_frontend_stubs.a(keyboard.c.o)
                              libsdltrs_frontend_stubs.a(platform_picocalc.c.o) (keyboard_key_available)
libsdltrs_frontend_stubs.a(lcd.c.o)
                              libsdltrs_frontend_stubs.a(display.c.o) (lcd_set_reverse)
libsdltrs_frontend_stubs.a(sdcard.c.o)
                              libsdltrs_frontend_stubs.a(fat32.c.o) (sd_card_present)
libsdltrs_frontend_stubs.a(southbridge.c.o)
                              libsdltrs_frontend_stubs.a(keyboard.c.o) (sb_available)
libsdltrs_frontend_stubs.a(font-8x10.c.o)
                              libsdltrs_frontend_stubs.a(display.c.o) (font_8x10)
/usr/lib/gcc/arm-none-eabi/13.2.1/../../../arm-none-eabi/lib/thumb/v8-m.main+fp/softfp/libm.a(libm_a-wf_sqrt.o)
                              CMakeFiles/picocalc_trs_scaffold.dir/home/codespace/pico-sdk/src/rp2_common/pico_float/float_math.c.o (sqrtf)
/usr/lib/gcc/arm-none-eabi/13.2.1/../../../arm-none-eabi/lib/thumb/v8-m.main+fp/softfp/libm.a(libm_a-ef_sqrt.o)
                              /usr/lib/gcc/arm-none-eabi/13.2.1/../../../arm-none-eabi/lib/thumb/v8-m.main+fp/softfp/libm.a(libm_a-wf_sqrt.o) (__ieee754_sqrtf)
/usr/lib/gcc/arm-none-eabi/13.2.1/thumb/v8-m.main+fp/softfp/libgcc.a(_arm_addsubdf3.o)
                              CMakeFiles/picocalc_trs_scaffold.dir/home/codespace/pico-sdk/src/rp2_common/pico_float/float_math.c.o (__aeabi_f2d)
/usr/lib/gcc/arm-none-eabi/13.2.1/thumb/v8-m.main+fp/softfp/libgcc.a(_aeabi_ldivmod.o)
                              CMakeFiles/picocalc_trs_scaffold.dir/home/codespace/pico-sdk/src/common/pico_time/time.c.o (__aeabi_ldivmod)
/usr/lib/gcc/arm-none-eabi/13.2.1/thumb/v8-m.main+fp/softfp/libgcc.a(_aeabi_uldivmod.o)
                              CMakeFiles/picocalc_trs_scaffold.dir/home/codespace/pico-sdk/src/rp2_common/hardware_clocks/clocks.c.o (__aeabi_uldivmod)
/usr/lib/gcc/arm-none-eabi/13.2.1/thumb/v8-m.main+fp/softfp/libgcc.a(_udivmoddi4.o)
                              /usr/lib/gcc/arm-none-eabi/13.2.1/thumb/v8-m.main+fp/softfp/libgcc.a(_aeabi_ldivmod.o) (__udivmoddi4)
/usr/lib/gcc/arm-none-eabi/13.2.1/thumb/v8-m.main+fp/softfp/libgcc.a(_dvmd_tls.o)
                              /usr/lib/gcc/arm-none-eabi/13.2.1/thumb/v8-m.main+fp/softfp/libgcc.a(_aeabi_ldivmod.o) (__aeabi_ldiv0)
/usr/lib/gcc/arm-none-eabi/13.2.1/../../../arm-none-eabi/lib/thumb/v8-m.main+fp/softfp/libg.a(libc_a-strncpy.o)
                              CMakeFiles/picocalc_trs_scaffold.dir/main.c.o (strncpy)
/usr/lib/gcc/arm-none-eabi/13.2.1/../../../arm-none-eabi/lib/thumb/v8-m.main+fp/softfp/libg.a(libc_a-getenv.o)
                              CMakeFiles/picocalc_trs_scaffold.dir/main.c.o (getenv)
/usr/lib/gcc/arm-none-eabi/13.2.1/../../../arm-none-eabi/lib/thumb/v8-m.main+fp/softfp/libg.a(libc_a-memset.o)
                              /usr/lib/gcc/arm-none-eabi/13.2.1/../../../arm-none-eabi/lib/thumb/v8-m.main+fp/softfp/crt0.o (memset)
/usr/lib/gcc/arm-none-eabi/13.2.1/../../../arm-none-eabi/lib/thumb/v8-m.main+fp/softfp/libg.a(libc_a-getc.o)
[...]
Memory Configuration

Name             Origin             Length             Attributes
FLASH            0x10000000         0x00400000         xr
RAM              0x20000000         0x00080000         xrw
SCRATCH_X        0x20080000         0x00001000         xrw
SCRATCH_Y        0x20081000         0x00001000         xrw
*default*        0x00000000         0xffffffff

Linker script and memory map

LOAD /usr/lib/gcc/arm-none-eabi/13.2.1/thumb/v8-m.main+fp/softfp/crti.o
LOAD /usr/lib/gcc/arm-none-eabi/13.2.1/thumb/v8-m.main+fp/softfp/crtbegin.o
LOAD /usr/lib/gcc/arm-none-eabi/13.2.1/../../../arm-none-eabi/lib/thumb/v8-m.main+fp/softfp/crt0.o

.flash_begin    0x10000000        0x0
                0x10000000                        __flash_binary_start = .

.text           0x10000000    0x1dd18
                0x10000000                        __logical_binary_start = .
 *(.vectors)
 .vectors       0x10000000      0x124 CMakeFiles/picocalc_trs_scaffold.dir/home/codespace/pico-sdk/src/rp2_common/pico_crt0/crt0.S.o
                0x10000000                __vectors
                0x10000000                __VECTOR_TABLE
                0x10000110                isr_securefault
                0x10000110                isr_irq30
                0x10000110                __unhandled_user_irq
                0x10000110                isr_irq49
                0x10000110                isr_irq13
                0x10000110                isr_irq43
                0x10000110                isr_irq45
                0x10000110                isr_irq27
                0x10000110                isr_irq32
                0x10000110                isr_irq31
                0x10000110                isr_irq5
                0x10000110                isr_irq11
                0x10000110                isr_irq23
                0x10000110                isr_usagefault
                0x10000110                isr_irq48
                0x10000110                isr_irq35
                0x10000110                isr_irq18
                0x10000110                isr_irq50
                0x10000110                isr_irq40
                0x10000110                isr_irq28
                0x10000110                isr_irq19
                0x10000110                isr_irq36
                0x10000110                isr_irq41
                0x10000110                isr_irq0
                0x10000110                isr_irq6
                0x10000110                isr_memmanage
                0x10000110                isr_irq37
                0x10000110                isr_irq42
                0x10000110                isr_irq22
                0x10000110                isr_irq17
                0x10000110                isr_irq38
                0x10000110                isr_irq14
                0x10000110                __vectors_end
                0x10000110                __default_isrs_start
                0x10000110                isr_irq2
                0x10000110                isr_irq10
                0x10000110                isr_irq8
                0x10000110                isr_debugmonitor
                0x10000110                isr_irq24
                0x10000110                isr_irq46
                0x10000110                isr_irq1
                0x10000110                isr_irq47
                0x10000110                isr_irq51
                0x10000110                isr_irq7
                0x10000110                isr_irq21
                0x10000110                isr_irq39
                0x10000110                isr_irq20
                0x10000110                isr_irq15
                0x10000110                isr_irq25
                0x10000110                isr_irq34
                0x10000110                isr_irq4
                0x10000110                isr_busfault
                0x10000110                isr_irq16
                0x10000110                isr_irq44
                0x10000110                isr_irq29
                0x10000110                isr_irq26
                0x10000110                isr_irq33
                0x10000110                isr_irq3
                0x10000110                isr_irq12
                0x10000110                isr_irq9
                0x10000116                unhandled_user_irq_num_in_r0
                0x10000118                isr_invalid
                0x1000011a                isr_nmi
                0x1000011c                isr_hardfault
                0x1000011e                isr_svcall
                0x10000120                isr_pendsv
                0x10000122                isr_systick
                0x10000124                __default_isrs_end
 *(.binary_info_header)
 .binary_info_header
                0x10000124       0x14 CMakeFiles/picocalc_trs_scaffold.dir/home/codespace/pico-sdk/src/rp2_common/pico_crt0/crt0.S.o
                0x10000138                        __binary_info_header_end = .
 *(.embedded_block)
 .embedded_block
                0x10000138       0x14 CMakeFiles/picocalc_trs_scaffold.dir/home/codespace/pico-sdk/src/rp2_common/pico_crt0/crt0.S.o
                0x1000014c                        __embedded_block_end = .
 *(.reset)
 .reset         0x1000014c       0x98 CMakeFiles/picocalc_trs_scaffold.dir/home/codespace/pico-sdk/src/rp2_common/pico_crt0/crt0.S.o
                0x1000014c                _entry_point
 *(.init)
 .init          0x100001e4        0x4 /usr/lib/gcc/arm-none-eabi/13.2.1/thumb/v8-m.main+fp/softfp/crti.o
                0x100001e4                _init
 *libgcc.a:cmse_nonsecure_call.o()
 *(EXCLUDE_FILE(*libm.a: *libc.a:*lib_a-mem*.o *libgcc.a:) .text*)
 .text          0x100001e8       0x8c /usr/lib/gcc/arm-none-eabi/13.2.1/thumb/v8-m.main+fp/softfp/crtbegin.o
 .text.startup.main
                0x10000274       0xe4 CMakeFiles/picocalc_trs_scaffold.dir/main.c.o
                0x10000274                main
 .text.gpio_set_function
                0x10000358       0x3c CMakeFiles/picocalc_trs_scaffold.dir/home/codespace/pico-sdk/src/rp2_common/hardware_gpio/gpio.c.o
                0x10000358                gpio_set_function
 .text.gpio_set_pulls
                0x10000394       0x28 CMakeFiles/picocalc_trs_scaffold.dir/home/codespace/pico-sdk/src/rp2_common/hardware_gpio/gpio.c.o
                0x10000394                gpio_set_pulls
 .text.gpio_init
                0x100003bc       0x48 CMakeFiles/picocalc_trs_scaffold.dir/home/codespace/pico-sdk/src/rp2_common/hardware_gpio/gpio.c.o
                0x100003bc                gpio_init
 .text.panic    0x10000404       0x30 CMakeFiles/picocalc_trs_scaffold.dir/home/codespace/pico-sdk/src/rp2_common/pico_platform_panic/panic.c.o
                0x10000404                panic
 .text.hw_claim_or_assert
                0x10000434       0x58 CMakeFiles/picocalc_trs_scaffold.dir/home/codespace/pico-sdk/src/common/hardware_claim/claim.c.o
                0x10000434                hw_claim_or_assert
 .text.next_striped_spin_lock_num
                0x1000048c       0x18 CMakeFiles/picocalc_trs_scaffold.dir/home/codespace/pico-sdk/src/rp2_common/hardware_sync/sync.c.o
                0x1000048c                next_striped_spin_lock_num
 .text.spinlock_set_extexclall
                0x100004a4       0x10 CMakeFiles/picocalc_trs_scaffold.dir/home/codespace/pico-sdk/src/rp2_common/hardware_sync_spin_lock/sync_spin_lock.c.o
 .text.spin_locks_reset
                0x100004b4       0x18 CMakeFiles/picocalc_trs_scaffold.dir/home/codespace/pico-sdk/src/rp2_common/hardware_sync_spin_lock/sync_spin_lock.c.o
                0x100004b4                spin_locks_reset
 .text.runtime_init_per_core_irq_priorities
                0x100004cc       0x40 CMakeFiles/picocalc_trs_scaffold.dir/home/codespace/pico-sdk/src/rp2_common/hardware_irq/irq.c.o
                0x100004cc                runtime_init_per_core_irq_priorities
 .text.irq_set_enabled
                0x1000050c       0x2c CMakeFiles/picocalc_trs_scaffold.dir/home/codespace/pico-sdk/src/rp2_common/hardware_irq/irq.c.o
                0x1000050c                irq_set_enabled
 .text.irq_set_exclusive_handler
                0x10000538       0x60 CMakeFiles/picocalc_trs_scaffold.dir/home/codespace/pico-sdk/src/rp2_common/hardware_irq/irq.c.o
                0x10000538                irq_set_exclusive_handler
 .text.lock_init
                0x10000598        0xc CMakeFiles/picocalc_trs_scaffold.dir/home/codespace/pico-sdk/src/common/pico_sync/lock_core.c.o
                0x10000598                lock_init
 .text.runtime_init_mutex
                0x100005a4       0x4c CMakeFiles/picocalc_trs_scaffold.dir/home/codespace/pico-sdk/src/common/pico_sync/mutex.c.o
                0x100005a4                runtime_init_mutex
 .text.sleep_until_callback
                0x100005f0       0x3c CMakeFiles/picocalc_trs_scaffold.dir/home/codespace/pico-sdk/src/common/pico_time/time.c.o
 *fill*         0x1000062c        0x4 
 .text.alarm_pool_irq_handler
                0x10000630      0x2f0 CMakeFiles/picocalc_trs_scaffold.dir/home/codespace/pico-sdk/src/common/pico_time/time.c.o
 .text.runtime_init_default_alarm_pool
                0x10000920      0x100 CMakeFiles/picocalc_trs_scaffold.dir/home/codespace/pico-sdk/src/common/pico_time/time.c.o
                0x10000920                runtime_init_default_alarm_pool
 .text.alarm_pool_get_default
                0x10000a20        0x8 CMakeFiles/picocalc_trs_scaffold.dir/home/codespace/pico-sdk/src/common/pico_time/time.c.o
                0x10000a20                alarm_pool_get_default
 .text.alarm_pool_add_alarm_at_force_in_context
                0x10000a28       0xc8 CMakeFiles/picocalc_trs_scaffold.dir/home/codespace/pico-sdk/src/common/pico_time/time.c.o
                0x10000a28                alarm_pool_add_alarm_at_force_in_context
 .text.alarm_pool_cancel_alarm
                0x10000af0       0x80 CMakeFiles/picocalc_trs_scaffold.dir/home/codespace/pico-sdk/src/common/pico_time/time.c.o
                0x10000af0                alarm_pool_cancel_alarm
 .text.best_effort_wfe_or_timeout
                0x10000b70       0xbc CMakeFiles/picocalc_trs_scaffold.dir/home/codespace/pico-sdk/src/common/pico_time/time.c.o
                0x10000b70                best_effort_wfe_or_timeout
 .text.alarm_pool_add_repeating_timer_us
                0x10000c2c      0x120 CMakeFiles/picocalc_trs_scaffold.dir/home/codespace/pico-sdk/src/common/pico_time/time.c.o
                0x10000c2c                alarm_pool_add_repeating_timer_us
 .text.cancel_repeating_timer
                0x10000d4c       0x9c CMakeFiles/picocalc_trs_scaffold.dir/home/codespace/pico-sdk/src/common/pico_time/time.c.o
                0x10000d4c                cancel_repeating_timer
 .text.check_single_timeout_us
                0x10000de8       0x28 CMakeFiles/picocalc_trs_scaffold.dir/home/codespace/pico-sdk/src/common/pico_time/timeout_helper.c.o
 .text.init_single_timeout_until
                0x10000e10       0x10 CMakeFiles/picocalc_trs_scaffold.dir/home/codespace/pico-sdk/src/common/pico_time/timeout_helper.c.o
                0x10000e10                init_single_timeout_until
 .text.timer_hardware_alarm_claim
                0x10000e20       0x24 CMakeFiles/picocalc_trs_scaffold.dir/home/codespace/pico-sdk/src/rp2_common/hardware_timer/timer.c.o
                0x10000e20                timer_hardware_alarm_claim
 .text.timer_time_us_64
                0x10000e44       0x10 CMakeFiles/picocalc_trs_scaffold.dir/home/codespace/pico-sdk/src/rp2_common/hardware_timer/timer.c.o
                0x10000e44                timer_time_us_64
 .text.time_us_64
                0x10000e54       0x14 CMakeFiles/picocalc_trs_scaffold.dir/home/codespace/pico-sdk/src/rp2_common/hardware_timer/timer.c.o
                0x10000e54                time_us_64
 .text.busy_wait_us
                0x10000e68       0x64 CMakeFiles/picocalc_trs_scaffold.dir/home/codespace/pico-sdk/src/rp2_common/hardware_timer/timer.c.o
                0x10000e68                busy_wait_us
 .text.clock_configure_undivided
                0x10000ecc       0xd0 CMakeFiles/picocalc_trs_scaffold.dir/home/codespace/pico-sdk/src/rp2_common/hardware_clocks/clocks.c.o
                0x10000ecc                clock_configure_undivided
 .text.clock_get_hz
                0x10000f9c        0xc CMakeFiles/picocalc_trs_scaffold.dir/home/codespace/pico-sdk/src/rp2_common/hardware_clocks/clocks.c.o
                0x10000f9c                clock_get_hz
 .text.pll_init
                0x10000fa8       0x8c CMakeFiles/picocalc_trs_scaffold.dir/home/codespace/pico-sdk/src/rp2_common/hardware_pll/pll.c.o
                0x10000fa8                pll_init
 .text.tick_start
                0x10001034       0x18 CMakeFiles/picocalc_trs_scaffold.dir/home/codespace/pico-sdk/src/rp2_common/hardware_ticks/ticks.c.o
                0x10001034                tick_start
 .text.rom_func_lookup
                0x1000104c       0x18 CMakeFiles/picocalc_trs_scaffold.dir/home/codespace/pico-sdk/src/rp2_common/pico_bootrom/bootrom.c.o
                0x1000104c                rom_func_lookup
 .text.runtime_init_bootrom_locking_enable
                0x10001064       0x14 CMakeFiles/picocalc_trs_scaffold.dir/home/codespace/pico-sdk/src/rp2_common/pico_bootrom/bootrom_lock.c.o
                0x10001064                runtime_init_bootrom_locking_enable
 .text.runtime_init_boot_locks_reset
                0x10001078       0x1c CMakeFiles/picocalc_trs_scaffold.dir/home/codespace/pico-sdk/src/rp2_common/hardware_boot_lock/boot_lock.c.o
                0x10001078                runtime_init_boot_locks_reset
 .text.xosc_init
                0x10001094       0x30 CMakeFiles/picocalc_trs_scaffold.dir/home/codespace/pico-sdk/src/rp2_common/hardware_xosc/xosc.c.o
                0x10001094                xosc_init
 .text.first_per_core_initializer
                0x100010c4        0x4 CMakeFiles/picocalc_trs_scaffold.dir/home/codespace/pico-sdk/src/rp2_common/pico_runtime/runtime.c.o
 .text.hard_assertion_failure
                0x100010c8        0xc CMakeFiles/picocalc_trs_scaffold.dir/home/codespace/pico-sdk/src/rp2_common/pico_runtime/runtime.c.o
                0x100010c8                hard_assertion_failure
 .text.runtime_run_initializers
                0x100010d4       0x20 CMakeFiles/picocalc_trs_scaffold.dir/home/codespace/pico-sdk/src/rp2_common/pico_runtime/runtime.c.o
                0x100010d4                runtime_run_initializers
 .text.runtime_init_early_resets
                0x100010f4       0x34 CMakeFiles/picocalc_trs_scaffold.dir/home/codespace/pico-sdk/src/rp2_common/pico_runtime_init/runtime_init.c.o
                0x100010f4                runtime_init_early_resets
 .text.runtime_init_usb_power_down
                0x10001128       0x1c CMakeFiles/picocalc_trs_scaffold.dir/home/codespace/pico-sdk/src/rp2_common/pico_runtime_init/runtime_init.c.o
                0x10001128                runtime_init_usb_power_down
 .text.runtime_init_per_core_enable_coprocessors
                0x10001144       0x1c CMakeFiles/picocalc_trs_scaffold.dir/home/codespace/pico-sdk/src/rp2_common/pico_runtime_init/runtime_init.c.o
                0x10001144                runtime_init_per_core_enable_coprocessors
 .text.runtime_init_post_clock_resets
                0x10001160       0x20 CMakeFiles/picocalc_trs_scaffold.dir/home/codespace/pico-sdk/src/rp2_common/pico_runtime_init/runtime_init.c.o
                0x10001160                runtime_init_post_clock_resets
 .text.runtime_init_bootrom_reset
                0x10001180       0x14 CMakeFiles/picocalc_trs_scaffold.dir/home/codespace/pico-sdk/src/rp2_common/pico_runtime_init/runtime_init.c.o
                0x10001180                runtime_init_bootrom_reset
 .text.runtime_init_per_core_bootrom_reset
                0x10001194       0x14 CMakeFiles/picocalc_trs_scaffold.dir/home/codespace/pico-sdk/src/rp2_common/pico_runtime_init/runtime_init.c.o
                0x10001194                runtime_init_per_core_bootrom_reset
 .text.runtime_init_spin_locks_reset
                0x100011a8        0x4 CMakeFiles/picocalc_trs_scaffold.dir/home/codespace/pico-sdk/src/rp2_common/pico_runtime_init/runtime_init.c.o
                0x100011a8                runtime_init_spin_locks_reset
 .text.runtime_init_install_ram_vector_table
                0x100011ac       0x68 CMakeFiles/picocalc_trs_scaffold.dir/home/codespace/pico-sdk/src/rp2_common/pico_runtime_init/runtime_init.c.o
                0x100011ac                runtime_init_install_ram_vector_table
 .text.runtime_init_clocks
                0x10001214       0xdc CMakeFiles/picocalc_trs_scaffold.dir/home/codespace/pico-sdk/src/rp2_common/pico_runtime_init/runtime_init_clocks.c.o
                0x10001214                runtime_init_clocks
 .text.__rp2350_dcp_engaged_state_save_restore
                0x100012f0       0x3a CMakeFiles/picocalc_trs_scaffold.dir/home/codespace/pico-sdk/src/rp2_common/pico_double/double_aeabi_dcp.S.o
 *fill*         0x1000132a        0x2 
 .text.__wrap___aeabi_dadd
                0x1000132c       0x28 CMakeFiles/picocalc_trs_scaffold.dir/home/codespace/pico-sdk/src/rp2_common/pico_double/double_aeabi_dcp.S.o
                0x10001334                __wrap___aeabi_dadd
 .text.__wrap___aeabi_dsub
                0x10001354       0x28 CMakeFiles/picocalc_trs_scaffold.dir/home/codespace/pico-sdk/src/rp2_common/pico_double/double_aeabi_dcp.S.o
                0x1000135c                __wrap___aeabi_dsub
 .text.__wrap___aeabi_dmul
                0x1000137c       0x4c CMakeFiles/picocalc_trs_scaffold.dir/home/codespace/pico-sdk/src/rp2_common/pico_double/double_aeabi_dcp.S.o
                0x10001384                __wrap___aeabi_dmul
 .text.__wrap___aeabi_ddiv
                0x100013c8       0x9c CMakeFiles/picocalc_trs_scaffold.dir/home/codespace/pico-sdk/src/rp2_common/pico_double/double_aeabi_dcp.S.o
                0x100013d0                __wrap___aeabi_ddiv
 .text.__wrap___aeabi_d2f
                0x10001464       0x1c CMakeFiles/picocalc_trs_scaffold.dir/home/codespace/pico-sdk/src/rp2_common/pico_double/double_aeabi_dcp.S.o
                0x1000146c                double2float
                0x1000146c                __wrap___aeabi_d2f
 .text.__wrap___aeabi_i2d
                0x10001480       0x24 CMakeFiles/picocalc_trs_scaffold.dir/home/codespace/pico-sdk/src/rp2_common/pico_double/double_aeabi_dcp.S.o
                0x10001488                __wrap___aeabi_i2d
                0x10001488                int2double
 .text.__wrap___aeabi_ui2d
                0x100014a4       0x24 CMakeFiles/picocalc_trs_scaffold.dir/home/codespace/pico-sdk/src/rp2_common/pico_double/double_aeabi_dcp.S.o
                0x100014ac                __wrap___aeabi_ui2d
                0x100014ac                uint2double
 .text.__wrap___aeabi_d2iz
                0x100014c8       0x24 CMakeFiles/picocalc_trs_scaffold.dir/home/codespace/pico-sdk/src/rp2_common/pico_double/double_aeabi_dcp.S.o
                0x100014d0                __wrap___aeabi_d2iz
                0x100014d0                double2int_z
 .text.__wrap___aeabi_d2uiz
                0x100014ec       0x24 CMakeFiles/picocalc_trs_scaffold.dir/home/codespace/pico-sdk/src/rp2_common/pico_double/double_aeabi_dcp.S.o
                0x100014f4                double2uint_z
                0x100014f4                double2uint
                0x100014f4                __wrap___aeabi_d2uiz
 .text.__wrap___aeabi_dcmpun
                0x10001510       0x24 CMakeFiles/picocalc_trs_scaffold.dir/home/codespace/pico-sdk/src/rp2_common/pico_double/double_aeabi_dcp.S.o
                0x10001518                __wrap___aeabi_dcmpun
 .text.__wrap___aeabi_dcmpeq
                0x10001534       0x24 CMakeFiles/picocalc_trs_scaffold.dir/home/codespace/pico-sdk/src/rp2_common/pico_double/double_aeabi_dcp.S.o
                0x1000153c                __wrap___aeabi_dcmpeq
 .text.__wrap___aeabi_dcmplt
                0x10001558       0x28 CMakeFiles/picocalc_trs_scaffold.dir/home/codespace/pico-sdk/src/rp2_common/pico_double/double_aeabi_dcp.S.o
                0x10001560                __wrap___aeabi_dcmplt
 .text.__wrap___aeabi_dcmple
                0x10001580       0x28 CMakeFiles/picocalc_trs_scaffold.dir/home/codespace/pico-sdk/src/rp2_common/pico_double/double_aeabi_dcp.S.o
                0x10001588                __wrap___aeabi_dcmple
 .text.__wrap___aeabi_dcmpge
                0x100015a8       0x28 CMakeFiles/picocalc_trs_scaffold.dir/home/codespace/pico-sdk/src/rp2_common/pico_double/double_aeabi_dcp.S.o
                0x100015b0                __wrap___aeabi_dcmpge
 .text.__wrap___aeabi_dcmpgt
                0x100015d0       0x28 CMakeFiles/picocalc_trs_scaffold.dir/home/codespace/pico-sdk/src/rp2_common/pico_double/double_aeabi_dcp.S.o
                0x100015d8                __wrap___aeabi_dcmpgt
 .text.__wrap_free
                0x100015f8        0x4 CMakeFiles/picocalc_trs_scaffold.dir/home/codespace/pico-sdk/src/rp2_common/pico_malloc/malloc.c.o
                0x100015f8                __wrap_free
 .text._out_null
                0x100015fc        0x4 CMakeFiles/picocalc_trs_scaffold.dir/home/codespace/pico-sdk/src/rp2_common/pico_printf/printf.c.o
 .text._out_rev
                0x10001600       0x9c CMakeFiles/picocalc_trs_scaffold.dir/home/codespace/pico-sdk/src/rp2_common/pico_printf/printf.c.o
 .text._ntoa_format
                0x1000169c      0x2a4 CMakeFiles/picocalc_trs_scaffold.dir/home/codespace/pico-sdk/src/rp2_common/pico_printf/printf.c.o
 .text._out_char
                0x10001940        0x8 CMakeFiles/picocalc_trs_scaffold.dir/home/codespace/pico-sdk/src/rp2_common/pico_printf/printf.c.o
 .text._out_fct
                0x10001948        0xc CMakeFiles/picocalc_trs_scaffold.dir/home/codespace/pico-sdk/src/rp2_common/pico_printf/printf.c.o
 *fill*         0x10001954        0x4 
 .text._etoa    0x10001958      0x460 CMakeFiles/picocalc_trs_scaffold.dir/home/codespace/pico-sdk/src/rp2_common/pico_printf/printf.c.o
 .text._ftoa    0x10001db8      0x3f4 CMakeFiles/picocalc_trs_scaffold.dir/home/codespace/pico-sdk/src/rp2_common/pico_printf/printf.c.o
 .text._vsnprintf
                0x100021ac      0x9e8 CMakeFiles/picocalc_trs_scaffold.dir/home/codespace/pico-sdk/src/rp2_common/pico_printf/printf.c.o
 .text.vfctprintf
                0x10002b94       0x28 CMakeFiles/picocalc_trs_scaffold.dir/home/codespace/pico-sdk/src/rp2_common/pico_printf/printf.c.o
                0x10002b94                vfctprintf
 .text.weak_raw_printf
                0x10002bbc       0x48 CMakeFiles/picocalc_trs_scaffold.dir/home/codespace/pico-sdk/src/rp2_common/pico_printf/printf.c.o
                0x10002bbc                weak_raw_printf
 .text.weak_raw_vprintf
                0x10002c04       0x30 CMakeFiles/picocalc_trs_scaffold.dir/home/codespace/pico-sdk/src/rp2_common/pico_printf/printf.c.o
                0x10002c04                weak_raw_vprintf
 .text._exit    0x10002c34        0x4 CMakeFiles/picocalc_trs_scaffold.dir/home/codespace/pico-sdk/src/rp2_common/pico_clib_interface/newlib_interface.c.o
                0x10002c34                _exit
 .text._sbrk    0x10002c38       0x2c CMakeFiles/picocalc_trs_scaffold.dir/home/codespace/pico-sdk/src/rp2_common/pico_clib_interface/newlib_interface.c.o
                0x10002c38                _sbrk
 .text._gettimeofday
                0x10002c64       0x34 CMakeFiles/picocalc_trs_scaffold.dir/home/codespace/pico-sdk/src/rp2_common/pico_clib_interface/newlib_interface.c.o
                0x10002c64                _gettimeofday
 .text._read    0x10002c98       0x1c CMakeFiles/picocalc_trs_scaffold.dir/home/codespace/pico-sdk/src/rp2_common/pico_clib_interface/newlib_interface.c.o
                0x10002c98                _read
 .text._write   0x10002cb4       0x20 CMakeFiles/picocalc_trs_scaffold.dir/home/codespace/pico-sdk/src/rp2_common/pico_clib_interface/newlib_interface.c.o
                0x10002cb4                _write
 .text._open    0x10002cd4        0xc CMakeFiles/picocalc_trs_scaffold.dir/home/codespace/pico-sdk/src/rp2_common/pico_clib_interface/newlib_interface.c.o
                0x10002cd4                _open
 .text._close   0x10002ce0        0x8 CMakeFiles/picocalc_trs_scaffold.dir/home/codespace/pico-sdk/src/rp2_common/pico_clib_interface/newlib_interface.c.o
                0x10002ce0                _close
 .text._lseek   0x10002ce8        0x8 CMakeFiles/picocalc_trs_scaffold.dir/home/codespace/pico-sdk/src/rp2_common/pico_clib_interface/newlib_interface.c.o
                0x10002ce8                _lseek
 .text._fstat   0x10002cf0        0x8 CMakeFiles/picocalc_trs_scaffold.dir/home/codespace/pico-sdk/src/rp2_common/pico_clib_interface/newlib_interface.c.o
                0x10002cf0                _fstat
 .text._isatty  0x10002cf8        0xc CMakeFiles/picocalc_trs_scaffold.dir/home/codespace/pico-sdk/src/rp2_common/pico_clib_interface/newlib_interface.c.o
                0x10002cf8                _isatty
 .text.exit     0x10002d04        0x8 CMakeFiles/picocalc_trs_scaffold.dir/home/codespace/pico-sdk/src/rp2_common/pico_clib_interface/newlib_interface.c.o
                0x10002d04                exit
 .text.__assert_func
                0x10002d0c       0x34 CMakeFiles/picocalc_trs_scaffold.dir/home/codespace/pico-sdk/src/rp2_common/pico_clib_interface/newlib_interface.c.o
                0x10002d0c                __assert_func
 .text.runtime_init
                0x10002d40       0x24 CMakeFiles/picocalc_trs_scaffold.dir/home/codespace/pico-sdk/src/rp2_common/pico_clib_interface/newlib_interface.c.o
                0x10002d40                runtime_init
 .text.stdio_out_chars_no_crlf
                0x10002d64        0x8 CMakeFiles/picocalc_trs_scaffold.dir/home/codespace/pico-sdk/src/rp2_common/pico_stdio/stdio.c.o
 .text.stdio_out_chars_crlf
                0x10002d6c       0xac CMakeFiles/picocalc_trs_scaffold.dir/home/codespace/pico-sdk/src/rp2_common/pico_stdio/stdio.c.o
 .text.stdio_buffered_printer
                0x10002e18       0x60 CMakeFiles/picocalc_trs_scaffold.dir/home/codespace/pico-sdk/src/rp2_common/pico_stdio/stdio.c.o
 .text.stdio_put_string
                0x10002e78       0xf0 CMakeFiles/picocalc_trs_scaffold.dir/home/codespace/pico-sdk/src/rp2_common/pico_stdio/stdio.c.o
                0x10002e78                stdio_put_string
 .text.stdio_get_until
                0x10002f68       0x7c CMakeFiles/picocalc_trs_scaffold.dir/home/codespace/pico-sdk/src/rp2_common/pico_stdio/stdio.c.o
                0x10002f68                stdio_get_until
 .text.__wrap_putchar
                0x10002fe4       0x84 CMakeFiles/picocalc_trs_scaffold.dir/home/codespace/pico-sdk/src/rp2_common/pico_stdio/stdio.c.o
                0x10002fe4                stdio_putchar
                0x10002fe4                __wrap_putchar
 .text.__wrap_puts
                0x10003068       0x3c CMakeFiles/picocalc_trs_scaffold.dir/home/codespace/pico-sdk/src/rp2_common/pico_stdio/stdio.c.o
                0x10003068                __wrap_puts
                0x10003068                stdio_puts
 .text.__wrap_vprintf
                0x100030a4       0xc8 CMakeFiles/picocalc_trs_scaffold.dir/home/codespace/pico-sdk/src/rp2_common/pico_stdio/stdio.c.o
                0x100030a4                __wrap_vprintf
                0x100030a4                stdio_vprintf
 .text.__wrap_printf
                0x1000316c       0x1c CMakeFiles/picocalc_trs_scaffold.dir/home/codespace/pico-sdk/src/rp2_common/pico_stdio/stdio.c.o
                0x1000316c                stdio_printf
                0x1000316c                __wrap_printf
 .text.i2c_write_blocking_internal
                0x10003188      0x180 CMakeFiles/picocalc_trs_scaffold.dir/home/codespace/pico-sdk/src/rp2_common/hardware_i2c/i2c.c.o
 .text.i2c_read_blocking_internal
                0x10003308       0xac CMakeFiles/picocalc_trs_scaffold.dir/home/codespace/pico-sdk/src/rp2_common/hardware_i2c/i2c.c.o
 .text.i2c_set_baudrate
                0x100033b4       0xa8 CMakeFiles/picocalc_trs_scaffold.dir/home/codespace/pico-sdk/src/rp2_common/hardware_i2c/i2c.c.o
                0x100033b4                i2c_set_baudrate
 .text.i2c_init
                0x1000345c       0x4c CMakeFiles/picocalc_trs_scaffold.dir/home/codespace/pico-sdk/src/rp2_common/hardware_i2c/i2c.c.o
                0x1000345c                i2c_init
 .text.i2c_write_blocking_until
                0x100034a8       0x3c CMakeFiles/picocalc_trs_scaffold.dir/home/codespace/pico-sdk/src/rp2_common/hardware_i2c/i2c.c.o
                0x100034a8                i2c_write_blocking_until
 .text.i2c_read_blocking_until
                0x100034e4       0x3c CMakeFiles/picocalc_trs_scaffold.dir/home/codespace/pico-sdk/src/rp2_common/hardware_i2c/i2c.c.o
                0x100034e4                i2c_read_blocking_until
 .text.spi_init
                0x10003520       0xf4 CMakeFiles/picocalc_trs_scaffold.dir/home/codespace/pico-sdk/src/rp2_common/hardware_spi/spi.c.o
                0x10003520                spi_init
 .text.spi_set_baudrate
                0x10003614       0x9c CMakeFiles/picocalc_trs_scaffold.dir/home/codespace/pico-sdk/src/rp2_common/hardware_spi/spi.c.o
                0x10003614                spi_set_baudrate
 .text          0x100036b0     0x2bb0 libsdltrs_core.a(trs_memory_embedded.c.o)
                0x100038b8                mem_video_page
                0x100038c8                mem_video_page_read
                0x100038e8                mem_video_page_write
                0x10003910                mem_video_page_addr
                0x10003930                mem_bank
                0x100039d0                ct80_ramdisk_out
                0x10003a40                ct80_ramdisk_in
                0x10003a90                ct80_video_addr
                0x10003ac8                eg3200_init_out
                0x10003aec                eg3200_genieplus_out
                0x10003b0c                eg64_mba_out
                0x10003b48                genie3s_bank_out
                0x10003bb4                genie3s_init_out
                0x10003c2c                genie3s_mem_out
                0x10003c58                genie3s_sys_out
                0x10003cac                huffman_out
                0x10003d44                huffman_in
                0x10003d54                hypermem_out
                0x10003dec                lnw80_bank_out
                0x10003e64                lubomir_out
                0x10003e88                megamem_out
                0x10003ebc                s80z_out
                0x10003f18                selector_out
                0x10003f78                supermem_out
                0x10003f9c                supermem_in
                0x10003fb8                sys_byte_out
                0x10004098                sys_byte_write
                0x100040a4                sys_byte_in
                0x100040b0                sys_byte_2_in
                0x100040bc                tcs_ram192b_out
                0x100040e8                vid80_vx3_out
                0x10004118                xmem80_out
                0x10004140                xmem80_in
                0x10004154                trs_reset
                0x10004358                get_mem_cmd
                0x10004364                get_mem_map
                0x10004370                mem_map
                0x10004388                rom_write
                0x10004398                trs80_model3_mem_read
                0x10004404                mem_peek
                0x10004418                mem_poke
                0x10004428                mem_read
                0x10004b3c                trs80_model3_mem_write
                0x10004b80                mem_write
                0x10005284                mem_read_word
                0x1000529c                mem_write_word
                0x100052b4                trs80_model3_mem_addr
                0x10005300                mem_pointer
                0x10005fd8                trs_mem_save
                0x1000611c                trs_mem_load
 .text          0x10006260      0x150 libsdltrs_core.a(error.c.o)
                0x10006260                debug
                0x100062a8                error
                0x100062fc                fatal
                0x1000634c                file_error
 .text          0x100063b0       0xbc libsdltrs_core.a(trs_clones.c.o)
                0x100063b0                trs_clones_model
                0x10006404                trs_clone_save
                0x10006410                trs_clone_load
 .text          0x1000646c      0xbec libsdltrs_core.a(trs_cmd_rom.c.o)
                0x10006890                trs_load_cmd
                0x10006900                trs_rom_init
 .text          0x10007058      0x1d4 libsdltrs_core.a(trs_cp500.c.o)
                0x10007058                cp500_switch_mode
                0x10007108                cp500_mem_read
                0x10007160                cp500_mem_write
                0x100071bc                cp500_mem_addr
                0x10007214                trs_cp500_save
                0x10007220                trs_cp500_load
 *fill*         0x1000722c        0x4 
 .text          0x10007230      0xc5c libsdltrs_core.a(trs_interrupt.c.o)
                0x10007230                trs_reset_button_interrupt
                0x1000726c                trs_cassette_rise_interrupt
                0x100072a0                trs_cassette_fall_interrupt
                0x10007340                trs_cassette_clear_interrupts
                0x10007364                trs_cassette_interrupts_enabled
                0x10007374                trs_timer_interrupt
                0x100073c0                trs_disk_intrq_interrupt
                0x10007420                trs_disk_motoroff_interrupt
                0x10007464                trs_disk_drq_interrupt
                0x10007468                trs_uart_rcv_interrupt
                0x100074a0                trs_uart_snd_interrupt
                0x100074d8                trs_interrupt_latch_clear
                0x100074e4                trs_interrupt_latch_read
                0x1000753c                trs_interrupt_mask_write
                0x10007558                trs_nmi_latch_read
                0x10007568                trs_nmi_mask_write
                0x10007598                trs_timer_sync_with_host
                0x1000760c                trs_timer_init
                0x100079b0                trs_timer_speed
                0x10007b18                trs_timer_mode
                0x10007b8c                trs_schedule_event
                0x10007bec                trs_do_event
                0x10007c18                trs_cancel_event
                0x10007c40                trs_event_scheduled
                0x10007c4c                trs_interrupt_save
                0x10007d90                trs_interrupt_load
 .text          0x10007e8c     0x1a7c libsdltrs_core.a(trs_io.c.o)
                0x10008100                m6845_crtc_reset
                0x10008110                z80_out
                0x10009100                z80_in
                0x100097b8                trs_io_save
                0x10009860                trs_io_load
 .text          0x10009908     0x86fc libsdltrs_core.a(z80.c.o)
                0x1000e440                z80_run
                0x10011d58                z80_reset
                0x10011d8c                trs_z80_save
                0x10011ec8                trs_z80_load
 .text.SDL_GetTicks
                0x10012004        0x4 libsdltrs_frontend_stubs.a(sdl_compat.c.o)
                0x10012004                SDL_GetTicks
 .text.SDL_Delay
                0x10012008        0x4 libsdltrs_frontend_stubs.a(sdl_compat.c.o)
                0x10012008                SDL_Delay
 .text.trs_screen_init
                0x1001200c       0x4c libsdltrs_frontend_stubs.a(trs_frontend_stub.c.o)
                0x1001200c                trs_screen_init
 .text.trs_screen_reset
                0x10012058       0x34 libsdltrs_frontend_stubs.a(trs_frontend_stub.c.o)
                0x10012058                trs_screen_reset
 .text.trs_screen_write_char
                0x1001208c       0x5c libsdltrs_frontend_stubs.a(trs_frontend_stub.c.o)
                0x1001208c                trs_screen_write_char
 .text.trs_screen_mode
                0x100120e8       0x18 libsdltrs_frontend_stubs.a(trs_frontend_stub.c.o)
                0x100120e8                trs_screen_mode
 .text.trs_screen_80x24
                0x10012100       0x3c libsdltrs_frontend_stubs.a(trs_frontend_stub.c.o)
                0x10012100                trs_screen_80x24
 .text.trs_screen_refresh
                0x1001213c       0x58 libsdltrs_frontend_stubs.a(trs_frontend_stub.c.o)
                0x1001213c                trs_screen_refresh
 .text.trs_screen_caption
                0x10012194        0x4 libsdltrs_frontend_stubs.a(trs_frontend_stub.c.o)
                0x10012194                trs_screen_caption
 .text.trs_sdl_init
                0x10012198       0x50 libsdltrs_frontend_stubs.a(trs_frontend_stub.c.o)
                0x10012198                trs_sdl_init
 .text.trs_disk_led
                0x100121e8        0x4 libsdltrs_frontend_stubs.a(trs_frontend_stub.c.o)
                0x100121e8                trs_disk_led
 .text.trs_hard_led
                0x100121ec        0x4 libsdltrs_frontend_stubs.a(trs_frontend_stub.c.o)
                0x100121ec                trs_hard_led
 .text.trs_turbo_led
                0x100121f0       0x14 libsdltrs_frontend_stubs.a(trs_frontend_stub.c.o)
                0x100121f0                trs_turbo_led
 .text.trs_get_event
                0x10012204       0x28 libsdltrs_frontend_stubs.a(trs_frontend_stub.c.o)
                0x10012204                trs_get_event
 .text.trs_exit
                0x1001222c       0x24 libsdltrs_frontend_stubs.a(trs_frontend_stub.c.o)
                0x1001222c                trs_exit
 .text.trs_printer_write
                0x10012250        0x4 libsdltrs_frontend_stubs.a(trs_frontend_stub.c.o)
                0x10012250                trs_printer_write
 .text.trs_printer_read
                0x10012254        0x4 libsdltrs_frontend_stubs.a(trs_frontend_stub.c.o)
                0x10012254                trs_printer_read
 .text.trs_cassette_motor
                0x10012258        0x4 libsdltrs_frontend_stubs.a(trs_frontend_stub.c.o)
                0x10012258                trs_cassette_motor
 .text.trs_cassette_out
                0x1001225c        0x4 libsdltrs_frontend_stubs.a(trs_frontend_stub.c.o)
                0x1001225c                trs_cassette_out
 .text.trs_cassette_in
                0x10012260        0x4 libsdltrs_frontend_stubs.a(trs_frontend_stub.c.o)
                0x10012260                trs_cassette_in
 .text.trs_sound_out
                0x10012264        0x4 libsdltrs_frontend_stubs.a(trs_frontend_stub.c.o)
                0x10012264                trs_sound_out
 .text.lookup_keysym
                0x10012268      0x560 libsdltrs_frontend_stubs.a(trs_keyboard_stub.c.o)
 .text.trs_kb_reset
                0x100127c8        0xc libsdltrs_frontend_stubs.a(trs_keyboard_stub.c.o)
                0x100127c8                trs_kb_reset
 .text.trs_kb_heartbeat
                0x100127d4       0x10 libsdltrs_frontend_stubs.a(trs_keyboard_stub.c.o)
                0x100127d4                trs_kb_heartbeat
 *fill*         0x100127e4        0x4 
 .text.trs_kb_mem_read
                0x100127e8      0x340 libsdltrs_frontend_stubs.a(trs_keyboard_stub.c.o)
                0x100127e8                trs_kb_mem_read
 .text.clear_key_queue
                0x10012b28       0x14 libsdltrs_frontend_stubs.a(trs_keyboard_stub.c.o)
                0x10012b28                clear_key_queue
 .text.trs_key_event
                0x10012b3c      0x1d8 libsdltrs_frontend_stubs.a(trs_keyboard_stub.c.o)
                0x10012b3c                trs_key_event
 .text.trs_joystick_in
                0x10012d14        0x4 libsdltrs_frontend_stubs.a(trs_keyboard_stub.c.o)
                0x10012d14                trs_joystick_in
 .text.do_emt_resetdisk
                0x10012d18        0x4 libsdltrs_frontend_stubs.a(sdltrs_peripheral_stubs.c.o)
                0x10012d18                do_emt_resetdisk
 .text.trs_cassette_reset
                0x10012d1c        0x4 libsdltrs_frontend_stubs.a(sdltrs_peripheral_stubs.c.o)
                0x10012d1c                trs_cassette_reset
 .text.trs_disk_init
                0x10012d20        0x4 libsdltrs_frontend_stubs.a(sdltrs_peripheral_stubs.c.o)
                0x10012d20                trs_disk_init
 .text.trs_uart_init
                0x10012d24        0x4 libsdltrs_frontend_stubs.a(sdltrs_peripheral_stubs.c.o)
                0x10012d24                trs_uart_init
 .text.grafyx_write_mode
                0x10012d28        0x4 libsdltrs_frontend_stubs.a(sdltrs_peripheral_stubs.c.o)
                0x10012d28                grafyx_write_mode
 .text.grafyx_m3_reset
                0x10012d2c        0x4 libsdltrs_frontend_stubs.a(sdltrs_peripheral_stubs.c.o)
                0x10012d2c                grafyx_m3_reset
 .text.hrg_onoff
                0x10012d30        0x4 libsdltrs_frontend_stubs.a(sdltrs_peripheral_stubs.c.o)
                0x10012d30                hrg_onoff
 .text.m6845_text
                0x10012d34        0x4 libsdltrs_frontend_stubs.a(sdltrs_peripheral_stubs.c.o)
                0x10012d34                m6845_text
 .text.eg3210_char
                0x10012d38        0x4 libsdltrs_frontend_stubs.a(sdltrs_peripheral_stubs.c.o)
                0x10012d38                eg3210_char
 .text.m6845_cursor
                0x10012d3c        0x4 libsdltrs_frontend_stubs.a(sdltrs_peripheral_stubs.c.o)
                0x10012d3c                m6845_cursor
 .text.m6845_screen
                0x10012d40        0x4 libsdltrs_frontend_stubs.a(sdltrs_peripheral_stubs.c.o)
                0x10012d40                m6845_screen
 .text.trs_cassette_update
                0x10012d44        0x4 libsdltrs_frontend_stubs.a(sdltrs_peripheral_stubs.c.o)
                0x10012d44                trs_cassette_update
 .text.trs_orch90_flush
                0x10012d48        0x4 libsdltrs_frontend_stubs.a(sdltrs_peripheral_stubs.c.o)
                0x10012d48                trs_orch90_flush
 .text.trs_orch90_out
                0x10012d4c        0x4 libsdltrs_frontend_stubs.a(sdltrs_peripheral_stubs.c.o)
                0x10012d4c                trs_orch90_out
 .text.assert_state_void
                0x10012d50        0x4 libsdltrs_frontend_stubs.a(sdltrs_peripheral_stubs.c.o)
                0x10012d50                assert_state_void
 .text.transition_out
                0x10012d54        0x4 libsdltrs_frontend_stubs.a(sdltrs_peripheral_stubs.c.o)
                0x10012d54                transition_out
 .text.trs_cassette_kickoff
                0x10012d58        0x4 libsdltrs_frontend_stubs.a(sdltrs_peripheral_stubs.c.o)
                0x10012d58                trs_cassette_kickoff
 .text.trs_disk_lostdata
                0x10012d5c        0x4 libsdltrs_frontend_stubs.a(sdltrs_peripheral_stubs.c.o)
                0x10012d5c                trs_disk_lostdata
 .text.trs_disk_done
                0x10012d60        0x4 libsdltrs_frontend_stubs.a(sdltrs_peripheral_stubs.c.o)
                0x10012d60                trs_disk_done
 .text.trs_disk_firstdrq
                0x10012d64        0x4 libsdltrs_frontend_stubs.a(sdltrs_peripheral_stubs.c.o)
                0x10012d64                trs_disk_firstdrq
 .text.trs_uart_set_avail
                0x10012d68        0x4 libsdltrs_frontend_stubs.a(sdltrs_peripheral_stubs.c.o)
                0x10012d68                trs_uart_set_avail
 .text.trs_uart_set_empty
                0x10012d6c        0x4 libsdltrs_frontend_stubs.a(sdltrs_peripheral_stubs.c.o)
                0x10012d6c                trs_uart_set_empty
 .text.trs_disk_motoroff
                0x10012d70        0x4 libsdltrs_frontend_stubs.a(sdltrs_peripheral_stubs.c.o)
                0x10012d70                trs_disk_motoroff
 .text.genie3s_char
                0x10012d74        0x4 libsdltrs_frontend_stubs.a(sdltrs_peripheral_stubs.c.o)
                0x10012d74                genie3s_char
 .text.genie3s_hrg
                0x10012d78        0x4 libsdltrs_frontend_stubs.a(sdltrs_peripheral_stubs.c.o)
                0x10012d78                genie3s_hrg
 .text.genie3s_hrg_write
                0x10012d7c        0x4 libsdltrs_frontend_stubs.a(sdltrs_peripheral_stubs.c.o)
                0x10012d7c                genie3s_hrg_write
 .text.genie3s_hrg_read
                0x10012d80        0x4 libsdltrs_frontend_stubs.a(sdltrs_peripheral_stubs.c.o)
                0x10012d80                genie3s_hrg_read
 .text.genie3s_latch_read
                0x10012d84        0x4 libsdltrs_frontend_stubs.a(sdltrs_peripheral_stubs.c.o)
                0x10012d84                genie3s_latch_read
 .text.grafyx_write_x
                0x10012d88        0x4 libsdltrs_frontend_stubs.a(sdltrs_peripheral_stubs.c.o)
                0x10012d88                grafyx_write_x
 .text.grafyx_write_y
                0x10012d8c        0x4 libsdltrs_frontend_stubs.a(sdltrs_peripheral_stubs.c.o)
                0x10012d8c                grafyx_write_y
 .text.grafyx_write_data
                0x10012d90        0x4 libsdltrs_frontend_stubs.a(sdltrs_peripheral_stubs.c.o)
                0x10012d90                grafyx_write_data
 .text.grafyx_read_data
                0x10012d94        0x4 libsdltrs_frontend_stubs.a(sdltrs_peripheral_stubs.c.o)
                0x10012d94                grafyx_read_data
 .text.grafyx_read_mode
                0x10012d98        0x4 libsdltrs_frontend_stubs.a(sdltrs_peripheral_stubs.c.o)
                0x10012d98                grafyx_read_mode
 .text.grafyx_write_xoffset
                0x10012d9c        0x4 libsdltrs_frontend_stubs.a(sdltrs_peripheral_stubs.c.o)
                0x10012d9c                grafyx_write_xoffset
 .text.grafyx_write_yoffset
                0x10012da0        0x4 libsdltrs_frontend_stubs.a(sdltrs_peripheral_stubs.c.o)
                0x10012da0                grafyx_write_yoffset
 .text.grafyx_write_overlay
                0x10012da4        0x4 libsdltrs_frontend_stubs.a(sdltrs_peripheral_stubs.c.o)
                0x10012da4                grafyx_write_overlay
 .text.grafyx_m3_write_mode
                0x10012da8        0x4 libsdltrs_frontend_stubs.a(sdltrs_peripheral_stubs.c.o)
                0x10012da8                grafyx_m3_write_mode
 .text.grafyx_m3_read_byte
                0x10012dac        0x4 libsdltrs_frontend_stubs.a(sdltrs_peripheral_stubs.c.o)
                0x10012dac                grafyx_m3_read_byte
 .text.grafyx_m3_write_byte
                0x10012db0        0x4 libsdltrs_frontend_stubs.a(sdltrs_peripheral_stubs.c.o)
                0x10012db0                grafyx_m3_write_byte
 .text.hrg_write_data
                0x10012db4        0x4 libsdltrs_frontend_stubs.a(sdltrs_peripheral_stubs.c.o)
                0x10012db4                hrg_write_data
 .text.hrg_read_data
                0x10012db8        0x4 libsdltrs_frontend_stubs.a(sdltrs_peripheral_stubs.c.o)
                0x10012db8                hrg_read_data
 .text.lowe_le18_read
                0x10012dbc        0x4 libsdltrs_frontend_stubs.a(sdltrs_peripheral_stubs.c.o)
                0x10012dbc                lowe_le18_read
 .text.lowe_le18_write_data
                0x10012dc0        0x4 libsdltrs_frontend_stubs.a(sdltrs_peripheral_stubs.c.o)
                0x10012dc0                lowe_le18_write_data
 .text.lowe_le18_write_control
                0x10012dc4        0x4 libsdltrs_frontend_stubs.a(sdltrs_peripheral_stubs.c.o)
                0x10012dc4                lowe_le18_write_control
 .text.trs_disk_data_read
                0x10012dc8        0x4 libsdltrs_frontend_stubs.a(sdltrs_peripheral_stubs.c.o)
                0x10012dc8                trs_disk_data_read
 .text.trs_disk_status_read
                0x10012dcc        0x4 libsdltrs_frontend_stubs.a(sdltrs_peripheral_stubs.c.o)
                0x10012dcc                trs_disk_status_read
 .text.trs_disk_track_read
                0x10012dd0        0x4 libsdltrs_frontend_stubs.a(sdltrs_peripheral_stubs.c.o)
                0x10012dd0                trs_disk_track_read
 .text.trs_disk_sector_read
                0x10012dd4        0x4 libsdltrs_frontend_stubs.a(sdltrs_peripheral_stubs.c.o)
                0x10012dd4                trs_disk_sector_read
 .text.trs_disk_data_write
                0x10012dd8        0x4 libsdltrs_frontend_stubs.a(sdltrs_peripheral_stubs.c.o)
                0x10012dd8                trs_disk_data_write
 .text.trs_disk_command_write
                0x10012ddc        0x4 libsdltrs_frontend_stubs.a(sdltrs_peripheral_stubs.c.o)
                0x10012ddc                trs_disk_command_write
 .text.trs_disk_track_write
                0x10012de0        0x4 libsdltrs_frontend_stubs.a(sdltrs_peripheral_stubs.c.o)
                0x10012de0                trs_disk_track_write
 .text.trs_disk_sector_write
                0x10012de4        0x4 libsdltrs_frontend_stubs.a(sdltrs_peripheral_stubs.c.o)
                0x10012de4                trs_disk_sector_write
 .text.trs_disk_select_write
                0x10012de8        0x4 libsdltrs_frontend_stubs.a(sdltrs_peripheral_stubs.c.o)
                0x10012de8                trs_disk_select_write
 .text.do_emt_system
                0x10012dec        0x4 libsdltrs_frontend_stubs.a(sdltrs_peripheral_stubs.c.o)
                0x10012dec                do_emt_system
 .text.do_emt_mouse
                0x10012df0        0x4 libsdltrs_frontend_stubs.a(sdltrs_peripheral_stubs.c.o)
                0x10012df0                do_emt_mouse
 .text.do_emt_getddir
                0x10012df4        0x4 libsdltrs_frontend_stubs.a(sdltrs_peripheral_stubs.c.o)
                0x10012df4                do_emt_getddir
 .text.do_emt_setddir
                0x10012df8        0x4 libsdltrs_frontend_stubs.a(sdltrs_peripheral_stubs.c.o)
                0x10012df8                do_emt_setddir
 .text.do_emt_open
                0x10012dfc        0x8 libsdltrs_frontend_stubs.a(sdltrs_peripheral_stubs.c.o)
                0x10012dfc                do_emt_open
 .text.do_emt_close
                0x10012e04        0x4 libsdltrs_frontend_stubs.a(sdltrs_peripheral_stubs.c.o)
                0x10012e04                do_emt_close
 .text.do_emt_read
                0x10012e08        0x8 libsdltrs_frontend_stubs.a(sdltrs_peripheral_stubs.c.o)
                0x10012e08                do_emt_read
 .text.do_emt_write
                0x10012e10        0x8 libsdltrs_frontend_stubs.a(sdltrs_peripheral_stubs.c.o)
                0x10012e10                do_emt_write
 .text.do_emt_lseek
                0x10012e18        0x8 libsdltrs_frontend_stubs.a(sdltrs_peripheral_stubs.c.o)
                0x10012e18                do_emt_lseek
 .text.do_emt_strerror
                0x10012e20        0x4 libsdltrs_frontend_stubs.a(sdltrs_peripheral_stubs.c.o)
                0x10012e20                do_emt_strerror
 .text.do_emt_time
                0x10012e24        0x4 libsdltrs_frontend_stubs.a(sdltrs_peripheral_stubs.c.o)
                0x10012e24                do_emt_time
 .text.do_emt_opendir
                0x10012e28        0x8 libsdltrs_frontend_stubs.a(sdltrs_peripheral_stubs.c.o)
                0x10012e28                do_emt_opendir
 .text.do_emt_closedir
                0x10012e30        0x4 libsdltrs_frontend_stubs.a(sdltrs_peripheral_stubs.c.o)
                0x10012e30                do_emt_closedir
 .text.do_emt_readdir
                0x10012e34        0x8 libsdltrs_frontend_stubs.a(sdltrs_peripheral_stubs.c.o)
                0x10012e34                do_emt_readdir
 .text.do_emt_chdir
                0x10012e3c        0x8 libsdltrs_frontend_stubs.a(sdltrs_peripheral_stubs.c.o)
                0x10012e3c                do_emt_chdir
 .text.do_emt_getcwd
                0x10012e44        0x8 libsdltrs_frontend_stubs.a(sdltrs_peripheral_stubs.c.o)
                0x10012e44                do_emt_getcwd
 .text.do_emt_misc
                0x10012e4c        0x4 libsdltrs_frontend_stubs.a(sdltrs_peripheral_stubs.c.o)
                0x10012e4c                do_emt_misc
 .text.do_emt_ftruncate
                0x10012e50        0x8 libsdltrs_frontend_stubs.a(sdltrs_peripheral_stubs.c.o)
                0x10012e50                do_emt_ftruncate
 .text.do_emt_opendisk
                0x10012e58        0x8 libsdltrs_frontend_stubs.a(sdltrs_peripheral_stubs.c.o)
                0x10012e58                do_emt_opendisk
 .text.do_emt_closedisk
                0x10012e60        0x4 libsdltrs_frontend_stubs.a(sdltrs_peripheral_stubs.c.o)
                0x10012e60                do_emt_closedisk
 .text.trs_hard_out
                0x10012e64        0x4 libsdltrs_frontend_stubs.a(sdltrs_peripheral_stubs.c.o)
                0x10012e64                trs_hard_out
 .text.trs_hard_in
                0x10012e68        0x4 libsdltrs_frontend_stubs.a(sdltrs_peripheral_stubs.c.o)
                0x10012e68                trs_hard_in
 .text.stringy_out
                0x10012e6c        0x4 libsdltrs_frontend_stubs.a(sdltrs_peripheral_stubs.c.o)
                0x10012e6c                stringy_out
 .text.stringy_in
                0x10012e70        0x4 libsdltrs_frontend_stubs.a(sdltrs_peripheral_stubs.c.o)
                0x10012e70                stringy_in
 .text.trs_uart_reset_out
                0x10012e74        0x4 libsdltrs_frontend_stubs.a(sdltrs_peripheral_stubs.c.o)
                0x10012e74                trs_uart_reset_out
 .text.trs_uart_baud_out
                0x10012e78        0x4 libsdltrs_frontend_stubs.a(sdltrs_peripheral_stubs.c.o)
                0x10012e78                trs_uart_baud_out
 .text.trs_uart_control_out
                0x10012e7c        0x4 libsdltrs_frontend_stubs.a(sdltrs_peripheral_stubs.c.o)
                0x10012e7c                trs_uart_control_out
 .text.trs_uart_data_out
                0x10012e80        0x4 libsdltrs_frontend_stubs.a(sdltrs_peripheral_stubs.c.o)
                0x10012e80                trs_uart_data_out
 .text.trs_uart_modem_in
                0x10012e84        0x4 libsdltrs_frontend_stubs.a(sdltrs_peripheral_stubs.c.o)
                0x10012e84                trs_uart_modem_in
 .text.trs_uart_switches_in
                0x10012e88        0x4 libsdltrs_frontend_stubs.a(sdltrs_peripheral_stubs.c.o)
                0x10012e88                trs_uart_switches_in
 .text.trs_uart_status_in
                0x10012e8c        0x4 libsdltrs_frontend_stubs.a(sdltrs_peripheral_stubs.c.o)
                0x10012e8c                trs_uart_status_in
 .text.trs_uart_data_in
                0x10012e90        0x4 libsdltrs_frontend_stubs.a(sdltrs_peripheral_stubs.c.o)
                0x10012e90                trs_uart_data_in
 .text.trs_save_float
                0x10012e94        0x4 libsdltrs_frontend_stubs.a(sdltrs_peripheral_stubs.c.o)
                0x10012e94                trs_save_float
 .text.trs_save_int
                0x10012e98        0x4 libsdltrs_frontend_stubs.a(sdltrs_peripheral_stubs.c.o)
                0x10012e98                trs_save_int
 .text.trs_save_uint8
                0x10012e9c        0x4 libsdltrs_frontend_stubs.a(sdltrs_peripheral_stubs.c.o)
                0x10012e9c                trs_save_uint8
 .text.trs_save_uint16
                0x10012ea0        0x4 libsdltrs_frontend_stubs.a(sdltrs_peripheral_stubs.c.o)
                0x10012ea0                trs_save_uint16
 .text.trs_save_uint32
                0x10012ea4        0x4 libsdltrs_frontend_stubs.a(sdltrs_peripheral_stubs.c.o)
                0x10012ea4                trs_save_uint32
 .text.trs_save_uint64
                0x10012ea8        0x4 libsdltrs_frontend_stubs.a(sdltrs_peripheral_stubs.c.o)
                0x10012ea8                trs_save_uint64
 .text.trs_load_float
                0x10012eac        0x4 libsdltrs_frontend_stubs.a(sdltrs_peripheral_stubs.c.o)
                0x10012eac                trs_load_float
 .text.trs_load_int
                0x10012eb0        0x4 libsdltrs_frontend_stubs.a(sdltrs_peripheral_stubs.c.o)
                0x10012eb0                trs_load_int
 .text.trs_load_uint8
                0x10012eb4        0x4 libsdltrs_frontend_stubs.a(sdltrs_peripheral_stubs.c.o)
                0x10012eb4                trs_load_uint8
 .text.trs_load_uint16
                0x10012eb8        0x4 libsdltrs_frontend_stubs.a(sdltrs_peripheral_stubs.c.o)
                0x10012eb8                trs_load_uint16
 .text.trs_load_uint32
                0x10012ebc        0x4 libsdltrs_frontend_stubs.a(sdltrs_peripheral_stubs.c.o)
                0x10012ebc                trs_load_uint32
 .text.trs_load_uint64
                0x10012ec0        0x4 libsdltrs_frontend_stubs.a(sdltrs_peripheral_stubs.c.o)
                0x10012ec0                trs_load_uint64
 .text.platform_init
                0x10012ec4       0x20 libsdltrs_frontend_stubs.a(platform_picocalc.c.o)
                0x10012ec4                platform_init
 .text.platform_poll_key
                0x10012ee4      0x114 libsdltrs_frontend_stubs.a(platform_picocalc.c.o)
                0x10012ee4                platform_poll_key
 .text.platform_screen_configure
                0x10012ff8       0x14 libsdltrs_frontend_stubs.a(platform_picocalc.c.o)
                0x10012ff8                platform_screen_configure
 .text.platform_screen_write_cell
                0x1001300c       0x30 libsdltrs_frontend_stubs.a(platform_picocalc.c.o)
                0x1001300c                platform_screen_write_cell
 .text.platform_screen_flush
                0x1001303c        0x4 libsdltrs_frontend_stubs.a(platform_picocalc.c.o)
                0x1001303c                platform_screen_flush
 .text.platform_set_disk_led
                0x10013040        0x4 libsdltrs_frontend_stubs.a(platform_picocalc.c.o)
                0x10013040                platform_set_disk_led
 .text.platform_set_hard_led
                0x10013044        0x4 libsdltrs_frontend_stubs.a(platform_picocalc.c.o)
                0x10013044                platform_set_hard_led
 .text.platform_set_turbo_led
                0x10013048        0x4 libsdltrs_frontend_stubs.a(platform_picocalc.c.o)
                0x10013048                platform_set_turbo_led
 .text.platform_file_exists
                0x1001304c       0x3c libsdltrs_frontend_stubs.a(platform_picocalc.c.o)
                0x1001304c                platform_file_exists
 .text.display_init
                0x10013088       0x28 libsdltrs_frontend_stubs.a(display.c.o)
                0x10013088                display_init
 .text.on_sd_card_detect
                0x100130b0       0x4c libsdltrs_frontend_stubs.a(fat32.c.o)
 .text.fat32_dir_read.part.0
                0x100130fc      0x560 libsdltrs_frontend_stubs.a(fat32.c.o)
 .text.fat32_mount
                0x1001365c      0x224 libsdltrs_frontend_stubs.a(fat32.c.o)
                0x1001365c                fat32_mount
 .text.find_entry
                0x10013880      0x21c libsdltrs_frontend_stubs.a(fat32.c.o)
 .text.fat32_open.part.0
                0x10013a9c       0x68 libsdltrs_frontend_stubs.a(fat32.c.o)
 .text.fat32_is_mounted
                0x10013b04        0xc libsdltrs_frontend_stubs.a(fat32.c.o)
                0x10013b04                fat32_is_mounted
 .text.fat32_open
                0x10013b10       0x94 libsdltrs_frontend_stubs.a(fat32.c.o)
                0x10013b10                fat32_open
 .text.fat32_close
                0x10013ba4       0x20 libsdltrs_frontend_stubs.a(fat32.c.o)
                0x10013ba4                fat32_close
 .text.fat32_init
                0x10013bc4       0x74 libsdltrs_frontend_stubs.a(fat32.c.o)
                0x10013bc4                fat32_init
 .text.on_keyboard_timer
                0x10013c38      0x190 libsdltrs_frontend_stubs.a(keyboard.c.o)
 .text.keyboard_key_available
                0x10013dc8       0x1c libsdltrs_frontend_stubs.a(keyboard.c.o)
                0x10013dc8                keyboard_key_available
 .text.keyboard_get_key
                0x10013de4       0x30 libsdltrs_frontend_stubs.a(keyboard.c.o)
                0x10013de4                keyboard_get_key
 .text.keyboard_set_background_poll
                0x10013e14       0x38 libsdltrs_frontend_stubs.a(keyboard.c.o)
                0x10013e14                keyboard_set_background_poll
 .text.keyboard_init
                0x10013e4c       0x18 libsdltrs_frontend_stubs.a(keyboard.c.o)
                0x10013e4c                keyboard_init
 .text.lcd_write_data.constprop.0
                0x10013e64       0x54 libsdltrs_frontend_stubs.a(lcd.c.o)
 .text.lcd_write_data.constprop.1
                0x10013eb8       0x40 libsdltrs_frontend_stubs.a(lcd.c.o)
 .text.lcd_write_data.constprop.2
                0x10013ef8       0x5c libsdltrs_frontend_stubs.a(lcd.c.o)
 .text.lcd_write_data.constprop.3
                0x10013f54       0x54 libsdltrs_frontend_stubs.a(lcd.c.o)
 .text.lcd_set_window
                0x10013fa8       0xac libsdltrs_frontend_stubs.a(lcd.c.o)
 .text.lcd_blit.constprop.0
                0x10014054      0x100 libsdltrs_frontend_stubs.a(lcd.c.o)
 .text.on_cursor_timer
                0x10014154       0xe4 libsdltrs_frontend_stubs.a(lcd.c.o)
                0x10014154                on_cursor_timer
 .text.lcd_blit
                0x10014238      0x108 libsdltrs_frontend_stubs.a(lcd.c.o)
                0x10014238                lcd_blit
 .text.lcd_clear_screen
                0x10014340      0x274 libsdltrs_frontend_stubs.a(lcd.c.o)
                0x10014340                lcd_clear_screen
 .text.lcd_putc
                0x100145b4      0x3b4 libsdltrs_frontend_stubs.a(lcd.c.o)
                0x100145b4                lcd_putc
 .text.lcd_init
                0x10014968      0x2bc libsdltrs_frontend_stubs.a(lcd.c.o)
                0x10014968                lcd_init
 .text.sd_card_present
                0x10014c24       0x10 libsdltrs_frontend_stubs.a(sdcard.c.o)
                0x10014c24                sd_card_present
 .text.sd_read_block
                0x10014c34      0x13c libsdltrs_frontend_stubs.a(sdcard.c.o)
                0x10014c34                sd_read_block
 .text.sd_card_init
                0x10014d70      0x3fc libsdltrs_frontend_stubs.a(sdcard.c.o)
                0x10014d70                sd_card_init
 .text.sd_init  0x1001516c       0x60 libsdltrs_frontend_stubs.a(sdcard.c.o)
                0x1001516c                sd_init
 .text.sb_available
                0x100151cc       0x14 libsdltrs_frontend_stubs.a(southbridge.c.o)
                0x100151cc                sb_available
 .text.sb_read_keyboard
                0x100151e0       0xb4 libsdltrs_frontend_stubs.a(southbridge.c.o)
                0x100151e0                sb_read_keyboard
 .text.sb_init  0x10015294       0x48 libsdltrs_frontend_stubs.a(southbridge.c.o)
                0x10015294                sb_init
 .text          0x100152dc       0x64 /usr/lib/gcc/arm-none-eabi/13.2.1/../../../arm-none-eabi/lib/thumb/v8-m.main+fp/softfp/libg.a(libc_a-strncpy.o)
                0x100152dc                strncpy
 .text          0x10015340       0x2c /usr/lib/gcc/arm-none-eabi/13.2.1/../../../arm-none-eabi/lib/thumb/v8-m.main+fp/softfp/libg.a(libc_a-getenv.o)
                0x10015340                _findenv
                0x10015350                getenv
 .text          0x1001536c       0xa4 /usr/lib/gcc/arm-none-eabi/13.2.1/../../../arm-none-eabi/lib/thumb/v8-m.main+fp/softfp/libg.a(libc_a-memset.o)
                0x1001536c                memset
 .text          0x10015410       0x74 /usr/lib/gcc/arm-none-eabi/13.2.1/../../../arm-none-eabi/lib/thumb/v8-m.main+fp/softfp/libg.a(libc_a-getc.o)
                0x10015410                _getc_r
                0x10015448                getc
 *fill*         0x10015484        0x4 
 .text          0x10015488     0x1550 /usr/lib/gcc/arm-none-eabi/13.2.1/../../../arm-none-eabi/lib/thumb/v8-m.main+fp/softfp/libg.a(libc_a-vfprintf.o)
                0x10015488                _vfprintf_r
                0x10016954                vfprintf
 .text          0x100169d8       0x10 /usr/lib/gcc/arm-none-eabi/13.2.1/../../../arm-none-eabi/lib/thumb/v8-m.main+fp/softfp/libg.a(libc_a-lcltime.o)
                0x100169d8                localtime
 .text          0x100169e8       0x38 /usr/lib/gcc/arm-none-eabi/13.2.1/../../../arm-none-eabi/lib/thumb/v8-m.main+fp/softfp/libg.a(libc_a-rewind.o)
                0x100169e8                _rewind_r
                0x10016a00                rewind
 .text          0x10016a20      0x1ac /usr/lib/gcc/arm-none-eabi/13.2.1/../../../arm-none-eabi/lib/thumb/v8-m.main+fp/softfp/libg.a(libc_a-fflush.o)
                0x10016a20                __sflush_r
                0x10016b58                _fflush_r
                0x10016b84                fflush
 .text          0x10016bcc        0xc /usr/lib/gcc/arm-none-eabi/13.2.1/../../../arm-none-eabi/lib/thumb/v8-m.main+fp/softfp/libg.a(libc_a-errno.o)
                0x10016bcc                __errno
 .text          0x10016bd8       0xc4 /usr/lib/gcc/arm-none-eabi/13.2.1/../../../arm-none-eabi/lib/thumb/v8-m.main+fp/softfp/libg.a(libc_a-fgets.o)
                0x10016bd8                _fgets_r
                0x10016c84                fgets
 .text          0x10016c9c       0x4c /usr/lib/gcc/arm-none-eabi/13.2.1/../../../arm-none-eabi/lib/thumb/v8-m.main+fp/softfp/libg.a(libc_a-strcasecmp.o)
                0x10016c9c                strcasecmp
 .text          0x10016ce8       0x70 /usr/lib/gcc/arm-none-eabi/13.2.1/../../../arm-none-eabi/lib/thumb/v8-m.main+fp/softfp/libg.a(libc_a-callocr.o)
                0x10016ce8                _calloc_r
 .text          0x10016d58       0x6c /usr/lib/gcc/arm-none-eabi/13.2.1/../../../arm-none-eabi/lib/thumb/v8-m.main+fp/softfp/libg.a(libc_a-fputc.o)
                0x10016d58                _fputc_r
                0x10016d88                fputc
 .text          0x10016dc4       0xa4 /usr/lib/gcc/arm-none-eabi/13.2.1/../../../arm-none-eabi/lib/thumb/v8-m.main+fp/softfp/libg.a(libc_a-rget.o)
                0x10016dc4                __srget_r
                0x10016e10                __srget
 .text          0x10016e68      0x548 /usr/lib/gcc/arm-none-eabi/13.2.1/../../../arm-none-eabi/lib/thumb/v8-m.main+fp/softfp/libg.a(libc_a-mallocr.o)
                0x10016e68                _malloc_r
 .text          0x100173b0     0x1018 /usr/lib/gcc/arm-none-eabi/13.2.1/../../../arm-none-eabi/lib/thumb/v8-m.main+fp/softfp/libg.a(libc_a-dtoa.o)
                0x100174e8                _dtoa_r
 .text          0x100183c8       0xc4 /usr/lib/gcc/arm-none-eabi/13.2.1/../../../arm-none-eabi/lib/thumb/v8-m.main+fp/softfp/libg.a(libc_a-wsetup.o)
                0x100183c8                __swsetup_r
 .text          0x1001848c      0x2b0 /usr/lib/gcc/arm-none-eabi/13.2.1/../../../arm-none-eabi/lib/thumb/v8-m.main+fp/softfp/libg.a(libc_a-freer.o)
                0x1001848c                _malloc_trim_r
                0x10018544                _free_r
 .text          0x1001873c       0x6c /usr/lib/gcc/arm-none-eabi/13.2.1/../../../arm-none-eabi/lib/thumb/v8-m.main+fp/softfp/libg.a(libc_a-strtok_r.o)
                0x1001873c                __strtok_r
                0x100187a0                strtok_r
 .text          0x100187a8       0x1c /usr/lib/gcc/arm-none-eabi/13.2.1/../../../arm-none-eabi/lib/thumb/v8-m.main+fp/softfp/libg.a(libc_a-fseek.o)
                0x100187a8                _fseek_r
                0x100187ac                fseek
 .text          0x100187c4       0x90 /usr/lib/gcc/arm-none-eabi/13.2.1/../../../arm-none-eabi/lib/thumb/v8-m.main+fp/softfp/libg.a(libc_a-fclose.o)
                0x100187c4                _fclose_r
                0x10018844                fclose
 .text          0x10018854      0x2c0 /usr/lib/gcc/arm-none-eabi/13.2.1/../../../arm-none-eabi/lib/thumb/v8-m.main+fp/softfp/libg.a(libc_a-fseeko.o)
                0x10018854                _fseeko_r
                0x10018afc                fseeko
 .text          0x10018b14       0x20 /usr/lib/gcc/arm-none-eabi/13.2.1/../../../arm-none-eabi/lib/thumb/v8-m.main+fp/softfp/libg.a(libc_a-malloc.o)
                0x10018b14                malloc
                0x10018b24                free
 .text          0x10018b34       0xec /usr/lib/gcc/arm-none-eabi/13.2.1/../../../arm-none-eabi/lib/thumb/v8-m.main+fp/softfp/libg.a(libc_a-memcpy.o)
                0x10018b34                memcpy
 .text          0x10018c20       0xa4 /usr/lib/gcc/arm-none-eabi/13.2.1/../../../arm-none-eabi/lib/thumb/v8-m.main+fp/softfp/libg.a(libc_a-putc.o)
                0x10018c20                _putc_r
                0x10018c6c                putc
 .text          0x10018cc4       0x1c /usr/lib/gcc/arm-none-eabi/13.2.1/../../../arm-none-eabi/lib/thumb/v8-m.main+fp/softfp/libg.a(libc_a-sysconf.o)
                0x10018cc4                sysconf
 .text          0x10018ce0       0x98 /usr/lib/gcc/arm-none-eabi/13.2.1/../../../arm-none-eabi/lib/thumb/v8-m.main+fp/softfp/libg.a(libc_a-stdio.o)
                0x10018ce0                __sread
                0x10018d04                __seofread
                0x10018d08                __swrite
                0x10018d48                __sseek
                0x10018d70                __sclose
 .text          0x10018d78       0x44 /usr/lib/gcc/arm-none-eabi/13.2.1/../../../arm-none-eabi/lib/thumb/v8-m.main+fp/softfp/libg.a(libc_a-fprintf.o)
                0x10018d78                _fprintf_r
                0x10018d94                fprintf
 .text          0x10018dbc      0x114 /usr/lib/gcc/arm-none-eabi/13.2.1/../../../arm-none-eabi/lib/thumb/v8-m.main+fp/softfp/libg.a(libc_a-refill.o)
                0x10018dd8                __srefill_r
 .text          0x10018ed0       0x90 /usr/lib/gcc/arm-none-eabi/13.2.1/../../../arm-none-eabi/lib/thumb/v8-m.main+fp/softfp/libg.a(libc_a-getenv_r.o)
                0x10018ed0                _findenv_r
                0x10018f50                _getenv_r
 .text          0x10018f60       0xbc /usr/lib/gcc/arm-none-eabi/13.2.1/../../../arm-none-eabi/lib/thumb/v8-m.main+fp/softfp/libg.a(libc_a-wbuf.o)
                0x10018f60                __swbuf_r
                0x1001900c                __swbuf
 .text          0x1001901c      0x370 /usr/lib/gcc/arm-none-eabi/13.2.1/../../../arm-none-eabi/lib/thumb/v8-m.main+fp/softfp/libg.a(libc_a-reallocr.o)
                0x1001901c                _realloc_r
 .text          0x1001938c       0x2c /usr/lib/gcc/arm-none-eabi/13.2.1/../../../arm-none-eabi/lib/thumb/v8-m.main+fp/softfp/libg.a(libc_a-writer.o)
                0x1001938c                _write_r
 .text          0x100193b8      0x568 /usr/lib/gcc/arm-none-eabi/13.2.1/../../../arm-none-eabi/lib/thumb/v8-m.main+fp/softfp/libg.a(libc_a-mktime.o)
                0x10019590                mktime
 .text          0x10019920      0x3f4 /usr/lib/gcc/arm-none-eabi/13.2.1/../../../arm-none-eabi/lib/thumb/v8-m.main+fp/softfp/libg.a(libc_a-strerror.o)
                0x10019920                _strerror_r
                0x10019cec                strerror
                0x10019d00                strerror_l
 .text          0x10019d14       0x2c /usr/lib/gcc/arm-none-eabi/13.2.1/../../../arm-none-eabi/lib/thumb/v8-m.main+fp/softfp/libg.a(libc_a-fstatr.o)
                0x10019d14                _fstat_r
 .text          0x10019d40        0x8 /usr/lib/gcc/arm-none-eabi/13.2.1/../../../arm-none-eabi/lib/thumb/v8-m.main+fp/softfp/libg.a(libc_a-mlock.o)
                0x10019d40                __malloc_lock
                0x10019d44                __malloc_unlock
 .text          0x10019d48      0x224 /usr/lib/gcc/arm-none-eabi/13.2.1/../../../arm-none-eabi/lib/thumb/v8-m.main+fp/softfp/libg.a(libc_a-findfp.o)
                0x10019e78                __sfp
                0x10019f1c                __sinit
                0x10019f3c                __sfp_lock_acquire
                0x10019f40                __sfp_lock_release
                0x10019f44                __fp_lock_all
                0x10019f58                __fp_unlock_all
 .text          0x10019f6c        0x8 /usr/lib/gcc/arm-none-eabi/13.2.1/../../../arm-none-eabi/lib/thumb/v8-m.main+fp/softfp/libg.a(libc_a-tzlock.o)
                0x10019f6c                __tz_lock
                0x10019f70                __tz_unlock
 .text          0x10019f74        0xc /usr/lib/gcc/arm-none-eabi/13.2.1/../../../arm-none-eabi/lib/thumb/v8-m.main+fp/softfp/libg.a(libc_a-atexit.o)
                0x10019f74                atexit
 .text          0x10019f80      0x244 /usr/lib/gcc/arm-none-eabi/13.2.1/../../../arm-none-eabi/lib/thumb/v8-m.main+fp/softfp/libg.a(libc_a-lcltime_r.o)
                0x10019f80                localtime_r
 .text          0x1001a1c4       0x5c /usr/lib/gcc/arm-none-eabi/13.2.1/../../../arm-none-eabi/lib/thumb/v8-m.main+fp/softfp/libg.a(libc_a-strlen-stub.o)
                0x1001a1c4                strlen
 .text          0x1001a220       0x24 /usr/lib/gcc/arm-none-eabi/13.2.1/../../../arm-none-eabi/lib/thumb/v8-m.main+fp/softfp/libg.a(libc_a-sbrkr.o)
                0x1001a220                _sbrk_r
 .text          0x1001a244       0xbc /usr/lib/gcc/arm-none-eabi/13.2.1/../../../arm-none-eabi/lib/thumb/v8-m.main+fp/softfp/libg.a(libc_a-strcpy.o)
                0x1001a244                strcpy
 .text          0x1001a300       0x98 /usr/lib/gcc/arm-none-eabi/13.2.1/../../../arm-none-eabi/lib/thumb/v8-m.main+fp/softfp/libg.a(libc_a-fopen.o)
                0x1001a300                _fopen_r
                0x1001a388                fopen
 .text          0x1001a398       0x38 /usr/lib/gcc/arm-none-eabi/13.2.1/../../../arm-none-eabi/lib/thumb/v8-m.main+fp/softfp/libg.a(libc_a-time.o)
                0x1001a398                time
 .text          0x1001a3d0       0x24 /usr/lib/gcc/arm-none-eabi/13.2.1/../../../arm-none-eabi/lib/thumb/v8-m.main+fp/softfp/libg.a(libc_a-closer.o)
                0x1001a3d0                _close_r
 .text          0x1001a3f4       0x28 /usr/lib/gcc/arm-none-eabi/13.2.1/../../../arm-none-eabi/lib/thumb/v8-m.main+fp/softfp/libg.a(libc_a-fini.o)
                0x1001a3f4                __libc_fini_array
 .text          0x1001a41c       0x2c /usr/lib/gcc/arm-none-eabi/13.2.1/../../../arm-none-eabi/lib/thumb/v8-m.main+fp/softfp/libg.a(libc_a-openr.o)
                0x1001a41c                _open_r
 .text          0x1001a448       0x20 /usr/lib/gcc/arm-none-eabi/13.2.1/../../../arm-none-eabi/lib/thumb/v8-m.main+fp/softfp/libg.a(libc_a-sprint_r.o)
                0x1001a448                __sprint_r
 .text          0x1001a468        0x8 /usr/lib/gcc/arm-none-eabi/13.2.1/../../../arm-none-eabi/lib/thumb/v8-m.main+fp/softfp/libg.a(libc_a-envlock.o)
                0x1001a468                __env_lock
                0x1001a46c                __env_unlock
 .text          0x1001a470      0xa98 /usr/lib/gcc/arm-none-eabi/13.2.1/../../../arm-none-eabi/lib/thumb/v8-m.main+fp/softfp/libg.a(libc_a-mprec.o)
                0x1001a470                _Balloc
                0x1001a4bc                _Bfree
                0x1001a4d0                __multadd
                0x1001a574                __s2b
                0x1001a624                __hi0bits
                0x1001a66c                __lo0bits
                0x1001a6cc                __i2b
                0x1001a728                __multiply
                0x1001a88c                __pow5mult
                0x1001a940                __lshift
                0x1001aa28                __mcmp
                0x1001aa6c                __mdiff
                0x1001abec                __ulp
                0x1001ac38                __b2d
                0x1001acfc                __d2b
                0x1001adbc                __ratio
                0x1001ae18                _mprec_log10
                0x1001ae50                __copybits
                0x1001aeac                __any_on
 .text          0x1001af08       0x98 /usr/lib/gcc/arm-none-eabi/13.2.1/../../../arm-none-eabi/lib/thumb/v8-m.main+fp/softfp/libg.a(libc_a-memchr-stub.o)
                0x1001af08                memchr
 .text          0x1001afa0       0x44 /usr/lib/gcc/arm-none-eabi/13.2.1/../../../arm-none-eabi/lib/thumb/v8-m.main+fp/softfp/libg.a(libc_a-fwalk.o)
                0x1001afa0                _fwalk_sglue
 .text          0x1001afe4       0x14 /usr/lib/gcc/arm-none-eabi/13.2.1/../../../arm-none-eabi/lib/thumb/v8-m.main+fp/softfp/libg.a(libc_a-localeconv.o)
                0x1001afe4                __localeconv_l
                0x1001afe8                _localeconv_r
                0x1001aff0                localeconv
 .text          0x1001aff8      0x13c /usr/lib/gcc/arm-none-eabi/13.2.1/../../../arm-none-eabi/lib/thumb/v8-m.main+fp/softfp/libg.a(libc_a-makebuf.o)
                0x1001aff8                __smakebuf_r
                0x1001b0d4                __swhatbuf_r
 .text          0x1001b134       0x8c /usr/lib/gcc/arm-none-eabi/13.2.1/../../../arm-none-eabi/lib/thumb/v8-m.main+fp/softfp/libg.a(libc_a-locale.o)
                0x1001b134                _setlocale_r
                0x1001b174                __locale_mb_cur_max
                0x1001b180                setlocale
 .text          0x1001b1c0       0x14 /usr/lib/gcc/arm-none-eabi/13.2.1/../../../arm-none-eabi/lib/thumb/v8-m.main+fp/softfp/libg.a(libc_a-div.o)
                0x1001b1c0                div
 .text          0x1001b1d4      0x1bc /usr/lib/gcc/arm-none-eabi/13.2.1/../../../arm-none-eabi/lib/thumb/v8-m.main+fp/softfp/libg.a(libc_a-strcmp.o)
                0x1001b1d4                strcmp
 .text          0x1001b390       0x40 /usr/lib/gcc/arm-none-eabi/13.2.1/../../../arm-none-eabi/lib/thumb/v8-m.main+fp/softfp/libg.a(libc_a-mbtowc_r.o)
                0x1001b390                _mbtowc_r
                0x1001b3a4                __ascii_mbtowc
 .text          0x1001b3d0       0x80 /usr/lib/gcc/arm-none-eabi/13.2.1/../../../arm-none-eabi/lib/thumb/v8-m.main+fp/softfp/libg.a(libc_a-strncmp.o)
                0x1001b3d0                strncmp
 .text          0x1001b450      0x100 /usr/lib/gcc/arm-none-eabi/13.2.1/../../../arm-none-eabi/lib/thumb/v8-m.main+fp/softfp/libg.a(libc_a-memmove.o)
                0x1001b450                memmove
 .text          0x1001b550        0x4 /usr/lib/gcc/arm-none-eabi/13.2.1/../../../arm-none-eabi/lib/thumb/v8-m.main+fp/softfp/libg.a(libc_a-u_strerr.o)
                0x1001b550                _user_strerror
 .text          0x1001b554       0x2c /usr/lib/gcc/arm-none-eabi/13.2.1/../../../arm-none-eabi/lib/thumb/v8-m.main+fp/softfp/libg.a(libc_a-readr.o)
                0x1001b554                _read_r
 .text          0x1001b580       0x2c /usr/lib/gcc/arm-none-eabi/13.2.1/../../../arm-none-eabi/lib/thumb/v8-m.main+fp/softfp/libg.a(libc_a-gettimeofdayr.o)
                0x1001b580                _gettimeofday_r
 .text          0x1001b5ac       0x80 /usr/lib/gcc/arm-none-eabi/13.2.1/../../../arm-none-eabi/lib/thumb/v8-m.main+fp/softfp/libg.a(libc_a-flags.o)
                0x1001b5ac                __sflags
 .text          0x1001b62c       0x28 /usr/lib/gcc/arm-none-eabi/13.2.1/../../../arm-none-eabi/lib/thumb/v8-m.main+fp/softfp/libg.a(libc_a-tzset.o)
                0x1001b62c                _tzset_unlocked
                0x1001b638                tzset
 .text          0x1001b654        0x8 /usr/lib/gcc/arm-none-eabi/13.2.1/../../../arm-none-eabi/lib/thumb/v8-m.main+fp/softfp/libg.a(libc_a-gettzinfo.o)
                0x1001b654                __gettzinfo
 .text          0x1001b65c       0x30 /usr/lib/gcc/arm-none-eabi/13.2.1/../../../arm-none-eabi/lib/thumb/v8-m.main+fp/softfp/libg.a(libc_a-wctomb_r.o)
                0x1001b65c                _wctomb_r
                0x1001b670                __ascii_wctomb
 .text          0x1001b68c       0x2c /usr/lib/gcc/arm-none-eabi/13.2.1/../../../arm-none-eabi/lib/thumb/v8-m.main+fp/softfp/libg.a(libc_a-lseekr.o)
                0x1001b68c                _lseek_r
 .text          0x1001b6b8      0x1b0 /usr/lib/gcc/arm-none-eabi/13.2.1/../../../arm-none-eabi/lib/thumb/v8-m.main+fp/softfp/libg.a(libc_a-tzcalc_limits.o)
                0x1001b6b8                __tzcalc_limits
 .text          0x1001b868       0x64 /usr/lib/gcc/arm-none-eabi/13.2.1/../../../arm-none-eabi/lib/thumb/v8-m.main+fp/softfp/libg.a(libc_a-__atexit.o)
                0x1001b868                __register_exitproc
 .text          0x1001b8cc      0x1bc /usr/lib/gcc/arm-none-eabi/13.2.1/../../../arm-none-eabi/lib/thumb/v8-m.main+fp/softfp/libg.a(libc_a-gmtime_r.o)
                0x1001b8cc                gmtime_r
 .text          0x1001ba88       0x24 /usr/lib/gcc/arm-none-eabi/13.2.1/../../../arm-none-eabi/lib/thumb/v8-m.main+fp/softfp/libg.a(libc_a-isattyr.o)
                0x1001ba88                _isatty_r
 .text          0x1001baac      0x300 /usr/lib/gcc/arm-none-eabi/13.2.1/../../../arm-none-eabi/lib/thumb/v8-m.main+fp/softfp/libg.a(libc_a-fvwrite.o)
                0x1001baac                __sfvwrite_r
 .text          0x1001bdac      0x4a4 /usr/lib/gcc/arm-none-eabi/13.2.1/../../../arm-none-eabi/lib/thumb/v8-m.main+fp/softfp/libg.a(libc_a-tzset_r.o)
                0x1001bdac                _tzset_unlocked_r
                0x1001c238                _tzset_r
 .text.startup  0x1001c250       0x14 /usr/lib/gcc/arm-none-eabi/13.2.1/../../../arm-none-eabi/lib/thumb/v8-m.main+fp/softfp/libg.a(libc_a-__call_atexit.o)
 .text          0x1001c264       0xb0 /usr/lib/gcc/arm-none-eabi/13.2.1/../../../arm-none-eabi/lib/thumb/v8-m.main+fp/softfp/libg.a(libc_a-siscanf.o)
                0x1001c264                siscanf
                0x1001c2bc                _siscanf_r
 .text          0x1001c314      0x15c /usr/lib/gcc/arm-none-eabi/13.2.1/../../../arm-none-eabi/lib/thumb/v8-m.main+fp/softfp/libg.a(libc_a-strtoul.o)
                0x1001c43c                _strtoul_r
                0x1001c440                strtoul_l
                0x1001c458                strtoul
 .text          0x1001c470     0x10b4 /usr/lib/gcc/arm-none-eabi/13.2.1/../../../arm-none-eabi/lib/thumb/v8-m.main+fp/softfp/libg.a(libc_a-svfiscanf.o)
                0x1001c470                _sungetc_r
                0x1001c4ec                __ssrefill_r
                0x1001c524                _sfread_r
                0x1001c5c8                __ssvfiscanf_r
 .text          0x1001d524      0x144 /usr/lib/gcc/arm-none-eabi/13.2.1/../../../arm-none-eabi/lib/thumb/v8-m.main+fp/softfp/libg.a(libc_a-ungetc.o)
                0x1001d524                __submore
                0x1001d598                _ungetc_r
                0x1001d658                ungetc
 .text          0x1001d668      0x19c /usr/lib/gcc/arm-none-eabi/13.2.1/../../../arm-none-eabi/lib/thumb/v8-m.main+fp/softfp/libg.a(libc_a-strtoll.o)
                0x1001d7d0                _strtoll_r
                0x1001d7d4                strtoll_l
                0x1001d7ec                strtoll
 .text          0x1001d804       0xa0 /usr/lib/gcc/arm-none-eabi/13.2.1/../../../arm-none-eabi/lib/thumb/v8-m.main+fp/softfp/libg.a(libc_a-sccl.o)
                0x1001d804                __sccl
 .text          0x1001d8a4      0x1c0 /usr/lib/gcc/arm-none-eabi/13.2.1/../../../arm-none-eabi/lib/thumb/v8-m.main+fp/softfp/libg.a(libc_a-strtoull.o)
                0x1001da30                _strtoull_r
                0x1001da34                strtoull_l
                0x1001da4c                strtoull
 .text          0x1001da64      0x17c /usr/lib/gcc/arm-none-eabi/13.2.1/../../../arm-none-eabi/lib/thumb/v8-m.main+fp/softfp/libg.a(libc_a-strtol.o)
                0x1001db70                _strtol_r
                0x1001db88                strtol_l
                0x1001dbb4                strtol
 .text          0x1001dbe0        0x8 /usr/lib/gcc/arm-none-eabi/13.2.1/../../../arm-none-eabi/lib/thumb/v8-m.main+fp/softfp/libg.a(libc_a-iswspace.o)
                0x1001dbe0                iswspace
 .text          0x1001dbe8       0x90 /usr/lib/gcc/arm-none-eabi/13.2.1/../../../arm-none-eabi/lib/thumb/v8-m.main+fp/softfp/libg.a(libc_a-mbrtowc.o)
                0x1001dbe8                _mbrtowc_r
                0x1001dc28                mbrtowc
 .text          0x1001dc78       0x18 /usr/lib/gcc/arm-none-eabi/13.2.1/../../../arm-none-eabi/lib/thumb/v8-m.main+fp/softfp/libg.a(libc_a-iswspace_l.o)
                0x1001dc78                iswspace_l
 *(.fini)
 .fini          0x1001dc90        0x4 /usr/lib/gcc/arm-none-eabi/13.2.1/thumb/v8-m.main+fp/softfp/crti.o
                0x1001dc90                _fini
 *fill*         0x1001dc94        0x4 
 .fini.__stub   0x1001dc98       0x38 linker stubs
 *crtbegin.o(.ctors)
 *crtbegin?.o(.ctors)
 *(EXCLUDE_FILE(*crtend.o *crtend?.o) .ctors)
 *(SORT_BY_NAME(.ctors.*))
 *(.ctors)
 *crtbegin.o(.dtors)
 *crtbegin?.o(.dtors)
 *(EXCLUDE_FILE(*crtend.o *crtend?.o) .dtors)
 *(SORT_BY_NAME(.dtors.*))
 *(.dtors)
                0x1001dcd0                        . = ALIGN (0x4)
                0x1001dcd0                        PROVIDE (__preinit_array_start = .)
 *(SORT_BY_NAME(.preinit_array.*))
 .preinit_array.00050
                0x1001dcd0        0x4 CMakeFiles/picocalc_trs_scaffold.dir/home/codespace/pico-sdk/src/rp2_common/pico_runtime_init/runtime_init.c.o
                0x1001dcd0                __pre_init_runtime_init_bootrom_reset
 .preinit_array.00100
                0x1001dcd4        0x4 CMakeFiles/picocalc_trs_scaffold.dir/home/codespace/pico-sdk/src/rp2_common/pico_runtime_init/runtime_init.c.o
                0x1001dcd4                __pre_init_runtime_init_early_resets
 .preinit_array.00101
                0x1001dcd8        0x4 CMakeFiles/picocalc_trs_scaffold.dir/home/codespace/pico-sdk/src/rp2_common/pico_runtime_init/runtime_init.c.o
                0x1001dcd8                __pre_init_runtime_init_usb_power_down
 .preinit_array.00500
                0x1001dcdc        0x4 CMakeFiles/picocalc_trs_scaffold.dir/home/codespace/pico-sdk/src/rp2_common/pico_runtime_init/runtime_init.c.o
                0x1001dcdc                __pre_init_runtime_init_clocks
 .preinit_array.00600
                0x1001dce0        0x4 CMakeFiles/picocalc_trs_scaffold.dir/home/codespace/pico-sdk/src/rp2_common/pico_runtime_init/runtime_init.c.o
                0x1001dce0                __pre_init_runtime_init_post_clock_resets
 .preinit_array.01000
                0x1001dce4        0x4 CMakeFiles/picocalc_trs_scaffold.dir/home/codespace/pico-sdk/src/rp2_common/hardware_boot_lock/boot_lock.c.o
                0x1001dce4                __pre_init_runtime_init_boot_locks_reset
 .preinit_array.01000
                0x1001dce8        0x4 CMakeFiles/picocalc_trs_scaffold.dir/home/codespace/pico-sdk/src/rp2_common/pico_runtime_init/runtime_init.c.o
                0x1001dce8                __pre_init_runtime_init_spin_locks_reset
 .preinit_array.01010
                0x1001dcec        0x4 CMakeFiles/picocalc_trs_scaffold.dir/home/codespace/pico-sdk/src/rp2_common/pico_bootrom/bootrom_lock.c.o
                0x1001dcec                __pre_init_runtime_init_bootrom_locking_enable
 .preinit_array.01100
                0x1001dcf0        0x4 CMakeFiles/picocalc_trs_scaffold.dir/home/codespace/pico-sdk/src/common/pico_sync/mutex.c.o
                0x1001dcf0                __pre_init_runtime_init_mutex
 .preinit_array.10080
                0x1001dcf4        0x4 CMakeFiles/picocalc_trs_scaffold.dir/home/codespace/pico-sdk/src/rp2_common/pico_runtime_init/runtime_init.c.o
                0x1001dcf4                __pre_init_runtime_init_install_ram_vector_table
 .preinit_array.11000
                0x1001dcf8        0x4 CMakeFiles/picocalc_trs_scaffold.dir/home/codespace/pico-sdk/src/common/pico_time/time.c.o
                0x1001dcf8                __pre_init_runtime_init_default_alarm_pool
 .preinit_array.YYYYY
                0x1001dcfc        0x4 CMakeFiles/picocalc_trs_scaffold.dir/home/codespace/pico-sdk/src/rp2_common/pico_runtime/runtime.c.o
                0x1001dcfc                __pre_init_first_per_core_initializer
 .preinit_array.ZZZZZ.00051
                0x1001dd00        0x4 CMakeFiles/picocalc_trs_scaffold.dir/home/codespace/pico-sdk/src/rp2_common/pico_runtime_init/runtime_init.c.o
                0x1001dd00                __pre_init_runtime_init_per_core_bootrom_reset
 .preinit_array.ZZZZZ.00200
                0x1001dd04        0x4 CMakeFiles/picocalc_trs_scaffold.dir/home/codespace/pico-sdk/src/rp2_common/pico_runtime_init/runtime_init.c.o
                0x1001dd04                __pre_init_runtime_init_per_core_enable_coprocessors
 .preinit_array.ZZZZZ.01000
                0x1001dd08        0x4 CMakeFiles/picocalc_trs_scaffold.dir/home/codespace/pico-sdk/src/rp2_common/hardware_sync_spin_lock/sync_spin_lock.c.o
                0x1001dd08                __pre_init_spinlock_set_extexclall
 .preinit_array.ZZZZZ.01200
                0x1001dd0c        0x4 CMakeFiles/picocalc_trs_scaffold.dir/home/codespace/pico-sdk/src/rp2_common/hardware_irq/irq.c.o
                0x1001dd0c                __pre_init_runtime_init_per_core_irq_priorities
 *(.preinit_array)
                0x1001dd10                        PROVIDE (__preinit_array_end = .)
                0x1001dd10                        . = ALIGN (0x4)
                0x1001dd10                        PROVIDE (__init_array_start = .)
 *(SORT_BY_NAME(.init_array.*))
 .init_array.00000
                0x1001dd10        0x4 /usr/lib/gcc/arm-none-eabi/13.2.1/../../../arm-none-eabi/lib/thumb/v8-m.main+fp/softfp/libg.a(libc_a-__call_atexit.o)
 *(.init_array)
 .init_array    0x1001dd14        0x4 /usr/lib/gcc/arm-none-eabi/13.2.1/thumb/v8-m.main+fp/softfp/crtbegin.o
                0x1001dd18                        PROVIDE (__init_array_end = .)
                0x1001dd18                        . = ALIGN (0x4)
                0x1001dd18                        PROVIDE (__fini_array_start = .)
 *(SORT_BY_NAME(.fini_array.*))
 *(.fini_array)
                0x1001dd18                        PROVIDE (__fini_array_end = .)
 *(.eh_frame*)
 .eh_frame      0x1001dd18        0x0 /usr/lib/gcc/arm-none-eabi/13.2.1/thumb/v8-m.main+fp/softfp/crtbegin.o
                0x1001dd18                        . = ALIGN (0x4)

.glue_7         0x1001dd18        0x0
 .glue_7        0x1001dd18        0x0 linker stubs

.glue_7t        0x1001dd18        0x0
 .glue_7t       0x1001dd18        0x0 linker stubs

.vfp11_veneer   0x1001dd18        0x0
 .vfp11_veneer  0x1001dd18        0x0 linker stubs

.v4_bx          0x1001dd18        0x0
 .v4_bx         0x1001dd18        0x0 linker stubs

.iplt           0x1001dd18        0x0
 .iplt          0x1001dd18        0x0 /usr/lib/gcc/arm-none-eabi/13.2.1/thumb/v8-m.main+fp/softfp/crtbegin.o

.boot2          0x1001dd18        0x0
                0x1001dd18                        __boot2_start__ = .
 *(.boot2)
                0x1001dd18                        __boot2_end__ = .
                0x00000001                        ASSERT (((__boot2_end__ - __boot2_start__) <= 0x100), ERROR: Pico second stage bootloader must be no more than 256 bytes in size)

.rodata         0x1001dd18     0x24dc
 *(EXCLUDE_FILE(*libm.a: *libc.a:*lib_a-mem*.o *libgcc.a:) .rodata*)
 .rodata.main.str1.4
                0x1001dd18      0xc3b CMakeFiles/picocalc_trs_scaffold.dir/main.c.o
                                0x108 (size before relaxing)
 .rodata.str1.4
                0x1001e953       0x3d CMakeFiles/picocalc_trs_scaffold.dir/main.c.o
 *fill*         0x1001e953        0x1 
 .rodata.candidate_paths.0
                0x1001e954       0x10 CMakeFiles/picocalc_trs_scaffold.dir/main.c.o
 .rodata.panic.str1.4
                0x1001e964       0x12 CMakeFiles/picocalc_trs_scaffold.dir/home/codespace/pico-sdk/src/rp2_common/pico_platform_panic/panic.c.o
 *fill*         0x1001e964        0x4 
 .rodata.at_the_end_of_time
                0x1001e968        0x8 CMakeFiles/picocalc_trs_scaffold.dir/home/codespace/pico-sdk/src/common/pico_time/time.c.o
                0x1001e968                at_the_end_of_time
 .rodata.timer_hardware_alarm_claim.str1.4
                0x1001e970       0x22 CMakeFiles/picocalc_trs_scaffold.dir/home/codespace/pico-sdk/src/rp2_common/hardware_timer/timer.c.o
 .rodata.hard_assertion_failure.str1.4
                0x1001e970        0xc CMakeFiles/picocalc_trs_scaffold.dir/home/codespace/pico-sdk/src/rp2_common/pico_runtime/runtime.c.o
 .rodata.str1.4
                0x1001e970       0x4c CMakeFiles/picocalc_trs_scaffold.dir/home/codespace/pico-sdk/src/rp2_common/pico_standard_binary_info/standard_binary_info.c.o
 .rodata.__bi_84
                0x1001e970        0xc CMakeFiles/picocalc_trs_scaffold.dir/home/codespace/pico-sdk/src/rp2_common/pico_standard_binary_info/standard_binary_info.c.o
 .rodata.__bi_78
                0x1001e97c        0xc CMakeFiles/picocalc_trs_scaffold.dir/home/codespace/pico-sdk/src/rp2_common/pico_standard_binary_info/standard_binary_info.c.o
 .rodata.__bi_54
                0x1001e988        0xc CMakeFiles/picocalc_trs_scaffold.dir/home/codespace/pico-sdk/src/rp2_common/pico_standard_binary_info/standard_binary_info.c.o
 .rodata.__bi_48
                0x1001e994        0xc CMakeFiles/picocalc_trs_scaffold.dir/home/codespace/pico-sdk/src/rp2_common/pico_standard_binary_info/standard_binary_info.c.o
 .rodata.__bi_42
                0x1001e9a0        0xc CMakeFiles/picocalc_trs_scaffold.dir/home/codespace/pico-sdk/src/rp2_common/pico_standard_binary_info/standard_binary_info.c.o
 .rodata.__bi_34
                0x1001e9ac        0xc CMakeFiles/picocalc_trs_scaffold.dir/home/codespace/pico-sdk/src/rp2_common/pico_standard_binary_info/standard_binary_info.c.o
 .rodata.__bi_26
                0x1001e9b8        0xc CMakeFiles/picocalc_trs_scaffold.dir/home/codespace/pico-sdk/src/rp2_common/pico_standard_binary_info/standard_binary_info.c.o
 .rodata._ftoa.str1.4