Archive member included to satisfy reference by file (symbol)

libsdltrs_core.a(z80.c.o)     CMakeFiles/picocalc_trs_scaffold.dir/main.c.o (z80_run)
libsdltrs_core.a(trs_memory_embedded.c.o)
                              CMakeFiles/picocalc_trs_scaffold.dir/main.c.o (trs_reset)
libsdltrs_core.a(error.c.o)   libsdltrs_core.a(z80.c.o) (error)
libsdltrs_core.a(trs_clones.c.o)
                              libsdltrs_core.a(trs_memory_embedded.c.o) (trs_clones_model)
libsdltrs_core.a(trs_cp500.c.o)
                              libsdltrs_core.a(trs_memory_embedded.c.o) (cp500_mem_read)
libsdltrs_core.a(trs_interrupt.c.o)
                              libsdltrs_core.a(z80.c.o) (trs_reset_button_interrupt)
libsdltrs_core.a(trs_io.c.o)  libsdltrs_core.a(trs_memory_embedded.c.o) (m6845_crtc_reset)
libsdltrs_core.a(trs_state_save.c.o)
                              libsdltrs_core.a(z80.c.o) (trs_save_uint8)
libsdltrs_core.a(trs_cmd_rom_embedded.c.o)
                              libsdltrs_core.a(trs_memory_embedded.c.o) (trs_rom_init)
libsdltrs_frontend_stubs.a(sdl_compat.c.o)
                              libsdltrs_core.a(trs_interrupt.c.o) (SDL_GetTicks)
libsdltrs_frontend_stubs.a(trs_frontend_stub.c.o)
                              libsdltrs_core.a(trs_memory_embedded.c.o) (trs_screen_init)
libsdltrs_frontend_stubs.a(trs_keyboard_stub.c.o)
                              libsdltrs_core.a(trs_memory_embedded.c.o) (trs_kb_reset)
libsdltrs_frontend_stubs.a(sdltrs_peripheral_stubs.c.o)
                              libsdltrs_core.a(trs_memory_embedded.c.o) (do_emt_resetdisk)
libsdltrs_frontend_stubs.a(platform_picocalc.c.o)
                              libsdltrs_frontend_stubs.a(trs_frontend_stub.c.o) (platform_init)
libsdltrs_frontend_stubs.a(fat32.c.o)
                              libsdltrs_frontend_stubs.a(platform_picocalc.c.o) (fat32_open)
libsdltrs_frontend_stubs.a(font-5x10.c.o)
                              libsdltrs_frontend_stubs.a(platform_picocalc.c.o) (font_5x10)
libsdltrs_frontend_stubs.a(keyboard.c.o)
                              libsdltrs_frontend_stubs.a(platform_picocalc.c.o) (keyboard_key_available)
libsdltrs_frontend_stubs.a(lcd.c.o)
                              libsdltrs_frontend_stubs.a(platform_picocalc.c.o) (lcd_set_font)
libsdltrs_frontend_stubs.a(picocalc.c.o)
                              libsdltrs_frontend_stubs.a(platform_picocalc.c.o) (picocalc_init)
libsdltrs_frontend_stubs.a(sdcard.c.o)
                              libsdltrs_frontend_stubs.a(platform_picocalc.c.o) (sd_card_present)
libsdltrs_frontend_stubs.a(southbridge.c.o)
                              libsdltrs_frontend_stubs.a(keyboard.c.o) (sb_available)
libsdltrs_frontend_stubs.a(font-8x10.c.o)
                              libsdltrs_frontend_stubs.a(lcd.c.o) (font_8x10)
libsdltrs_frontend_stubs.a(platform_file_picocalc.c.o)
                              libsdltrs_core.a(trs_cmd_rom_embedded.c.o) (platform_fopen)
libsdltrs_frontend_stubs.a(audio.c.o)
                              libsdltrs_frontend_stubs.a(picocalc.c.o) (audio_init)
libsdltrs_frontend_stubs.a(display.c.o)
                              libsdltrs_frontend_stubs.a(picocalc.c.o) (display_emit)
/usr/lib/gcc/arm-none-eabi/13.2.1/../../../arm-none-eabi/lib/thumb/v8-m.main+fp/softfp/libm.a(libm_a-wf_sqrt.o)
                              CMakeFiles/picocalc_trs_scaffold.dir/home/codespace/pico-sdk/src/rp2_common/pico_float/float_math.c.o (sqrtf)
/usr/lib/gcc/arm-none-eabi/13.2.1/../../../arm-none-eabi/lib/thumb/v8-m.main+fp/softfp/libm.a(libm_a-ef_sqrt.o)
                              /usr/lib/gcc/arm-none-eabi/13.2.1/../../../arm-none-eabi/lib/thumb/v8-m.main+fp/softfp/libm.a(libm_a-wf_sqrt.o) (__ieee754_sqrtf)
/usr/lib/gcc/arm-none-eabi/13.2.1/thumb/v8-m.main+fp/softfp/libgcc.a(_arm_addsubdf3.o)
                              CMakeFiles/picocalc_trs_scaffold.dir/home/codespace/pico-sdk/src/rp2_common/pico_float/float_math.c.o (__aeabi_f2d)
/usr/lib/gcc/arm-none-eabi/13.2.1/thumb/v8-m.main+fp/softfp/libgcc.a(_aeabi_ldivmod.o)
                              CMakeFiles/picocalc_trs_scaffold.dir/home/codespace/pico-sdk/src/common/pico_time/time.c.o (__aeabi_ldivmod)
/usr/lib/gcc/arm-none-eabi/13.2.1/thumb/v8-m.main+fp/softfp/libgcc.a(_aeabi_uldivmod.o)
                              CMakeFiles/picocalc_trs_scaffold.dir/home/codespace/pico-sdk/src/rp2_common/hardware_clocks/clocks.c.o (__aeabi_uldivmod)
/usr/lib/gcc/arm-none-eabi/13.2.1/thumb/v8-m.main+fp/softfp/libgcc.a(_udivmoddi4.o)
                              /usr/lib/gcc/arm-none-eabi/13.2.1/thumb/v8-m.main+fp/softfp/libgcc.a(_aeabi_ldivmod.o) (__udivmoddi4)
/usr/lib/gcc/arm-none-eabi/13.2.1/thumb/v8-m.main+fp/softfp/libgcc.a(_dvmd_tls.o)
                              /usr/lib/gcc/arm-none-eabi/13.2.1/thumb/v8-m.main+fp/softfp/libgcc.a(_aeabi_ldivmod.o) (__aeabi_ldiv0)
/usr/lib/gcc/arm-none-eabi/13.2.1/../../../arm-none-eabi/lib/thumb/v8-m.main+fp/softfp/libg.a(libc_a-strncpy.o)
[...]
Memory Configuration

Name             Origin             Length             Attributes
FLASH            0x10000000         0x00400000         xr
RAM              0x20000000         0x00080000         xrw
SCRATCH_X        0x20080000         0x00001000         xrw
SCRATCH_Y        0x20081000         0x00001000         xrw
*default*        0x00000000         0xffffffff

Linker script and memory map

LOAD /usr/lib/gcc/arm-none-eabi/13.2.1/thumb/v8-m.main+fp/softfp/crti.o
LOAD /usr/lib/gcc/arm-none-eabi/13.2.1/thumb/v8-m.main+fp/softfp/crtbegin.o
LOAD /usr/lib/gcc/arm-none-eabi/13.2.1/../../../arm-none-eabi/lib/thumb/v8-m.main+fp/softfp/crt0.o

.flash_begin    0x10000000        0x0
                0x10000000                        __flash_binary_start = .

.text           0x10000000    0x23888
                0x10000000                        __logical_binary_start = .
 *(.vectors)
 .vectors       0x10000000      0x124 CMakeFiles/picocalc_trs_scaffold.dir/home/codespace/pico-sdk/src/rp2_common/pico_crt0/crt0.S.o
                0x10000000                __vectors
                0x10000000                __VECTOR_TABLE
                0x10000110                isr_securefault
                0x10000110                isr_irq30
                0x10000110                __unhandled_user_irq
                0x10000110                isr_irq49
                0x10000110                isr_irq13
                0x10000110                isr_irq43
                0x10000110                isr_irq45
                0x10000110                isr_irq27
                0x10000110                isr_irq32
                0x10000110                isr_irq31
                0x10000110                isr_irq5
                0x10000110                isr_irq11
                0x10000110                isr_irq23
                0x10000110                isr_usagefault
                0x10000110                isr_irq48
                0x10000110                isr_irq35
                0x10000110                isr_irq18
                0x10000110                isr_irq50
                0x10000110                isr_irq40
                0x10000110                isr_irq28
                0x10000110                isr_irq19
                0x10000110                isr_irq36
                0x10000110                isr_irq41
                0x10000110                isr_irq0
                0x10000110                isr_irq6
                0x10000110                isr_memmanage
                0x10000110                isr_irq37
                0x10000110                isr_irq42
                0x10000110                isr_irq22
                0x10000110                isr_irq17
                0x10000110                isr_irq38
                0x10000110                isr_irq14
                0x10000110                __vectors_end
                0x10000110                __default_isrs_start
                0x10000110                isr_irq2
                0x10000110                isr_irq10
                0x10000110                isr_irq8
                0x10000110                isr_debugmonitor
                0x10000110                isr_irq24
                0x10000110                isr_irq46
                0x10000110                isr_irq1
                0x10000110                isr_irq47
                0x10000110                isr_irq51
                0x10000110                isr_irq7
                0x10000110                isr_irq21
                0x10000110                isr_irq39
                0x10000110                isr_irq20
                0x10000110                isr_irq15
                0x10000110                isr_irq25
                0x10000110                isr_irq34
                0x10000110                isr_irq4
                0x10000110                isr_busfault
                0x10000110                isr_irq16
                0x10000110                isr_irq44
                0x10000110                isr_irq29
                0x10000110                isr_irq26
                0x10000110                isr_irq33
                0x10000110                isr_irq3
                0x10000110                isr_irq12
                0x10000110                isr_irq9
                0x10000116                unhandled_user_irq_num_in_r0
                0x10000118                isr_invalid
                0x1000011a                isr_nmi
                0x1000011c                isr_hardfault
                0x1000011e                isr_svcall
                0x10000120                isr_pendsv
                0x10000122                isr_systick
                0x10000124                __default_isrs_end
 *(.binary_info_header)
 .binary_info_header
                0x10000124       0x14 CMakeFiles/picocalc_trs_scaffold.dir/home/codespace/pico-sdk/src/rp2_common/pico_crt0/crt0.S.o
                0x10000138                        __binary_info_header_end = .
 *(.embedded_block)
 .embedded_block
                0x10000138       0x14 CMakeFiles/picocalc_trs_scaffold.dir/home/codespace/pico-sdk/src/rp2_common/pico_crt0/crt0.S.o
                0x1000014c                        __embedded_block_end = .
 *(.reset)
 .reset         0x1000014c       0x98 CMakeFiles/picocalc_trs_scaffold.dir/home/codespace/pico-sdk/src/rp2_common/pico_crt0/crt0.S.o
                0x1000014c                _entry_point
 *(.init)
 .init          0x100001e4        0x4 /usr/lib/gcc/arm-none-eabi/13.2.1/thumb/v8-m.main+fp/softfp/crti.o
                0x100001e4                _init
 *libgcc.a:cmse_nonsecure_call.o()
 *(EXCLUDE_FILE(*libm.a: *libc.a:*lib_a-mem*.o *libgcc.a:) .text*)
 .text          0x100001e8       0x8c /usr/lib/gcc/arm-none-eabi/13.2.1/thumb/v8-m.main+fp/softfp/crtbegin.o
 .text.write_line_centered
                0x10000274       0x40 CMakeFiles/picocalc_trs_scaffold.dir/main.c.o
 .text.write_line.part.0
                0x100002b4       0x2c CMakeFiles/picocalc_trs_scaffold.dir/main.c.o
 .text.startup.main
                0x100002e0      0x1ac CMakeFiles/picocalc_trs_scaffold.dir/main.c.o
                0x100002e0                main
 .text.gpio_set_function
                0x1000048c       0x3c CMakeFiles/picocalc_trs_scaffold.dir/home/codespace/pico-sdk/src/rp2_common/hardware_gpio/gpio.c.o
                0x1000048c                gpio_set_function
 .text.gpio_set_pulls
                0x100004c8       0x28 CMakeFiles/picocalc_trs_scaffold.dir/home/codespace/pico-sdk/src/rp2_common/hardware_gpio/gpio.c.o
                0x100004c8                gpio_set_pulls
 .text.gpio_init
                0x100004f0       0x48 CMakeFiles/picocalc_trs_scaffold.dir/home/codespace/pico-sdk/src/rp2_common/hardware_gpio/gpio.c.o
                0x100004f0                gpio_init
 .text.panic    0x10000538       0x30 CMakeFiles/picocalc_trs_scaffold.dir/home/codespace/pico-sdk/src/rp2_common/pico_platform_panic/panic.c.o
                0x10000538                panic
 .text.hw_claim_lock
                0x10000568       0x24 CMakeFiles/picocalc_trs_scaffold.dir/home/codespace/pico-sdk/src/common/hardware_claim/claim.c.o
                0x10000568                hw_claim_lock
 .text.hw_claim_unlock
                0x1000058c       0x14 CMakeFiles/picocalc_trs_scaffold.dir/home/codespace/pico-sdk/src/common/hardware_claim/claim.c.o
                0x1000058c                hw_claim_unlock
 .text.hw_claim_or_assert
                0x100005a0       0x58 CMakeFiles/picocalc_trs_scaffold.dir/home/codespace/pico-sdk/src/common/hardware_claim/claim.c.o
                0x100005a0                hw_claim_or_assert
 .text.next_striped_spin_lock_num
                0x100005f8       0x18 CMakeFiles/picocalc_trs_scaffold.dir/home/codespace/pico-sdk/src/rp2_common/hardware_sync/sync.c.o
                0x100005f8                next_striped_spin_lock_num
 .text.spinlock_set_extexclall
                0x10000610       0x10 CMakeFiles/picocalc_trs_scaffold.dir/home/codespace/pico-sdk/src/rp2_common/hardware_sync_spin_lock/sync_spin_lock.c.o
 .text.spin_locks_reset
                0x10000620       0x18 CMakeFiles/picocalc_trs_scaffold.dir/home/codespace/pico-sdk/src/rp2_common/hardware_sync_spin_lock/sync_spin_lock.c.o
                0x10000620                spin_locks_reset
 .text.runtime_init_per_core_irq_priorities
                0x10000638       0x40 CMakeFiles/picocalc_trs_scaffold.dir/home/codespace/pico-sdk/src/rp2_common/hardware_irq/irq.c.o
                0x10000638                runtime_init_per_core_irq_priorities
 .text.irq_set_enabled
                0x10000678       0x2c CMakeFiles/picocalc_trs_scaffold.dir/home/codespace/pico-sdk/src/rp2_common/hardware_irq/irq.c.o
                0x10000678                irq_set_enabled
 .text.irq_set_exclusive_handler
                0x100006a4       0x60 CMakeFiles/picocalc_trs_scaffold.dir/home/codespace/pico-sdk/src/rp2_common/hardware_irq/irq.c.o
                0x100006a4                irq_set_exclusive_handler
 .text.irq_remove_handler
                0x10000704      0x1fc CMakeFiles/picocalc_trs_scaffold.dir/home/codespace/pico-sdk/src/rp2_common/hardware_irq/irq.c.o
                0x10000704                irq_remove_handler
 .text.irq_add_tail_to_free_list
                0x10000900       0xbc CMakeFiles/picocalc_trs_scaffold.dir/home/codespace/pico-sdk/src/rp2_common/hardware_irq/irq.c.o
                0x10000900                irq_add_tail_to_free_list
 .text.lock_init
                0x100009bc        0xc CMakeFiles/picocalc_trs_scaffold.dir/home/codespace/pico-sdk/src/common/pico_sync/lock_core.c.o
                0x100009bc                lock_init
 .text.runtime_init_mutex
                0x100009c8       0x4c CMakeFiles/picocalc_trs_scaffold.dir/home/codespace/pico-sdk/src/common/pico_sync/mutex.c.o
                0x100009c8                runtime_init_mutex
 .text.sleep_until_callback
                0x10000a14       0x3c CMakeFiles/picocalc_trs_scaffold.dir/home/codespace/pico-sdk/src/common/pico_time/time.c.o
 .text.alarm_pool_irq_handler
                0x10000a50      0x2f0 CMakeFiles/picocalc_trs_scaffold.dir/home/codespace/pico-sdk/src/common/pico_time/time.c.o
 .text.runtime_init_default_alarm_pool
                0x10000d40      0x100 CMakeFiles/picocalc_trs_scaffold.dir/home/codespace/pico-sdk/src/common/pico_time/time.c.o
                0x10000d40                runtime_init_default_alarm_pool
 .text.alarm_pool_get_default
                0x10000e40        0x8 CMakeFiles/picocalc_trs_scaffold.dir/home/codespace/pico-sdk/src/common/pico_time/time.c.o
                0x10000e40                alarm_pool_get_default
 .text.alarm_pool_add_alarm_at_force_in_context
                0x10000e48       0xc8 CMakeFiles/picocalc_trs_scaffold.dir/home/codespace/pico-sdk/src/common/pico_time/time.c.o
                0x10000e48                alarm_pool_add_alarm_at_force_in_context
 .text.alarm_pool_cancel_alarm
                0x10000f10       0x80 CMakeFiles/picocalc_trs_scaffold.dir/home/codespace/pico-sdk/src/common/pico_time/time.c.o
                0x10000f10                alarm_pool_cancel_alarm
 .text.sleep_until
                0x10000f90       0xbc CMakeFiles/picocalc_trs_scaffold.dir/home/codespace/pico-sdk/src/common/pico_time/time.c.o
                0x10000f90                sleep_until
 .text.sleep_ms
                0x1000104c       0x2c CMakeFiles/picocalc_trs_scaffold.dir/home/codespace/pico-sdk/src/common/pico_time/time.c.o
                0x1000104c                sleep_ms
 .text.best_effort_wfe_or_timeout
                0x10001078       0xbc CMakeFiles/picocalc_trs_scaffold.dir/home/codespace/pico-sdk/src/common/pico_time/time.c.o
                0x10001078                best_effort_wfe_or_timeout
 .text.alarm_pool_add_repeating_timer_us
                0x10001134      0x120 CMakeFiles/picocalc_trs_scaffold.dir/home/codespace/pico-sdk/src/common/pico_time/time.c.o
                0x10001134                alarm_pool_add_repeating_timer_us
 .text.cancel_repeating_timer
                0x10001254       0x9c CMakeFiles/picocalc_trs_scaffold.dir/home/codespace/pico-sdk/src/common/pico_time/time.c.o
                0x10001254                cancel_repeating_timer
 .text.check_single_timeout_us
                0x100012f0       0x28 CMakeFiles/picocalc_trs_scaffold.dir/home/codespace/pico-sdk/src/common/pico_time/timeout_helper.c.o
 .text.init_single_timeout_until
                0x10001318       0x10 CMakeFiles/picocalc_trs_scaffold.dir/home/codespace/pico-sdk/src/common/pico_time/timeout_helper.c.o
                0x10001318                init_single_timeout_until
 .text.timer_hardware_alarm_claim
                0x10001328       0x24 CMakeFiles/picocalc_trs_scaffold.dir/home/codespace/pico-sdk/src/rp2_common/hardware_timer/timer.c.o
                0x10001328                timer_hardware_alarm_claim
 .text.timer_time_us_64
                0x1000134c       0x10 CMakeFiles/picocalc_trs_scaffold.dir/home/codespace/pico-sdk/src/rp2_common/hardware_timer/timer.c.o
                0x1000134c                timer_time_us_64
 .text.time_us_64
                0x1000135c       0x14 CMakeFiles/picocalc_trs_scaffold.dir/home/codespace/pico-sdk/src/rp2_common/hardware_timer/timer.c.o
                0x1000135c                time_us_64
 .text.busy_wait_us
                0x10001370       0x64 CMakeFiles/picocalc_trs_scaffold.dir/home/codespace/pico-sdk/src/rp2_common/hardware_timer/timer.c.o
                0x10001370                busy_wait_us
 .text.busy_wait_until
                0x100013d4       0x24 CMakeFiles/picocalc_trs_scaffold.dir/home/codespace/pico-sdk/src/rp2_common/hardware_timer/timer.c.o
                0x100013d4                busy_wait_until
 .text.uart_init
                0x100013f8      0x104 CMakeFiles/picocalc_trs_scaffold.dir/home/codespace/pico-sdk/src/rp2_common/hardware_uart/uart.c.o
                0x100013f8                uart_init
 .text.clock_configure_undivided
                0x100014fc       0xd0 CMakeFiles/picocalc_trs_scaffold.dir/home/codespace/pico-sdk/src/rp2_common/hardware_clocks/clocks.c.o
                0x100014fc                clock_configure_undivided
 .text.clock_get_hz
                0x100015cc        0xc CMakeFiles/picocalc_trs_scaffold.dir/home/codespace/pico-sdk/src/rp2_common/hardware_clocks/clocks.c.o
                0x100015cc                clock_get_hz
 .text.pll_init
                0x100015d8       0x8c CMakeFiles/picocalc_trs_scaffold.dir/home/codespace/pico-sdk/src/rp2_common/hardware_pll/pll.c.o
                0x100015d8                pll_init
 .text.tick_start
                0x10001664       0x18 CMakeFiles/picocalc_trs_scaffold.dir/home/codespace/pico-sdk/src/rp2_common/hardware_ticks/ticks.c.o
                0x10001664                tick_start
 .text.rom_func_lookup
                0x1000167c       0x18 CMakeFiles/picocalc_trs_scaffold.dir/home/codespace/pico-sdk/src/rp2_common/pico_bootrom/bootrom.c.o
                0x1000167c                rom_func_lookup
 .text.runtime_init_bootrom_locking_enable
                0x10001694       0x14 CMakeFiles/picocalc_trs_scaffold.dir/home/codespace/pico-sdk/src/rp2_common/pico_bootrom/bootrom_lock.c.o
                0x10001694                runtime_init_bootrom_locking_enable
 .text.runtime_init_boot_locks_reset
                0x100016a8       0x1c CMakeFiles/picocalc_trs_scaffold.dir/home/codespace/pico-sdk/src/rp2_common/hardware_boot_lock/boot_lock.c.o
                0x100016a8                runtime_init_boot_locks_reset
 .text.xosc_init
                0x100016c4       0x30 CMakeFiles/picocalc_trs_scaffold.dir/home/codespace/pico-sdk/src/rp2_common/hardware_xosc/xosc.c.o
                0x100016c4                xosc_init
 .text.first_per_core_initializer
                0x100016f4        0x4 CMakeFiles/picocalc_trs_scaffold.dir/home/codespace/pico-sdk/src/rp2_common/pico_runtime/runtime.c.o
 .text.hard_assertion_failure
                0x100016f8        0xc CMakeFiles/picocalc_trs_scaffold.dir/home/codespace/pico-sdk/src/rp2_common/pico_runtime/runtime.c.o
                0x100016f8                hard_assertion_failure
 .text.runtime_run_initializers
                0x10001704       0x20 CMakeFiles/picocalc_trs_scaffold.dir/home/codespace/pico-sdk/src/rp2_common/pico_runtime/runtime.c.o
                0x10001704                runtime_run_initializers
 .text.runtime_init_early_resets
                0x10001724       0x34 CMakeFiles/picocalc_trs_scaffold.dir/home/codespace/pico-sdk/src/rp2_common/pico_runtime_init/runtime_init.c.o
                0x10001724                runtime_init_early_resets
 .text.runtime_init_usb_power_down
                0x10001758       0x1c CMakeFiles/picocalc_trs_scaffold.dir/home/codespace/pico-sdk/src/rp2_common/pico_runtime_init/runtime_init.c.o
                0x10001758                runtime_init_usb_power_down
 .text.runtime_init_per_core_enable_coprocessors
                0x10001774       0x1c CMakeFiles/picocalc_trs_scaffold.dir/home/codespace/pico-sdk/src/rp2_common/pico_runtime_init/runtime_init.c.o
                0x10001774                runtime_init_per_core_enable_coprocessors
 .text.runtime_init_post_clock_resets
                0x10001790       0x20 CMakeFiles/picocalc_trs_scaffold.dir/home/codespace/pico-sdk/src/rp2_common/pico_runtime_init/runtime_init.c.o
                0x10001790                runtime_init_post_clock_resets
 .text.runtime_init_bootrom_reset
                0x100017b0       0x14 CMakeFiles/picocalc_trs_scaffold.dir/home/codespace/pico-sdk/src/rp2_common/pico_runtime_init/runtime_init.c.o
                0x100017b0                runtime_init_bootrom_reset
 .text.runtime_init_per_core_bootrom_reset
                0x100017c4       0x14 CMakeFiles/picocalc_trs_scaffold.dir/home/codespace/pico-sdk/src/rp2_common/pico_runtime_init/runtime_init.c.o
                0x100017c4                runtime_init_per_core_bootrom_reset
 .text.runtime_init_spin_locks_reset
                0x100017d8        0x4 CMakeFiles/picocalc_trs_scaffold.dir/home/codespace/pico-sdk/src/rp2_common/pico_runtime_init/runtime_init.c.o
                0x100017d8                runtime_init_spin_locks_reset
 .text.runtime_init_install_ram_vector_table
                0x100017dc       0x68 CMakeFiles/picocalc_trs_scaffold.dir/home/codespace/pico-sdk/src/rp2_common/pico_runtime_init/runtime_init.c.o
                0x100017dc                runtime_init_install_ram_vector_table
 .text.runtime_init_clocks
                0x10001844       0xdc CMakeFiles/picocalc_trs_scaffold.dir/home/codespace/pico-sdk/src/rp2_common/pico_runtime_init/runtime_init_clocks.c.o
                0x10001844                runtime_init_clocks
 .text.__rp2350_dcp_engaged_state_save_restore
                0x10001920       0x3a CMakeFiles/picocalc_trs_scaffold.dir/home/codespace/pico-sdk/src/rp2_common/pico_double/double_aeabi_dcp.S.o
 *fill*         0x1000195a        0x2 
 .text.__wrap___aeabi_dadd
                0x1000195c       0x28 CMakeFiles/picocalc_trs_scaffold.dir/home/codespace/pico-sdk/src/rp2_common/pico_double/double_aeabi_dcp.S.o
                0x10001964                __wrap___aeabi_dadd
 .text.__wrap___aeabi_dsub
                0x10001984       0x28 CMakeFiles/picocalc_trs_scaffold.dir/home/codespace/pico-sdk/src/rp2_common/pico_double/double_aeabi_dcp.S.o
                0x1000198c                __wrap___aeabi_dsub
 .text.__wrap___aeabi_dmul
                0x100019ac       0x4c CMakeFiles/picocalc_trs_scaffold.dir/home/codespace/pico-sdk/src/rp2_common/pico_double/double_aeabi_dcp.S.o
                0x100019b4                __wrap___aeabi_dmul
 .text.__wrap___aeabi_ddiv
                0x100019f8       0x9c CMakeFiles/picocalc_trs_scaffold.dir/home/codespace/pico-sdk/src/rp2_common/pico_double/double_aeabi_dcp.S.o
                0x10001a00                __wrap___aeabi_ddiv
 .text.__wrap___aeabi_d2f
                0x10001a94       0x1c CMakeFiles/picocalc_trs_scaffold.dir/home/codespace/pico-sdk/src/rp2_common/pico_double/double_aeabi_dcp.S.o
                0x10001a9c                double2float
                0x10001a9c                __wrap___aeabi_d2f
 .text.__wrap___aeabi_i2d
                0x10001ab0       0x24 CMakeFiles/picocalc_trs_scaffold.dir/home/codespace/pico-sdk/src/rp2_common/pico_double/double_aeabi_dcp.S.o
                0x10001ab8                __wrap___aeabi_i2d
                0x10001ab8                int2double
 .text.__wrap___aeabi_ui2d
                0x10001ad4       0x24 CMakeFiles/picocalc_trs_scaffold.dir/home/codespace/pico-sdk/src/rp2_common/pico_double/double_aeabi_dcp.S.o
                0x10001adc                __wrap___aeabi_ui2d
                0x10001adc                uint2double
 .text.__wrap___aeabi_d2iz
                0x10001af8       0x24 CMakeFiles/picocalc_trs_scaffold.dir/home/codespace/pico-sdk/src/rp2_common/pico_double/double_aeabi_dcp.S.o
                0x10001b00                __wrap___aeabi_d2iz
                0x10001b00                double2int_z
 .text.__wrap___aeabi_d2uiz
                0x10001b1c       0x24 CMakeFiles/picocalc_trs_scaffold.dir/home/codespace/pico-sdk/src/rp2_common/pico_double/double_aeabi_dcp.S.o
                0x10001b24                double2uint_z
                0x10001b24                double2uint
                0x10001b24                __wrap___aeabi_d2uiz
 .text.__wrap___aeabi_dcmpun
                0x10001b40       0x24 CMakeFiles/picocalc_trs_scaffold.dir/home/codespace/pico-sdk/src/rp2_common/pico_double/double_aeabi_dcp.S.o
                0x10001b48                __wrap___aeabi_dcmpun
 .text.__wrap___aeabi_dcmpeq
                0x10001b64       0x24 CMakeFiles/picocalc_trs_scaffold.dir/home/codespace/pico-sdk/src/rp2_common/pico_double/double_aeabi_dcp.S.o
                0x10001b6c                __wrap___aeabi_dcmpeq
 .text.__wrap___aeabi_dcmplt
                0x10001b88       0x28 CMakeFiles/picocalc_trs_scaffold.dir/home/codespace/pico-sdk/src/rp2_common/pico_double/double_aeabi_dcp.S.o
                0x10001b90                __wrap___aeabi_dcmplt
 .text.__wrap___aeabi_dcmple
                0x10001bb0       0x28 CMakeFiles/picocalc_trs_scaffold.dir/home/codespace/pico-sdk/src/rp2_common/pico_double/double_aeabi_dcp.S.o
                0x10001bb8                __wrap___aeabi_dcmple
 .text.__wrap___aeabi_dcmpge
                0x10001bd8       0x28 CMakeFiles/picocalc_trs_scaffold.dir/home/codespace/pico-sdk/src/rp2_common/pico_double/double_aeabi_dcp.S.o
                0x10001be0                __wrap___aeabi_dcmpge
 .text.__wrap___aeabi_dcmpgt
                0x10001c00       0x28 CMakeFiles/picocalc_trs_scaffold.dir/home/codespace/pico-sdk/src/rp2_common/pico_double/double_aeabi_dcp.S.o
                0x10001c08                __wrap___aeabi_dcmpgt
 .text.__wrap_conv_tod
                0x10001c28      0x20c CMakeFiles/picocalc_trs_scaffold.dir/home/codespace/pico-sdk/src/rp2_common/pico_double/double_conv_m33.S.o
                0x10001c28                __wrap___aeabi_l2d
                0x10001c28                int642double
                0x10001c2a                fix642double
                0x10001cce                uint642double
                0x10001cce                __wrap___aeabi_ul2d
                0x10001cd0                ufix642double
                0x10001d64                fix2double
                0x10001dd4                ufix2double
 .text.__wrap_conv_dtoi64_z
                0x10001e34       0xa0 CMakeFiles/picocalc_trs_scaffold.dir/home/codespace/pico-sdk/src/rp2_common/pico_double/double_conv_m33.S.o
                0x10001e34                __wrap___aeabi_d2lz
                0x10001e34                double2int64_z
                0x10001e36                double2fix64_z
 .text.__wrap_malloc
                0x10001ed4       0x24 CMakeFiles/picocalc_trs_scaffold.dir/home/codespace/pico-sdk/src/rp2_common/pico_malloc/malloc.c.o
                0x10001ed4                __wrap_malloc
 .text.__wrap_free
                0x10001ef8        0x4 CMakeFiles/picocalc_trs_scaffold.dir/home/codespace/pico-sdk/src/rp2_common/pico_malloc/malloc.c.o
                0x10001ef8                __wrap_free
 .text._out_buffer
                0x10001efc        0x8 CMakeFiles/picocalc_trs_scaffold.dir/home/codespace/pico-sdk/src/rp2_common/pico_printf/printf.c.o
 .text._out_null
                0x10001f04        0x4 CMakeFiles/picocalc_trs_scaffold.dir/home/codespace/pico-sdk/src/rp2_common/pico_printf/printf.c.o
 .text._out_rev
                0x10001f08       0x9c CMakeFiles/picocalc_trs_scaffold.dir/home/codespace/pico-sdk/src/rp2_common/pico_printf/printf.c.o
 .text._ntoa_format
                0x10001fa4      0x2a4 CMakeFiles/picocalc_trs_scaffold.dir/home/codespace/pico-sdk/src/rp2_common/pico_printf/printf.c.o
 .text._out_char
                0x10002248        0x8 CMakeFiles/picocalc_trs_scaffold.dir/home/codespace/pico-sdk/src/rp2_common/pico_printf/printf.c.o
 .text._out_fct
                0x10002250        0xc CMakeFiles/picocalc_trs_scaffold.dir/home/codespace/pico-sdk/src/rp2_common/pico_printf/printf.c.o
 *fill*         0x1000225c        0x4 
 .text._etoa    0x10002260      0x460 CMakeFiles/picocalc_trs_scaffold.dir/home/codespace/pico-sdk/src/rp2_common/pico_printf/printf.c.o
 .text._ftoa    0x100026c0      0x3f4 CMakeFiles/picocalc_trs_scaffold.dir/home/codespace/pico-sdk/src/rp2_common/pico_printf/printf.c.o
 .text._vsnprintf
                0x10002ab4      0x9e8 CMakeFiles/picocalc_trs_scaffold.dir/home/codespace/pico-sdk/src/rp2_common/pico_printf/printf.c.o
 .text.__wrap_sprintf
                0x1000349c       0x2c CMakeFiles/picocalc_trs_scaffold.dir/home/codespace/pico-sdk/src/rp2_common/pico_printf/printf.c.o
                0x1000349c                __wrap_sprintf
 .text.__wrap_snprintf
                0x100034c8       0x2c CMakeFiles/picocalc_trs_scaffold.dir/home/codespace/pico-sdk/src/rp2_common/pico_printf/printf.c.o
                0x100034c8                __wrap_snprintf
 .text.vfctprintf
                0x100034f4       0x28 CMakeFiles/picocalc_trs_scaffold.dir/home/codespace/pico-sdk/src/rp2_common/pico_printf/printf.c.o
                0x100034f4                vfctprintf
 .text.weak_raw_printf
                0x1000351c       0x48 CMakeFiles/picocalc_trs_scaffold.dir/home/codespace/pico-sdk/src/rp2_common/pico_printf/printf.c.o
                0x1000351c                weak_raw_printf
 .text.weak_raw_vprintf
                0x10003564       0x30 CMakeFiles/picocalc_trs_scaffold.dir/home/codespace/pico-sdk/src/rp2_common/pico_printf/printf.c.o
                0x10003564                weak_raw_vprintf
 .text._exit    0x10003594        0x4 CMakeFiles/picocalc_trs_scaffold.dir/home/codespace/pico-sdk/src/rp2_common/pico_clib_interface/newlib_interface.c.o
                0x10003594                _exit
 .text._sbrk    0x10003598       0x2c CMakeFiles/picocalc_trs_scaffold.dir/home/codespace/pico-sdk/src/rp2_common/pico_clib_interface/newlib_interface.c.o
                0x10003598                _sbrk
 .text._gettimeofday
                0x100035c4       0x34 CMakeFiles/picocalc_trs_scaffold.dir/home/codespace/pico-sdk/src/rp2_common/pico_clib_interface/newlib_interface.c.o
                0x100035c4                _gettimeofday
 .text._read    0x100035f8       0x1c CMakeFiles/picocalc_trs_scaffold.dir/home/codespace/pico-sdk/src/rp2_common/pico_clib_interface/newlib_interface.c.o
                0x100035f8                _read
 .text._write   0x10003614       0x20 CMakeFiles/picocalc_trs_scaffold.dir/home/codespace/pico-sdk/src/rp2_common/pico_clib_interface/newlib_interface.c.o
                0x10003614                _write
 .text._open    0x10003634        0xc CMakeFiles/picocalc_trs_scaffold.dir/home/codespace/pico-sdk/src/rp2_common/pico_clib_interface/newlib_interface.c.o
                0x10003634                _open
 .text._close   0x10003640        0x8 CMakeFiles/picocalc_trs_scaffold.dir/home/codespace/pico-sdk/src/rp2_common/pico_clib_interface/newlib_interface.c.o
                0x10003640                _close
 .text._lseek   0x10003648        0x8 CMakeFiles/picocalc_trs_scaffold.dir/home/codespace/pico-sdk/src/rp2_common/pico_clib_interface/newlib_interface.c.o
                0x10003648                _lseek
 .text._fstat   0x10003650        0x8 CMakeFiles/picocalc_trs_scaffold.dir/home/codespace/pico-sdk/src/rp2_common/pico_clib_interface/newlib_interface.c.o
                0x10003650                _fstat
 .text._isatty  0x10003658        0xc CMakeFiles/picocalc_trs_scaffold.dir/home/codespace/pico-sdk/src/rp2_common/pico_clib_interface/newlib_interface.c.o
                0x10003658                _isatty
 .text.exit     0x10003664        0x8 CMakeFiles/picocalc_trs_scaffold.dir/home/codespace/pico-sdk/src/rp2_common/pico_clib_interface/newlib_interface.c.o
                0x10003664                exit
 .text.__assert_func
                0x1000366c       0x34 CMakeFiles/picocalc_trs_scaffold.dir/home/codespace/pico-sdk/src/rp2_common/pico_clib_interface/newlib_interface.c.o
                0x1000366c                __assert_func
 .text.runtime_init
                0x100036a0       0x24 CMakeFiles/picocalc_trs_scaffold.dir/home/codespace/pico-sdk/src/rp2_common/pico_clib_interface/newlib_interface.c.o
                0x100036a0                runtime_init
 .text.stdio_out_chars_no_crlf
                0x100036c4        0x8 CMakeFiles/picocalc_trs_scaffold.dir/home/codespace/pico-sdk/src/rp2_common/pico_stdio/stdio.c.o
 .text.stdio_out_chars_crlf
                0x100036cc       0xac CMakeFiles/picocalc_trs_scaffold.dir/home/codespace/pico-sdk/src/rp2_common/pico_stdio/stdio.c.o
 .text.stdio_buffered_printer
                0x10003778       0x60 CMakeFiles/picocalc_trs_scaffold.dir/home/codespace/pico-sdk/src/rp2_common/pico_stdio/stdio.c.o
 .text.stdio_put_string
                0x100037d8       0xf0 CMakeFiles/picocalc_trs_scaffold.dir/home/codespace/pico-sdk/src/rp2_common/pico_stdio/stdio.c.o
                0x100037d8                stdio_put_string
 .text.stdio_get_until
                0x100038c8       0x7c CMakeFiles/picocalc_trs_scaffold.dir/home/codespace/pico-sdk/src/rp2_common/pico_stdio/stdio.c.o
                0x100038c8                stdio_get_until
 .text.stdio_set_driver_enabled
                0x10003944       0x30 CMakeFiles/picocalc_trs_scaffold.dir/home/codespace/pico-sdk/src/rp2_common/pico_stdio/stdio.c.o
                0x10003944                stdio_set_driver_enabled
 .text.stdio_init_all
                0x10003974        0xc CMakeFiles/picocalc_trs_scaffold.dir/home/codespace/pico-sdk/src/rp2_common/pico_stdio/stdio.c.o
                0x10003974                stdio_init_all
 .text.stdio_set_translate_crlf
                0x10003980        0xc CMakeFiles/picocalc_trs_scaffold.dir/home/codespace/pico-sdk/src/rp2_common/pico_stdio/stdio.c.o
                0x10003980                stdio_set_translate_crlf
 .text.__wrap_putchar
                0x1000398c       0x84 CMakeFiles/picocalc_trs_scaffold.dir/home/codespace/pico-sdk/src/rp2_common/pico_stdio/stdio.c.o
                0x1000398c                stdio_putchar
                0x1000398c                __wrap_putchar
 .text.__wrap_puts
                0x10003a10       0x3c CMakeFiles/picocalc_trs_scaffold.dir/home/codespace/pico-sdk/src/rp2_common/pico_stdio/stdio.c.o
                0x10003a10                __wrap_puts
                0x10003a10                stdio_puts
 .text.__wrap_vprintf
                0x10003a4c       0xc8 CMakeFiles/picocalc_trs_scaffold.dir/home/codespace/pico-sdk/src/rp2_common/pico_stdio/stdio.c.o
                0x10003a4c                __wrap_vprintf
                0x10003a4c                stdio_vprintf
 .text.__wrap_printf
                0x10003b14       0x1c CMakeFiles/picocalc_trs_scaffold.dir/home/codespace/pico-sdk/src/rp2_common/pico_stdio/stdio.c.o
                0x10003b14                stdio_printf
                0x10003b14                __wrap_printf
 .text.stdio_uart_out_chars
                0x10003b30       0x50 CMakeFiles/picocalc_trs_scaffold.dir/home/codespace/pico-sdk/src/rp2_common/pico_stdio_uart/stdio_uart.c.o
 .text.stdio_uart_in_chars
                0x10003b80       0x94 CMakeFiles/picocalc_trs_scaffold.dir/home/codespace/pico-sdk/src/rp2_common/pico_stdio_uart/stdio_uart.c.o
                0x10003b80                stdio_uart_in_chars
 .text.on_uart_rx
                0x10003c14       0x24 CMakeFiles/picocalc_trs_scaffold.dir/home/codespace/pico-sdk/src/rp2_common/pico_stdio_uart/stdio_uart.c.o
 .text.stdio_uart_out_flush
                0x10003c38       0x10 CMakeFiles/picocalc_trs_scaffold.dir/home/codespace/pico-sdk/src/rp2_common/pico_stdio_uart/stdio_uart.c.o
 .text.stdio_uart_set_chars_available_callback
                0x10003c48       0x88 CMakeFiles/picocalc_trs_scaffold.dir/home/codespace/pico-sdk/src/rp2_common/pico_stdio_uart/stdio_uart.c.o
 .text.stdio_uart_init
                0x10003cd0       0x54 CMakeFiles/picocalc_trs_scaffold.dir/home/codespace/pico-sdk/src/rp2_common/pico_stdio_uart/stdio_uart.c.o
                0x10003cd0                stdio_uart_init
 .text.i2c_write_blocking_internal
                0x10003d24      0x180 CMakeFiles/picocalc_trs_scaffold.dir/home/codespace/pico-sdk/src/rp2_common/hardware_i2c/i2c.c.o
 .text.i2c_read_blocking_internal
                0x10003ea4       0xac CMakeFiles/picocalc_trs_scaffold.dir/home/codespace/pico-sdk/src/rp2_common/hardware_i2c/i2c.c.o
 .text.i2c_set_baudrate
                0x10003f50       0xa8 CMakeFiles/picocalc_trs_scaffold.dir/home/codespace/pico-sdk/src/rp2_common/hardware_i2c/i2c.c.o
                0x10003f50                i2c_set_baudrate
 .text.i2c_init
                0x10003ff8       0x4c CMakeFiles/picocalc_trs_scaffold.dir/home/codespace/pico-sdk/src/rp2_common/hardware_i2c/i2c.c.o
                0x10003ff8                i2c_init
 .text.i2c_write_blocking_until
                0x10004044       0x3c CMakeFiles/picocalc_trs_scaffold.dir/home/codespace/pico-sdk/src/rp2_common/hardware_i2c/i2c.c.o
                0x10004044                i2c_write_blocking_until
 .text.i2c_read_blocking_until
                0x10004080       0x3c CMakeFiles/picocalc_trs_scaffold.dir/home/codespace/pico-sdk/src/rp2_common/hardware_i2c/i2c.c.o
                0x10004080                i2c_read_blocking_until
 .text.spi_init
                0x100040bc       0xf4 CMakeFiles/picocalc_trs_scaffold.dir/home/codespace/pico-sdk/src/rp2_common/hardware_spi/spi.c.o
                0x100040bc                spi_init
 .text.spi_set_baudrate
                0x100041b0       0x9c CMakeFiles/picocalc_trs_scaffold.dir/home/codespace/pico-sdk/src/rp2_common/hardware_spi/spi.c.o
                0x100041b0                spi_set_baudrate
 .text.pio_add_program
                0x1000424c       0xf8 CMakeFiles/picocalc_trs_scaffold.dir/home/codespace/pico-sdk/src/rp2_common/hardware_pio/pio.c.o
                0x1000424c                pio_add_program
 .text.pio_sm_set_consecutive_pindirs
                0x10004344       0x8c CMakeFiles/picocalc_trs_scaffold.dir/home/codespace/pico-sdk/src/rp2_common/hardware_pio/pio.c.o
                0x10004344                pio_sm_set_consecutive_pindirs
 .text.pio_sm_init
                0x100043d0       0xa8 CMakeFiles/picocalc_trs_scaffold.dir/home/codespace/pico-sdk/src/rp2_common/hardware_pio/pio.c.o
                0x100043d0                pio_sm_init
 .text          0x10004478     0x86fc libsdltrs_core.a(z80.c.o)
                0x10008fb0                z80_run
                0x1000c8c8                z80_reset
                0x1000c8fc                trs_z80_save
                0x1000ca38                trs_z80_load
 .text          0x1000cb74     0x2bb0 libsdltrs_core.a(trs_memory_embedded.c.o)
                0x1000cd7c                mem_video_page
                0x1000cd8c                mem_video_page_read
                0x1000cdac                mem_video_page_write
                0x1000cdd4                mem_video_page_addr
                0x1000cdf4                mem_bank
                0x1000ce94                ct80_ramdisk_out
                0x1000cf04                ct80_ramdisk_in
                0x1000cf54                ct80_video_addr
                0x1000cf8c                eg3200_init_out
                0x1000cfb0                eg3200_genieplus_out
                0x1000cfd0                eg64_mba_out
                0x1000d00c                genie3s_bank_out
                0x1000d078                genie3s_init_out
                0x1000d0f0                genie3s_mem_out
                0x1000d11c                genie3s_sys_out
                0x1000d170                huffman_out
                0x1000d208                huffman_in
                0x1000d218                hypermem_out
                0x1000d2b0                lnw80_bank_out
                0x1000d328                lubomir_out
                0x1000d34c                megamem_out
                0x1000d380                s80z_out
                0x1000d3dc                selector_out
                0x1000d43c                supermem_out
                0x1000d460                supermem_in
                0x1000d47c                sys_byte_out
                0x1000d55c                sys_byte_write
                0x1000d568                sys_byte_in
                0x1000d574                sys_byte_2_in
                0x1000d580                tcs_ram192b_out
                0x1000d5ac                vid80_vx3_out
                0x1000d5dc                xmem80_out
                0x1000d604                xmem80_in
                0x1000d618                trs_reset
                0x1000d81c                get_mem_cmd
                0x1000d828                get_mem_map
                0x1000d834                mem_map
                0x1000d84c                rom_write
                0x1000d85c                trs80_model3_mem_read
                0x1000d8c8                mem_peek
                0x1000d8dc                mem_poke
                0x1000d8ec                mem_read
                0x1000e000                trs80_model3_mem_write
                0x1000e044                mem_write
                0x1000e748                mem_read_word
                0x1000e760                mem_write_word
                0x1000e778                trs80_model3_mem_addr
                0x1000e7c4                mem_pointer
                0x1000f49c                trs_mem_save
                0x1000f5e0                trs_mem_load
 .text          0x1000f724      0x150 libsdltrs_core.a(error.c.o)
                0x1000f724                debug
                0x1000f76c                error
                0x1000f7c0                fatal
                0x1000f810                file_error
 .text          0x1000f874       0xbc libsdltrs_core.a(trs_clones.c.o)
                0x1000f874                trs_clones_model
                0x1000f8c8                trs_clone_save
                0x1000f8d4                trs_clone_load
 .text          0x1000f930      0x1d4 libsdltrs_core.a(trs_cp500.c.o)
                0x1000f930                cp500_switch_mode
                0x1000f9e0                cp500_mem_read
                0x1000fa38                cp500_mem_write
                0x1000fa94                cp500_mem_addr
                0x1000faec                trs_cp500_save
                0x1000faf8                trs_cp500_load
 *fill*         0x1000fb04        0x4 
 .text          0x1000fb08      0xc5c libsdltrs_core.a(trs_interrupt.c.o)
                0x1000fb08                trs_reset_button_interrupt
                0x1000fb44                trs_cassette_rise_interrupt
                0x1000fb78                trs_cassette_fall_interrupt
                0x1000fc18                trs_cassette_clear_interrupts
                0x1000fc3c                trs_cassette_interrupts_enabled
                0x1000fc4c                trs_timer_interrupt
                0x1000fc98                trs_disk_intrq_interrupt
                0x1000fcf8                trs_disk_motoroff_interrupt
                0x1000fd3c                trs_disk_drq_interrupt
                0x1000fd40                trs_uart_rcv_interrupt
                0x1000fd78                trs_uart_snd_interrupt
                0x1000fdb0                trs_interrupt_latch_clear
                0x1000fdbc                trs_interrupt_latch_read
                0x1000fe14                trs_interrupt_mask_write
                0x1000fe30                trs_nmi_latch_read
                0x1000fe40                trs_nmi_mask_write
                0x1000fe70                trs_timer_sync_with_host
                0x1000fee4                trs_timer_init
                0x10010288                trs_timer_speed
                0x100103f0                trs_timer_mode
                0x10010464                trs_schedule_event
                0x100104c4                trs_do_event
                0x100104f0                trs_cancel_event
                0x10010518                trs_event_scheduled
                0x10010524                trs_interrupt_save
                0x10010668                trs_interrupt_load
 .text          0x10010764     0x1a7c libsdltrs_core.a(trs_io.c.o)
                0x100109d8                m6845_crtc_reset
                0x100109e8                z80_out
                0x100119d8                z80_in
                0x10012090                trs_io_save
                0x10012138                trs_io_load
 .text          0x100121e0      0x660 libsdltrs_core.a(trs_state_save.c.o)
                0x100121e0                trs_state_save
                0x100122c4                trs_state_load
                0x10012400                trs_save_uint8
                0x1001240c                trs_load_uint8
                0x10012418                trs_save_uint16
                0x1001245c                trs_load_uint16
                0x100124a4                trs_save_uint32
                0x10012518                trs_load_uint32
                0x10012598                trs_save_uint64
                0x100125e4                trs_load_uint64
                0x10012620                trs_save_int
                0x100126a4                trs_load_int
                0x10012724                trs_save_float
                0x10012770                trs_load_float
                0x100127b0                trs_save_filename
                0x100127fc                trs_load_filename
 .text          0x10012840      0xbec libsdltrs_core.a(trs_cmd_rom_embedded.c.o)
                0x10012c64                trs_load_cmd
                0x10012cd4                trs_rom_init
 .text.SDL_GetTicks
                0x1001342c        0x4 libsdltrs_frontend_stubs.a(sdl_compat.c.o)
                0x1001342c                SDL_GetTicks
 .text.SDL_Delay
                0x10013430        0x4 libsdltrs_frontend_stubs.a(sdl_compat.c.o)
                0x10013430                SDL_Delay
 .text.trs_screen_init
                0x10013434       0x4c libsdltrs_frontend_stubs.a(trs_frontend_stub.c.o)
                0x10013434                trs_screen_init
 .text.trs_screen_reset
                0x10013480       0x34 libsdltrs_frontend_stubs.a(trs_frontend_stub.c.o)
                0x10013480                trs_screen_reset
 .text.trs_screen_write_char
                0x100134b4       0x5c libsdltrs_frontend_stubs.a(trs_frontend_stub.c.o)
                0x100134b4                trs_screen_write_char
 .text.trs_screen_mode
                0x10013510       0x18 libsdltrs_frontend_stubs.a(trs_frontend_stub.c.o)
                0x10013510                trs_screen_mode
 .text.trs_screen_80x24
                0x10013528       0x3c libsdltrs_frontend_stubs.a(trs_frontend_stub.c.o)
                0x10013528                trs_screen_80x24
 .text.trs_screen_refresh
                0x10013564       0x58 libsdltrs_frontend_stubs.a(trs_frontend_stub.c.o)
                0x10013564                trs_screen_refresh
 .text.trs_screen_caption
                0x100135bc        0x4 libsdltrs_frontend_stubs.a(trs_frontend_stub.c.o)
                0x100135bc                trs_screen_caption
 .text.trs_sdl_init
                0x100135c0       0x50 libsdltrs_frontend_stubs.a(trs_frontend_stub.c.o)
                0x100135c0                trs_sdl_init
 .text.trs_disk_led
                0x10013610        0x4 libsdltrs_frontend_stubs.a(trs_frontend_stub.c.o)
                0x10013610                trs_disk_led
 .text.trs_hard_led
                0x10013614        0x4 libsdltrs_frontend_stubs.a(trs_frontend_stub.c.o)
                0x10013614                trs_hard_led
 .text.trs_turbo_led
                0x10013618       0x14 libsdltrs_frontend_stubs.a(trs_frontend_stub.c.o)
                0x10013618                trs_turbo_led
 .text.trs_get_event
                0x1001362c       0x28 libsdltrs_frontend_stubs.a(trs_frontend_stub.c.o)
                0x1001362c                trs_get_event
 .text.trs_exit
                0x10013654       0x24 libsdltrs_frontend_stubs.a(trs_frontend_stub.c.o)
                0x10013654                trs_exit
 .text.trs_printer_write
                0x10013678        0x4 libsdltrs_frontend_stubs.a(trs_frontend_stub.c.o)
                0x10013678                trs_printer_write
 .text.trs_printer_read
                0x1001367c        0x4 libsdltrs_frontend_stubs.a(trs_frontend_stub.c.o)
                0x1001367c                trs_printer_read
 .text.trs_cassette_motor
                0x10013680        0x4 libsdltrs_frontend_stubs.a(trs_frontend_stub.c.o)
                0x10013680                trs_cassette_motor
 .text.trs_cassette_out
                0x10013684        0x4 libsdltrs_frontend_stubs.a(trs_frontend_stub.c.o)
                0x10013684                trs_cassette_out
 .text.trs_cassette_in
                0x10013688        0x4 libsdltrs_frontend_stubs.a(trs_frontend_stub.c.o)
                0x10013688                trs_cassette_in
 .text.trs_sound_out
                0x1001368c        0x4 libsdltrs_frontend_stubs.a(trs_frontend_stub.c.o)
                0x1001368c                trs_sound_out
 .text.lookup_keysym
                0x10013690      0x560 libsdltrs_frontend_stubs.a(trs_keyboard_stub.c.o)
 .text.trs_kb_reset
                0x10013bf0        0xc libsdltrs_frontend_stubs.a(trs_keyboard_stub.c.o)
                0x10013bf0                trs_kb_reset
 .text.trs_kb_heartbeat
                0x10013bfc       0x10 libsdltrs_frontend_stubs.a(trs_keyboard_stub.c.o)
                0x10013bfc                trs_kb_heartbeat
 *fill*         0x10013c0c        0x4 
 .text.trs_kb_mem_read
                0x10013c10      0x340 libsdltrs_frontend_stubs.a(trs_keyboard_stub.c.o)
                0x10013c10                trs_kb_mem_read
 .text.clear_key_queue
                0x10013f50       0x14 libsdltrs_frontend_stubs.a(trs_keyboard_stub.c.o)
                0x10013f50                clear_key_queue
 .text.trs_key_event
                0x10013f64      0x1d8 libsdltrs_frontend_stubs.a(trs_keyboard_stub.c.o)
                0x10013f64                trs_key_event
 .text.trs_joystick_in
                0x1001413c        0x4 libsdltrs_frontend_stubs.a(trs_keyboard_stub.c.o)
                0x1001413c                trs_joystick_in
 .text.do_emt_resetdisk
                0x10014140        0x4 libsdltrs_frontend_stubs.a(sdltrs_peripheral_stubs.c.o)
                0x10014140                do_emt_resetdisk
 .text.trs_cassette_reset
                0x10014144        0x4 libsdltrs_frontend_stubs.a(sdltrs_peripheral_stubs.c.o)
                0x10014144                trs_cassette_reset
 .text.trs_disk_init
                0x10014148        0x4 libsdltrs_frontend_stubs.a(sdltrs_peripheral_stubs.c.o)
                0x10014148                trs_disk_init
 .text.trs_uart_init
                0x1001414c        0x4 libsdltrs_frontend_stubs.a(sdltrs_peripheral_stubs.c.o)
                0x1001414c                trs_uart_init
 .text.grafyx_write_mode
                0x10014150        0x4 libsdltrs_frontend_stubs.a(sdltrs_peripheral_stubs.c.o)
                0x10014150                grafyx_write_mode
 .text.grafyx_m3_reset
                0x10014154        0x4 libsdltrs_frontend_stubs.a(sdltrs_peripheral_stubs.c.o)
                0x10014154                grafyx_m3_reset
 .text.hrg_onoff
                0x10014158        0x4 libsdltrs_frontend_stubs.a(sdltrs_peripheral_stubs.c.o)
                0x10014158                hrg_onoff
 .text.m6845_text
                0x1001415c        0x4 libsdltrs_frontend_stubs.a(sdltrs_peripheral_stubs.c.o)
                0x1001415c                m6845_text
 .text.eg3210_char
                0x10014160        0x4 libsdltrs_frontend_stubs.a(sdltrs_peripheral_stubs.c.o)
                0x10014160                eg3210_char
 .text.m6845_cursor
                0x10014164        0x4 libsdltrs_frontend_stubs.a(sdltrs_peripheral_stubs.c.o)
                0x10014164                m6845_cursor
 .text.m6845_screen
                0x10014168        0x4 libsdltrs_frontend_stubs.a(sdltrs_peripheral_stubs.c.o)
                0x10014168                m6845_screen
 .text.trs_cassette_update
                0x1001416c        0x4 libsdltrs_frontend_stubs.a(sdltrs_peripheral_stubs.c.o)
                0x1001416c                trs_cassette_update
 .text.trs_orch90_flush
                0x10014170        0x4 libsdltrs_frontend_stubs.a(sdltrs_peripheral_stubs.c.o)
                0x10014170                trs_orch90_flush
 .text.trs_orch90_out
                0x10014174        0x4 libsdltrs_frontend_stubs.a(sdltrs_peripheral_stubs.c.o)
                0x10014174                trs_orch90_out
 .text.assert_state_void
                0x10014178        0x4 libsdltrs_frontend_stubs.a(sdltrs_peripheral_stubs.c.o)
                0x10014178                assert_state_void
 .text.transition_out
                0x1001417c        0x4 libsdltrs_frontend_stubs.a(sdltrs_peripheral_stubs.c.o)
                0x1001417c                transition_out
 .text.trs_cassette_kickoff
                0x10014180        0x4 libsdltrs_frontend_stubs.a(sdltrs_peripheral_stubs.c.o)
                0x10014180                trs_cassette_kickoff
 .text.trs_disk_lostdata
                0x10014184        0x4 libsdltrs_frontend_stubs.a(sdltrs_peripheral_stubs.c.o)
                0x10014184                trs_disk_lostdata
 .text.trs_disk_done
                0x10014188        0x4 libsdltrs_frontend_stubs.a(sdltrs_peripheral_stubs.c.o)
                0x10014188                trs_disk_done
 .text.trs_disk_firstdrq
                0x1001418c        0x4 libsdltrs_frontend_stubs.a(sdltrs_peripheral_stubs.c.o)
                0x1001418c                trs_disk_firstdrq
 .text.trs_uart_set_avail
                0x10014190        0x4 libsdltrs_frontend_stubs.a(sdltrs_peripheral_stubs.c.o)
                0x10014190                trs_uart_set_avail
 .text.trs_uart_set_empty
                0x10014194        0x4 libsdltrs_frontend_stubs.a(sdltrs_peripheral_stubs.c.o)
                0x10014194                trs_uart_set_empty
 .text.trs_disk_motoroff
                0x10014198        0x4 libsdltrs_frontend_stubs.a(sdltrs_peripheral_stubs.c.o)
                0x10014198                trs_disk_motoroff
 .text.genie3s_char
                0x1001419c        0x4 libsdltrs_frontend_stubs.a(sdltrs_peripheral_stubs.c.o)
                0x1001419c                genie3s_char
 .text.genie3s_hrg
                0x100141a0        0x4 libsdltrs_frontend_stubs.a(sdltrs_peripheral_stubs.c.o)
                0x100141a0                genie3s_hrg
 .text.genie3s_hrg_write
                0x100141a4        0x4 libsdltrs_frontend_stubs.a(sdltrs_peripheral_stubs.c.o)
                0x100141a4                genie3s_hrg_write
 .text.genie3s_hrg_read
                0x100141a8        0x4 libsdltrs_frontend_stubs.a(sdltrs_peripheral_stubs.c.o)
                0x100141a8                genie3s_hrg_read
 .text.genie3s_latch_read
                0x100141ac        0x4 libsdltrs_frontend_stubs.a(sdltrs_peripheral_stubs.c.o)
                0x100141ac                genie3s_latch_read
 .text.grafyx_write_x
                0x100141b0        0x4 libsdltrs_frontend_stubs.a(sdltrs_peripheral_stubs.c.o)
                0x100141b0                grafyx_write_x
 .text.grafyx_write_y
                0x100141b4        0x4 libsdltrs_frontend_stubs.a(sdltrs_peripheral_stubs.c.o)
                0x100141b4                grafyx_write_y
 .text.grafyx_write_data
                0x100141b8        0x4 libsdltrs_frontend_stubs.a(sdltrs_peripheral_stubs.c.o)
                0x100141b8                grafyx_write_data
 .text.grafyx_read_data
                0x100141bc        0x4 libsdltrs_frontend_stubs.a(sdltrs_peripheral_stubs.c.o)
                0x100141bc                grafyx_read_data
 .text.grafyx_read_mode
                0x100141c0        0x4 libsdltrs_frontend_stubs.a(sdltrs_peripheral_stubs.c.o)
                0x100141c0                grafyx_read_mode
 .text.grafyx_write_xoffset
                0x100141c4        0x4 libsdltrs_frontend_stubs.a(sdltrs_peripheral_stubs.c.o)
                0x100141c4                grafyx_write_xoffset
 .text.grafyx_write_yoffset
                0x100141c8        0x4 libsdltrs_frontend_stubs.a(sdltrs_peripheral_stubs.c.o)
                0x100141c8                grafyx_write_yoffset
 .text.grafyx_write_overlay
                0x100141cc        0x4 libsdltrs_frontend_stubs.a(sdltrs_peripheral_stubs.c.o)
                0x100141cc                grafyx_write_overlay
 .text.grafyx_m3_write_mode
                0x100141d0        0x4 libsdltrs_frontend_stubs.a(sdltrs_peripheral_stubs.c.o)
                0x100141d0                grafyx_m3_write_mode
 .text.grafyx_m3_read_byte
                0x100141d4        0x4 libsdltrs_frontend_stubs.a(sdltrs_peripheral_stubs.c.o)
                0x100141d4                grafyx_m3_read_byte
 .text.grafyx_m3_write_byte
                0x100141d8        0x4 libsdltrs_frontend_stubs.a(sdltrs_peripheral_stubs.c.o)
                0x100141d8                grafyx_m3_write_byte
 .text.hrg_write_data
                0x100141dc        0x4 libsdltrs_frontend_stubs.a(sdltrs_peripheral_stubs.c.o)
                0x100141dc                hrg_write_data
 .text.hrg_read_data
                0x100141e0        0x4 libsdltrs_frontend_stubs.a(sdltrs_peripheral_stubs.c.o)
                0x100141e0                hrg_read_data
 .text.lowe_le18_read
                0x100141e4        0x4 libsdltrs_frontend_stubs.a(sdltrs_peripheral_stubs.c.o)
                0x100141e4                lowe_le18_read
 .text.lowe_le18_write_data
                0x100141e8        0x4 libsdltrs_frontend_stubs.a(sdltrs_peripheral_stubs.c.o)
                0x100141e8                lowe_le18_write_data
 .text.lowe_le18_write_control
                0x100141ec        0x4 libsdltrs_frontend_stubs.a(sdltrs_peripheral_stubs.c.o)
                0x100141ec                lowe_le18_write_control
 .text.trs_disk_data_read
                0x100141f0        0x4 libsdltrs_frontend_stubs.a(sdltrs_peripheral_stubs.c.o)
                0x100141f0                trs_disk_data_read
 .text.trs_disk_status_read
                0x100141f4        0x4 libsdltrs_frontend_stubs.a(sdltrs_peripheral_stubs.c.o)
                0x100141f4                trs_disk_status_read
 .text.trs_disk_track_read
                0x100141f8        0x4 libsdltrs_frontend_stubs.a(sdltrs_peripheral_stubs.c.o)
                0x100141f8                trs_disk_track_read
 .text.trs_disk_sector_read
                0x100141fc        0x4 libsdltrs_frontend_stubs.a(sdltrs_peripheral_stubs.c.o)
                0x100141fc                trs_disk_sector_read
 .text.trs_disk_data_write
                0x10014200        0x4 libsdltrs_frontend_stubs.a(sdltrs_peripheral_stubs.c.o)
                0x10014200                trs_disk_data_write
 .text.trs_disk_command_write
                0x10014204        0x4 libsdltrs_frontend_stubs.a(sdltrs_peripheral_stubs.c.o)
                0x10014204                trs_disk_command_write
 .text.trs_disk_track_write
                0x10014208        0x4 libsdltrs_frontend_stubs.a(sdltrs_peripheral_stubs.c.o)
                0x10014208                trs_disk_track_write
 .text.trs_disk_sector_write
                0x1001420c        0x4 libsdltrs_frontend_stubs.a(sdltrs_peripheral_stubs.c.o)
                0x1001420c                trs_disk_sector_write
 .text.trs_disk_select_write
                0x10014210        0x4 libsdltrs_frontend_stubs.a(sdltrs_peripheral_stubs.c.o)
                0x10014210                trs_disk_select_write
 .text.trs_keyboard_save
                0x10014214        0x4 libsdltrs_frontend_stubs.a(sdltrs_peripheral_stubs.c.o)
                0x10014214                trs_keyboard_save
 .text.trs_keyboard_load
                0x10014218        0x4 libsdltrs_frontend_stubs.a(sdltrs_peripheral_stubs.c.o)
                0x10014218                trs_keyboard_load
 .text.trs_main_save
                0x1001421c        0x4 libsdltrs_frontend_stubs.a(sdltrs_peripheral_stubs.c.o)
                0x1001421c                trs_main_save
 .text.trs_main_load
                0x10014220        0x4 libsdltrs_frontend_stubs.a(sdltrs_peripheral_stubs.c.o)
                0x10014220                trs_main_load
 .text.trs_cassette_save
                0x10014224        0x4 libsdltrs_frontend_stubs.a(sdltrs_peripheral_stubs.c.o)
                0x10014224                trs_cassette_save
 .text.trs_cassette_load
                0x10014228        0x4 libsdltrs_frontend_stubs.a(sdltrs_peripheral_stubs.c.o)
                0x10014228                trs_cassette_load
 .text.trs_disk_save
                0x1001422c        0x4 libsdltrs_frontend_stubs.a(sdltrs_peripheral_stubs.c.o)
                0x1001422c                trs_disk_save
 .text.trs_disk_load
                0x10014230        0x4 libsdltrs_frontend_stubs.a(sdltrs_peripheral_stubs.c.o)
                0x10014230                trs_disk_load
 .text.trs_hard_save
                0x10014234        0x4 libsdltrs_frontend_stubs.a(sdltrs_peripheral_stubs.c.o)
                0x10014234                trs_hard_save
 .text.trs_hard_load
                0x10014238        0x4 libsdltrs_frontend_stubs.a(sdltrs_peripheral_stubs.c.o)
                0x10014238                trs_hard_load
 .text.trs_stringy_save
                0x1001423c        0x4 libsdltrs_frontend_stubs.a(sdltrs_peripheral_stubs.c.o)
                0x1001423c                trs_stringy_save
 .text.trs_stringy_load
                0x10014240        0x4 libsdltrs_frontend_stubs.a(sdltrs_peripheral_stubs.c.o)
                0x10014240                trs_stringy_load
 .text.trs_uart_save
                0x10014244        0x4 libsdltrs_frontend_stubs.a(sdltrs_peripheral_stubs.c.o)
                0x10014244                trs_uart_save
 .text.trs_uart_load
                0x10014248        0x4 libsdltrs_frontend_stubs.a(sdltrs_peripheral_stubs.c.o)
                0x10014248                trs_uart_load
 .text.trs_imp_exp_save
                0x1001424c        0x4 libsdltrs_frontend_stubs.a(sdltrs_peripheral_stubs.c.o)
                0x1001424c                trs_imp_exp_save
 .text.trs_imp_exp_load
                0x10014250        0x4 libsdltrs_frontend_stubs.a(sdltrs_peripheral_stubs.c.o)
                0x10014250                trs_imp_exp_load
 .text.do_emt_system
                0x10014254        0x4 libsdltrs_frontend_stubs.a(sdltrs_peripheral_stubs.c.o)
                0x10014254                do_emt_system
 .text.do_emt_mouse
                0x10014258        0x4 libsdltrs_frontend_stubs.a(sdltrs_peripheral_stubs.c.o)
                0x10014258                do_emt_mouse
 .text.do_emt_getddir
                0x1001425c        0x4 libsdltrs_frontend_stubs.a(sdltrs_peripheral_stubs.c.o)
                0x1001425c                do_emt_getddir
 .text.do_emt_setddir
                0x10014260        0x4 libsdltrs_frontend_stubs.a(sdltrs_peripheral_stubs.c.o)
                0x10014260                do_emt_setddir
 .text.do_emt_open
                0x10014264        0x8 libsdltrs_frontend_stubs.a(sdltrs_peripheral_stubs.c.o)
                0x10014264                do_emt_open
 .text.do_emt_close
                0x1001426c        0x4 libsdltrs_frontend_stubs.a(sdltrs_peripheral_stubs.c.o)
                0x1001426c                do_emt_close
 .text.do_emt_read
                0x10014270        0x8 libsdltrs_frontend_stubs.a(sdltrs_peripheral_stubs.c.o)
                0x10014270                do_emt_read
 .text.do_emt_write
                0x10014278        0x8 libsdltrs_frontend_stubs.a(sdltrs_peripheral_stubs.c.o)
                0x10014278                do_emt_write
 .text.do_emt_lseek
                0x10014280        0x8 libsdltrs_frontend_stubs.a(sdltrs_peripheral_stubs.c.o)
                0x10014280                do_emt_lseek
 .text.do_emt_strerror
                0x10014288        0x4 libsdltrs_frontend_stubs.a(sdltrs_peripheral_stubs.c.o)
                0x10014288                do_emt_strerror
 .text.do_emt_time
                0x1001428c        0x4 libsdltrs_frontend_stubs.a(sdltrs_peripheral_stubs.c.o)
                0x1001428c                do_emt_time
 .text.do_emt_opendir
                0x10014290        0x8 libsdltrs_frontend_stubs.a(sdltrs_peripheral_stubs.c.o)
                0x10014290                do_emt_opendir
 .text.do_emt_closedir
                0x10014298        0x4 libsdltrs_frontend_stubs.a(sdltrs_peripheral_stubs.c.o)
                0x10014298                do_emt_closedir
 .text.do_emt_readdir
                0x1001429c        0x8 libsdltrs_frontend_stubs.a(sdltrs_peripheral_stubs.c.o)
                0x1001429c                do_emt_readdir
 .text.do_emt_chdir
                0x100142a4        0x8 libsdltrs_frontend_stubs.a(sdltrs_peripheral_stubs.c.o)
                0x100142a4                do_emt_chdir
 .text.do_emt_getcwd
                0x100142ac        0x8 libsdltrs_frontend_stubs.a(sdltrs_peripheral_stubs.c.o)
                0x100142ac                do_emt_getcwd
 .text.do_emt_misc
                0x100142b4        0x4 libsdltrs_frontend_stubs.a(sdltrs_peripheral_stubs.c.o)
                0x100142b4                do_emt_misc
 .text.do_emt_ftruncate
                0x100142b8        0x8 libsdltrs_frontend_stubs.a(sdltrs_peripheral_stubs.c.o)
                0x100142b8                do_emt_ftruncate
 .text.do_emt_opendisk
                0x100142c0        0x8 libsdltrs_frontend_stubs.a(sdltrs_peripheral_stubs.c.o)
                0x100142c0                do_emt_opendisk
 .text.do_emt_closedisk
                0x100142c8        0x4 libsdltrs_frontend_stubs.a(sdltrs_peripheral_stubs.c.o)
                0x100142c8                do_emt_closedisk
 .text.trs_hard_out
                0x100142cc        0x4 libsdltrs_frontend_stubs.a(sdltrs_peripheral_stubs.c.o)
                0x100142cc                trs_hard_out
 .text.trs_hard_in
                0x100142d0        0x4 libsdltrs_frontend_stubs.a(sdltrs_peripheral_stubs.c.o)
                0x100142d0                trs_hard_in
 .text.stringy_out
                0x100142d4        0x4 libsdltrs_frontend_stubs.a(sdltrs_peripheral_stubs.c.o)
                0x100142d4                stringy_out
 .text.stringy_in
                0x100142d8        0x4 libsdltrs_frontend_stubs.a(sdltrs_peripheral_stubs.c.o)
                0x100142d8                stringy_in
 .text.trs_uart_reset_out
                0x100142dc        0x4 libsdltrs_frontend_stubs.a(sdltrs_peripheral_stubs.c.o)
                0x100142dc                trs_uart_reset_out
 .text.trs_uart_baud_out
                0x100142e0        0x4 libsdltrs_frontend_stubs.a(sdltrs_peripheral_stubs.c.o)
                0x100142e0                trs_uart_baud_out
 .text.trs_uart_control_out
                0x100142e4        0x4 libsdltrs_frontend_stubs.a(sdltrs_peripheral_stubs.c.o)
                0x100142e4                trs_uart_control_out
 .text.trs_uart_data_out
                0x100142e8        0x4 libsdltrs_frontend_stubs.a(sdltrs_peripheral_stubs.c.o)
                0x100142e8                trs_uart_data_out
 .text.trs_uart_modem_in
                0x100142ec        0x4 libsdltrs_frontend_stubs.a(sdltrs_peripheral_stubs.c.o)
                0x100142ec                trs_uart_modem_in
 .text.trs_uart_switches_in
                0x100142f0        0x4 libsdltrs_frontend_stubs.a(sdltrs_peripheral_stubs.c.o)
                0x100142f0                trs_uart_switches_in
 .text.trs_uart_status_in
                0x100142f4        0x4 libsdltrs_frontend_stubs.a(sdltrs_peripheral_stubs.c.o)
                0x100142f4                trs_uart_status_in
 .text.trs_uart_data_in
                0x100142f8        0x4 libsdltrs_frontend_stubs.a(sdltrs_peripheral_stubs.c.o)
                0x100142f8                trs_uart_data_in
 .text.platform_init
                0x100142fc       0x30 libsdltrs_frontend_stubs.a(platform_picocalc.c.o)
                0x100142fc                platform_init
 .text.platform_poll_key
                0x1001432c      0x114 libsdltrs_frontend_stubs.a(platform_picocalc.c.o)
                0x1001432c                platform_poll_key
 .text.platform_screen_configure
                0x10014440       0x14 libsdltrs_frontend_stubs.a(platform_picocalc.c.o)
                0x10014440                platform_screen_configure
 .text.platform_screen_write_cell
                0x10014454       0x30 libsdltrs_frontend_stubs.a(platform_picocalc.c.o)
                0x10014454                platform_screen_write_cell
 .text.platform_screen_flush
                0x10014484        0x4 libsdltrs_frontend_stubs.a(platform_picocalc.c.o)
                0x10014484                platform_screen_flush
 .text.platform_set_disk_led
                0x10014488        0x4 libsdltrs_frontend_stubs.a(platform_picocalc.c.o)
                0x10014488                platform_set_disk_led
 .text.platform_set_hard_led
                0x1001448c        0x4 libsdltrs_frontend_stubs.a(platform_picocalc.c.o)
                0x1001448c                platform_set_hard_led
 .text.platform_set_turbo_led
                0x10014490        0x4 libsdltrs_frontend_stubs.a(platform_picocalc.c.o)
                0x10014490                platform_set_turbo_led
 .text.platform_file_exists
                0x10014494       0x54 libsdltrs_frontend_stubs.a(platform_picocalc.c.o)
                0x10014494                platform_file_exists
 .text.platform_last_file_error_code
                0x100144e8        0xc libsdltrs_frontend_stubs.a(platform_picocalc.c.o)
                0x100144e8                platform_last_file_error_code
 .text.platform_last_file_error
                0x100144f4        0xc libsdltrs_frontend_stubs.a(platform_picocalc.c.o)
                0x100144f4                platform_last_file_error
 .text.platform_sd_detect_state
                0x10014500        0xc libsdltrs_frontend_stubs.a(platform_picocalc.c.o)
                0x10014500                platform_sd_detect_state
 .text.platform_sd_card_present
                0x1001450c        0x4 libsdltrs_frontend_stubs.a(platform_picocalc.c.o)
                0x1001450c                platform_sd_card_present
 .text.on_sd_card_detect
                0x10014510       0x4c libsdltrs_frontend_stubs.a(fat32.c.o)
 .text.fat32_dir_read.part.0
                0x1001455c      0x560 libsdltrs_frontend_stubs.a(fat32.c.o)
 .text.fat32_mount
                0x10014abc      0x224 libsdltrs_frontend_stubs.a(fat32.c.o)
                0x10014abc                fat32_mount
 .text.find_entry
                0x10014ce0      0x21c libsdltrs_frontend_stubs.a(fat32.c.o)
 .text.fat32_open.part.0
                0x10014efc       0x68 libsdltrs_frontend_stubs.a(fat32.c.o)
 .text.fat32_open
                0x10014f64       0x94 libsdltrs_frontend_stubs.a(fat32.c.o)
                0x10014f64                fat32_open
 .text.fat32_close
                0x10014ff8       0x20 libsdltrs_frontend_stubs.a(fat32.c.o)
                0x10014ff8                fat32_close
 .text.fat32_read
                0x10015018      0x234 libsdltrs_frontend_stubs.a(fat32.c.o)
                0x10015018                fat32_read
 .text.fat32_seek
                0x1001524c       0x14 libsdltrs_frontend_stubs.a(fat32.c.o)
                0x1001524c                fat32_seek
 .text.fat32_error_string
                0x10015260       0x18 libsdltrs_frontend_stubs.a(fat32.c.o)
                0x10015260                fat32_error_string
 .text.fat32_init
                0x10015278       0x74 libsdltrs_frontend_stubs.a(fat32.c.o)
                0x10015278                fat32_init
 .text.on_keyboard_timer
                0x100152ec      0x190 libsdltrs_frontend_stubs.a(keyboard.c.o)
 .text.keyboard_key_available
                0x1001547c       0x1c libsdltrs_frontend_stubs.a(keyboard.c.o)
                0x1001547c                keyboard_key_available
 .text.keyboard_get_key
                0x10015498       0x30 libsdltrs_frontend_stubs.a(keyboard.c.o)
                0x10015498                keyboard_get_key
 .text.keyboard_set_key_available_callback
                0x100154c8        0xc libsdltrs_frontend_stubs.a(keyboard.c.o)
                0x100154c8                keyboard_set_key_available_callback
 .text.keyboard_set_background_poll
                0x100154d4       0x38 libsdltrs_frontend_stubs.a(keyboard.c.o)
                0x100154d4                keyboard_set_background_poll
 .text.keyboard_init
                0x1001550c       0x18 libsdltrs_frontend_stubs.a(keyboard.c.o)
                0x1001550c                keyboard_init
 .text.lcd_write_data.constprop.0
                0x10015524       0x54 libsdltrs_frontend_stubs.a(lcd.c.o)
 .text.lcd_write_data.constprop.1
                0x10015578       0x40 libsdltrs_frontend_stubs.a(lcd.c.o)
 .text.lcd_write_data.constprop.2
                0x100155b8       0x5c libsdltrs_frontend_stubs.a(lcd.c.o)
 .text.lcd_write_data.constprop.3
                0x10015614       0x54 libsdltrs_frontend_stubs.a(lcd.c.o)
 .text.lcd_set_window
                0x10015668       0xac libsdltrs_frontend_stubs.a(lcd.c.o)
 .text.lcd_blit.constprop.0
                0x10015714      0x100 libsdltrs_frontend_stubs.a(lcd.c.o)
 .text.on_cursor_timer
                0x10015814       0xe4 libsdltrs_frontend_stubs.a(lcd.c.o)
                0x10015814                on_cursor_timer
 .text.lcd_set_reverse
                0x100158f8       0x38 libsdltrs_frontend_stubs.a(lcd.c.o)
                0x100158f8                lcd_set_reverse
 .text.lcd_set_underscore
                0x10015930        0xc libsdltrs_frontend_stubs.a(lcd.c.o)
                0x10015930                lcd_set_underscore
 .text.lcd_set_bold
                0x1001593c        0xc libsdltrs_frontend_stubs.a(lcd.c.o)
                0x1001593c                lcd_set_bold
 .text.lcd_set_font
                0x10015948        0xc libsdltrs_frontend_stubs.a(lcd.c.o)
                0x10015948                lcd_set_font
 .text.lcd_get_columns
                0x10015954       0x18 libsdltrs_frontend_stubs.a(lcd.c.o)
                0x10015954                lcd_get_columns
 .text.lcd_set_foreground
                0x1001596c       0x20 libsdltrs_frontend_stubs.a(lcd.c.o)
                0x1001596c                lcd_set_foreground
 .text.lcd_set_background
                0x1001598c       0x20 libsdltrs_frontend_stubs.a(lcd.c.o)
                0x1001598c                lcd_set_background
 .text.lcd_blit
                0x100159ac      0x108 libsdltrs_frontend_stubs.a(lcd.c.o)
                0x100159ac                lcd_blit
 .text.lcd_define_scrolling
                0x10015ab4      0x100 libsdltrs_frontend_stubs.a(lcd.c.o)
                0x10015ab4                lcd_define_scrolling
 .text.lcd_scroll_reset
                0x10015bb4       0x64 libsdltrs_frontend_stubs.a(lcd.c.o)
                0x10015bb4                lcd_scroll_reset
 .text.lcd_scroll_up
                0x10015c18       0xc4 libsdltrs_frontend_stubs.a(lcd.c.o)
                0x10015c18                lcd_scroll_up
 .text.lcd_scroll_down
                0x10015cdc       0xc8 libsdltrs_frontend_stubs.a(lcd.c.o)
                0x10015cdc                lcd_scroll_down
 .text.lcd_clear_screen
                0x10015da4      0x274 libsdltrs_frontend_stubs.a(lcd.c.o)
                0x10015da4                lcd_clear_screen
 .text.lcd_erase_line
                0x10016018      0x2bc libsdltrs_frontend_stubs.a(lcd.c.o)
                0x10016018                lcd_erase_line
 .text.lcd_putc
                0x100162d4      0x3b4 libsdltrs_frontend_stubs.a(lcd.c.o)
                0x100162d4                lcd_putc
 .text.lcd_enable_cursor
                0x10016688        0xc libsdltrs_frontend_stubs.a(lcd.c.o)
                0x10016688                lcd_enable_cursor
 .text.lcd_move_cursor
                0x10016694       0x40 libsdltrs_frontend_stubs.a(lcd.c.o)
                0x10016694                lcd_move_cursor
 .text.lcd_draw_cursor
                0x100166d4       0x84 libsdltrs_frontend_stubs.a(lcd.c.o)
                0x100166d4                lcd_draw_cursor
 .text.lcd_erase_cursor
                0x10016758       0x84 libsdltrs_frontend_stubs.a(lcd.c.o)
                0x10016758                lcd_erase_cursor
 .text.lcd_init
                0x100167dc      0x2bc libsdltrs_frontend_stubs.a(lcd.c.o)
                0x100167dc                lcd_init
 .text.picocalc_out_flush
                0x10016a98        0x4 libsdltrs_frontend_stubs.a(picocalc.c.o)
 .text.picocalc_set_chars_available_callback
                0x10016a9c       0x14 libsdltrs_frontend_stubs.a(picocalc.c.o)
 .text.picocalc_chars_available_notify
                0x10016ab0       0x18 libsdltrs_frontend_stubs.a(picocalc.c.o)
                0x10016ab0                picocalc_chars_available_notify
 .text.picocalc_in_chars
                0x10016ac8       0x20 libsdltrs_frontend_stubs.a(picocalc.c.o)
 .text.picocalc_out_chars
                0x10016ae8       0x1c libsdltrs_frontend_stubs.a(picocalc.c.o)
 .text.picocalc_init
                0x10016b04       0x40 libsdltrs_frontend_stubs.a(picocalc.c.o)
                0x10016b04                picocalc_init
 .text.sd_card_present
                0x10016b44       0x10 libsdltrs_frontend_stubs.a(sdcard.c.o)
                0x10016b44                sd_card_present
 .text.sd_read_block
                0x10016b54      0x13c libsdltrs_frontend_stubs.a(sdcard.c.o)
                0x10016b54                sd_read_block
 .text.sd_card_init
                0x10016c90      0x3fc libsdltrs_frontend_stubs.a(sdcard.c.o)
                0x10016c90                sd_card_init
 .text.sd_init  0x1001708c       0x60 libsdltrs_frontend_stubs.a(sdcard.c.o)
                0x1001708c                sd_init
 .text.sb_available
                0x100170ec       0x14 libsdltrs_frontend_stubs.a(southbridge.c.o)
                0x100170ec                sb_available
 .text.sb_read_keyboard
                0x10017100       0xb4 libsdltrs_frontend_stubs.a(southbridge.c.o)
                0x10017100                sb_read_keyboard
 .text.sb_init  0x100171b4       0x48 libsdltrs_frontend_stubs.a(southbridge.c.o)
                0x100171b4                sb_init
 .text.platform_fopen
                0x100171fc       0x44 libsdltrs_frontend_stubs.a(platform_file_picocalc.c.o)
                0x100171fc                platform_fopen
 .text.platform_getc
                0x10017240       0x30 libsdltrs_frontend_stubs.a(platform_file_picocalc.c.o)
                0x10017240                platform_getc
 .text.platform_fgets
                0x10017270       0x68 libsdltrs_frontend_stubs.a(platform_file_picocalc.c.o)
                0x10017270                platform_fgets
 .text.platform_rewind
                0x100172d8        0xc libsdltrs_frontend_stubs.a(platform_file_picocalc.c.o)
                0x100172d8                platform_rewind
 .text.platform_fclose
                0x100172e4       0x1c libsdltrs_frontend_stubs.a(platform_file_picocalc.c.o)
                0x100172e4                platform_fclose
 .text.audio_init
                0x10017300       0xd4 libsdltrs_frontend_stubs.a(audio.c.o)
                0x10017300                audio_init
 .text.display_emit
                0x100173d4      0xec0 libsdltrs_frontend_stubs.a(display.c.o)
                0x100173d4                display_emit
 .text.display_init
                0x10018294       0x28 libsdltrs_frontend_stubs.a(display.c.o)
                0x10018294                display_init
 .text          0x100182bc       0x64 /usr/lib/gcc/arm-none-eabi/13.2.1/../../../arm-none-eabi/lib/thumb/v8-m.main+fp/softfp/libg.a(libc_a-strncpy.o)
                0x100182bc                strncpy
 .text          0x10018320       0x2c /usr/lib/gcc/arm-none-eabi/13.2.1/../../../arm-none-eabi/lib/thumb/v8-m.main+fp/softfp/libg.a(libc_a-getenv.o)
                0x10018320                _findenv
                0x10018330                getenv
 .text          0x1001834c       0xa4 /usr/lib/gcc/arm-none-eabi/13.2.1/../../../arm-none-eabi/lib/thumb/v8-m.main+fp/softfp/libg.a(libc_a-memset.o)
                0x1001834c                memset
 .text          0x100183f0      0x174 /usr/lib/gcc/arm-none-eabi/13.2.1/../../../arm-none-eabi/lib/thumb/v8-m.main+fp/softfp/libg.a(libc_a-fread.o)
                0x100183f0                _fread_r
                0x10018544                fread
 *fill*         0x10018564        0x4 
 .text          0x10018568     0x1550 /usr/lib/gcc/arm-none-eabi/13.2.1/../../../arm-none-eabi/lib/thumb/v8-m.main+fp/softfp/libg.a(libc_a-vfprintf.o)
                0x10018568                _vfprintf_r
                0x10019a34                vfprintf
 .text          0x10019ab8       0x10 /usr/lib/gcc/arm-none-eabi/13.2.1/../../../arm-none-eabi/lib/thumb/v8-m.main+fp/softfp/libg.a(libc_a-lcltime.o)
                0x10019ab8                localtime
 .text          0x10019ac8       0xb0 /usr/lib/gcc/arm-none-eabi/13.2.1/../../../arm-none-eabi/lib/thumb/v8-m.main+fp/softfp/libg.a(libc_a-sscanf.o)
                0x10019ac8                sscanf
                0x10019b20                _sscanf_r
 .text          0x10019b78      0x1ac /usr/lib/gcc/arm-none-eabi/13.2.1/../../../arm-none-eabi/lib/thumb/v8-m.main+fp/softfp/libg.a(libc_a-fflush.o)
                0x10019b78                __sflush_r
                0x10019cb0                _fflush_r
                0x10019cdc                fflush
 .text          0x10019d24       0x80 /usr/lib/gcc/arm-none-eabi/13.2.1/../../../arm-none-eabi/lib/thumb/v8-m.main+fp/softfp/libg.a(libc_a-strncmp.o)
                0x10019d24                strncmp
 .text          0x10019da4        0xc /usr/lib/gcc/arm-none-eabi/13.2.1/../../../arm-none-eabi/lib/thumb/v8-m.main+fp/softfp/libg.a(libc_a-errno.o)
                0x10019da4                __errno
 .text          0x10019db0       0x4c /usr/lib/gcc/arm-none-eabi/13.2.1/../../../arm-none-eabi/lib/thumb/v8-m.main+fp/softfp/libg.a(libc_a-strcasecmp.o)
                0x10019db0                strcasecmp
 .text          0x10019dfc       0x70 /usr/lib/gcc/arm-none-eabi/13.2.1/../../../arm-none-eabi/lib/thumb/v8-m.main+fp/softfp/libg.a(libc_a-callocr.o)
                0x10019dfc                _calloc_r
 .text          0x10019e6c       0x6c /usr/lib/gcc/arm-none-eabi/13.2.1/../../../arm-none-eabi/lib/thumb/v8-m.main+fp/softfp/libg.a(libc_a-fputc.o)
                0x10019e6c                _fputc_r
                0x10019e9c                fputc
 .text          0x10019ed8      0x548 /usr/lib/gcc/arm-none-eabi/13.2.1/../../../arm-none-eabi/lib/thumb/v8-m.main+fp/softfp/libg.a(libc_a-mallocr.o)
                0x10019ed8                _malloc_r
 .text          0x1001a420     0x1018 /usr/lib/gcc/arm-none-eabi/13.2.1/../../../arm-none-eabi/lib/thumb/v8-m.main+fp/softfp/libg.a(libc_a-dtoa.o)
                0x1001a558                _dtoa_r
 .text          0x1001b438       0xc4 /usr/lib/gcc/arm-none-eabi/13.2.1/../../../arm-none-eabi/lib/thumb/v8-m.main+fp/softfp/libg.a(libc_a-wsetup.o)
                0x1001b438                __swsetup_r
 .text          0x1001b4fc      0x2b0 /usr/lib/gcc/arm-none-eabi/13.2.1/../../../arm-none-eabi/lib/thumb/v8-m.main+fp/softfp/libg.a(libc_a-freer.o)
                0x1001b4fc                _malloc_trim_r
                0x1001b5b4                _free_r
 .text          0x1001b7ac       0x6c /usr/lib/gcc/arm-none-eabi/13.2.1/../../../arm-none-eabi/lib/thumb/v8-m.main+fp/softfp/libg.a(libc_a-strtok_r.o)
                0x1001b7ac                __strtok_r
                0x1001b810                strtok_r
 .text          0x1001b818     0x1100 /usr/lib/gcc/arm-none-eabi/13.2.1/../../../arm-none-eabi/lib/thumb/v8-m.main+fp/softfp/libg.a(libc_a-svfscanf.o)
                0x1001b818                __ssvfscanf_r
 .text          0x1001c918      0x17c /usr/lib/gcc/arm-none-eabi/13.2.1/../../../arm-none-eabi/lib/thumb/v8-m.main+fp/softfp/libg.a(libc_a-strtol.o)
                0x1001ca24                _strtol_r
                0x1001ca3c                strtol_l
                0x1001ca68                strtol
 .text          0x1001ca94       0x90 /usr/lib/gcc/arm-none-eabi/13.2.1/../../../arm-none-eabi/lib/thumb/v8-m.main+fp/softfp/libg.a(libc_a-fclose.o)
                0x1001ca94                _fclose_r
                0x1001cb14                fclose
 .text          0x1001cb24       0x20 /usr/lib/gcc/arm-none-eabi/13.2.1/../../../arm-none-eabi/lib/thumb/v8-m.main+fp/softfp/libg.a(libc_a-malloc.o)
                0x1001cb24                malloc
                0x1001cb34                free
 .text          0x1001cb44       0xec /usr/lib/gcc/arm-none-eabi/13.2.1/../../../arm-none-eabi/lib/thumb/v8-m.main+fp/softfp/libg.a(libc_a-memcpy.o)
                0x1001cb44                memcpy
 .text          0x1001cc30       0xa4 /usr/lib/gcc/arm-none-eabi/13.2.1/../../../arm-none-eabi/lib/thumb/v8-m.main+fp/softfp/libg.a(libc_a-putc.o)
                0x1001cc30                _putc_r
                0x1001cc7c                putc
 .text          0x1001ccd4       0x1c /usr/lib/gcc/arm-none-eabi/13.2.1/../../../arm-none-eabi/lib/thumb/v8-m.main+fp/softfp/libg.a(libc_a-sysconf.o)
                0x1001ccd4                sysconf
 .text          0x1001ccf0       0x98 /usr/lib/gcc/arm-none-eabi/13.2.1/../../../arm-none-eabi/lib/thumb/v8-m.main+fp/softfp/libg.a(libc_a-stdio.o)
                0x1001ccf0                __sread
                0x1001cd14                __seofread
                0x1001cd18                __swrite
                0x1001cd58                __sseek
                0x1001cd80                __sclose
 .text          0x1001cd88       0x44 /usr/lib/gcc/arm-none-eabi/13.2.1/../../../arm-none-eabi/lib/thumb/v8-m.main+fp/softfp/libg.a(libc_a-fprintf.o)
                0x1001cd88                _fprintf_r
                0x1001cda4                fprintf
 .text          0x1001cdcc        0x8 /usr/lib/gcc/arm-none-eabi/13.2.1/../../../arm-none-eabi/lib/thumb/v8-m.main+fp/softfp/libg.a(libc_a-iswspace.o)
                0x1001cdcc                iswspace
 .text          0x1001cdd4       0x90 /usr/lib/gcc/arm-none-eabi/13.2.1/../../../arm-none-eabi/lib/thumb/v8-m.main+fp/softfp/libg.a(libc_a-mbrtowc.o)
                0x1001cdd4                _mbrtowc_r
                0x1001ce14                mbrtowc
 .text          0x1001ce64      0x114 /usr/lib/gcc/arm-none-eabi/13.2.1/../../../arm-none-eabi/lib/thumb/v8-m.main+fp/softfp/libg.a(libc_a-refill.o)
                0x1001ce80                __srefill_r
 .text          0x1001cf78       0x90 /usr/lib/gcc/arm-none-eabi/13.2.1/../../../arm-none-eabi/lib/thumb/v8-m.main+fp/softfp/libg.a(libc_a-getenv_r.o)
                0x1001cf78                _findenv_r
                0x1001cff8                _getenv_r
 .text          0x1001d008       0xbc /usr/lib/gcc/arm-none-eabi/13.2.1/../../../arm-none-eabi/lib/thumb/v8-m.main+fp/softfp/libg.a(libc_a-wbuf.o)
                0x1001d008                __swbuf_r
                0x1001d0b4                __swbuf
 .text          0x1001d0c4      0x370 /usr/lib/gcc/arm-none-eabi/13.2.1/../../../arm-none-eabi/lib/thumb/v8-m.main+fp/softfp/libg.a(libc_a-reallocr.o)
                0x1001d0c4                _realloc_r
 .text          0x1001d434       0x2c /usr/lib/gcc/arm-none-eabi/13.2.1/../../../arm-none-eabi/lib/thumb/v8-m.main+fp/softfp/libg.a(libc_a-writer.o)
                0x1001d434                _write_r
 .text          0x1001d460      0x568 /usr/lib/gcc/arm-none-eabi/13.2.1/../../../arm-none-eabi/lib/thumb/v8-m.main+fp/softfp/libg.a(libc_a-mktime.o)
                0x1001d638                mktime
 .text          0x1001d9c8      0x3f4 /usr/lib/gcc/arm-none-eabi/13.2.1/../../../arm-none-eabi/lib/thumb/v8-m.main+fp/softfp/libg.a(libc_a-strerror.o)
                0x1001d9c8                _strerror_r
                0x1001dd94                strerror
                0x1001dda8                strerror_l
 .text          0x1001ddbc       0xf8 /usr/lib/gcc/arm-none-eabi/13.2.1/../../../arm-none-eabi/lib/thumb/v8-m.main+fp/softfp/libg.a(libc_a-fwrite.o)
                0x1001ddbc                _fwrite_r
                0x1001de34                fwrite
 .text          0x1001deb4        0x8 /usr/lib/gcc/arm-none-eabi/13.2.1/../../../arm-none-eabi/lib/thumb/v8-m.main+fp/softfp/libg.a(libc_a-mlock.o)
                0x1001deb4                __malloc_lock
                0x1001deb8                __malloc_unlock
 .text          0x1001debc      0x224 /usr/lib/gcc/arm-none-eabi/13.2.1/../../../arm-none-eabi/lib/thumb/v8-m.main+fp/softfp/libg.a(libc_a-findfp.o)
                0x1001dfec                __sfp
                0x1001e090                __sinit
                0x1001e0b0                __sfp_lock_acquire
                0x1001e0b4                __sfp_lock_release
                0x1001e0b8                __fp_lock_all
                0x1001e0cc                __fp_unlock_all
 .text          0x1001e0e0        0x8 /usr/lib/gcc/arm-none-eabi/13.2.1/../../../arm-none-eabi/lib/thumb/v8-m.main+fp/softfp/libg.a(libc_a-tzlock.o)
                0x1001e0e0                __tz_lock
                0x1001e0e4                __tz_unlock
 .text          0x1001e0e8      0x300 /usr/lib/gcc/arm-none-eabi/13.2.1/../../../arm-none-eabi/lib/thumb/v8-m.main+fp/softfp/libg.a(libc_a-fvwrite.o)
                0x1001e0e8                __sfvwrite_r
 .text          0x1001e3e8        0xc /usr/lib/gcc/arm-none-eabi/13.2.1/../../../arm-none-eabi/lib/thumb/v8-m.main+fp/softfp/libg.a(libc_a-atexit.o)
                0x1001e3e8                atexit
 .text          0x1001e3f4      0x244 /usr/lib/gcc/arm-none-eabi/13.2.1/../../../arm-none-eabi/lib/thumb/v8-m.main+fp/softfp/libg.a(libc_a-lcltime_r.o)
                0x1001e3f4                localtime_r
 .text          0x1001e638       0x5c /usr/lib/gcc/arm-none-eabi/13.2.1/../../../arm-none-eabi/lib/thumb/v8-m.main+fp/softfp/libg.a(libc_a-strlen-stub.o)
                0x1001e638                strlen
 .text          0x1001e694     0x10b4 /usr/lib/gcc/arm-none-eabi/13.2.1/../../../arm-none-eabi/lib/thumb/v8-m.main+fp/softfp/libg.a(libc_a-svfiscanf.o)
                0x1001e694                _sungetc_r
                0x1001e710                __ssrefill_r
                0x1001e748                _sfread_r
                0x1001e7ec                __ssvfiscanf_r
 .text          0x1001f748       0x24 /usr/lib/gcc/arm-none-eabi/13.2.1/../../../arm-none-eabi/lib/thumb/v8-m.main+fp/softfp/libg.a(libc_a-sbrkr.o)
                0x1001f748                _sbrk_r
 .text          0x1001f76c       0xbc /usr/lib/gcc/arm-none-eabi/13.2.1/../../../arm-none-eabi/lib/thumb/v8-m.main+fp/softfp/libg.a(libc_a-strcpy.o)
                0x1001f76c                strcpy
 .text          0x1001f828      0x144 /usr/lib/gcc/arm-none-eabi/13.2.1/../../../arm-none-eabi/lib/thumb/v8-m.main+fp/softfp/libg.a(libc_a-ungetc.o)
                0x1001f828                __submore
                0x1001f89c                _ungetc_r
                0x1001f95c                ungetc
 .text          0x1001f96c       0x98 /usr/lib/gcc/arm-none-eabi/13.2.1/../../../arm-none-eabi/lib/thumb/v8-m.main+fp/softfp/libg.a(libc_a-fopen.o)
                0x1001f96c                _fopen_r
                0x1001f9f4                fopen
 .text          0x1001fa04       0x38 /usr/lib/gcc/arm-none-eabi/13.2.1/../../../arm-none-eabi/lib/thumb/v8-m.main+fp/softfp/libg.a(libc_a-time.o)
                0x1001fa04                time
 .text          0x1001fa3c       0x24 /usr/lib/gcc/arm-none-eabi/13.2.1/../../../arm-none-eabi/lib/thumb/v8-m.main+fp/softfp/libg.a(libc_a-closer.o)
                0x1001fa3c                _close_r
 .text          0x1001fa60       0x28 /usr/lib/gcc/arm-none-eabi/13.2.1/../../../arm-none-eabi/lib/thumb/v8-m.main+fp/softfp/libg.a(libc_a-fini.o)
                0x1001fa60                __libc_fini_array
 .text          0x1001fa88       0x2c /usr/lib/gcc/arm-none-eabi/13.2.1/../../../arm-none-eabi/lib/thumb/v8-m.main+fp/softfp/libg.a(libc_a-openr.o)
                0x1001fa88                _open_r
 .text          0x1001fab4        0x8 /usr/lib/gcc/arm-none-eabi/13.2.1/../../../arm-none-eabi/lib/thumb/v8-m.main+fp/softfp/libg.a(libm_a-sf_nan.o)
                0x1001fab4                nanf
 .text          0x1001fabc      0x19c /usr/lib/gcc/arm-none-eabi/13.2.1/../../../arm-none-eabi/lib/thumb/v8-m.main+fp/softfp/libg.a(libc_a-strtoll.o)
                0x1001fc24                _strtoll_r
                0x1001fc28                strtoll_l
                0x1001fc40                strtoll
 .text          0x1001fc58       0x20 /usr/lib/gcc/arm-none-eabi/13.2.1/../../../arm-none-eabi/lib/thumb/v8-m.main+fp/softfp/libg.a(libc_a-sprint_r.o)
                0x1001fc58                __sprint_r
 .text          0x1001fc78        0x8 /usr/lib/gcc/arm-none-eabi/13.2.1/../../../arm-none-eabi/lib/thumb/v8-m.main+fp/softfp/libg.a(libc_a-envlock.o)
                0x1001fc78                __env_lock
                0x1001fc7c                __env_unlock
 .text          0x1001fc80      0xa98 /usr/lib/gcc/arm-none-eabi/13.2.1/../../../arm-none-eabi/lib/thumb/v8-m.main+fp/softfp/libg.a(libc_a-mprec.o)
                0x1001fc80                _Balloc
                0x1001fccc                _Bfree
                0x1001fce0                __multadd
                0x1001fd84                __s2b
                0x1001fe34                __hi0bits
                0x1001fe7c                __lo0bits
                0x1001fedc                __i2b
                0x1001ff38                __multiply
                0x1002009c                __pow5mult
                0x10020150                __lshift
                0x10020238                __mcmp
                0x1002027c                __mdiff
                0x100203fc                __ulp
                0x10020448                __b2d
                0x1002050c                __d2b
                0x100205cc                __ratio
                0x10020628                _mprec_log10
                0x10020660                __copybits
                0x100206bc                __any_on
 .text          0x10020718       0xa0 /usr/lib/gcc/arm-none-eabi/13.2.1/../../../arm-none-eabi/lib/thumb/v8-m.main+fp/softfp/libg.a(libc_a-sccl.o)
                0x10020718                __sccl
 .text          0x100207b8       0x98 /usr/lib/gcc/arm-none-eabi/13.2.1/../../../arm-none-eabi/lib/thumb/v8-m.main+fp/softfp/libg.a(libc_a-memchr-stub.o)
                0x100207b8                memchr
 .text          0x10020850       0x44 /usr/lib/gcc/arm-none-eabi/13.2.1/../../../arm-none-eabi/lib/thumb/v8-m.main+fp/softfp/libg.a(libc_a-fwalk.o)
                0x10020850                _fwalk_sglue
 .text          0x10020894       0x14 /usr/lib/gcc/arm-none-eabi/13.2.1/../../../arm-none-eabi/lib/thumb/v8-m.main+fp/softfp/libg.a(libc_a-localeconv.o)
                0x10020894                __localeconv_l
                0x10020898                _localeconv_r
                0x100208a0                localeconv
 .text          0x100208a8     0x113c /usr/lib/gcc/arm-none-eabi/13.2.1/../../../arm-none-eabi/lib/thumb/v8-m.main+fp/softfp/libg.a(libc_a-strtod.o)
                0x100208a8                _strtod_l
                0x10021840                _strtod_r
                0x1002184c                strtod_l
                0x10021864                strtod
                0x10021880                strtof_l
                0x10021930                strtof
 .text          0x100219e4      0x13c /usr/lib/gcc/arm-none-eabi/13.2.1/../../../arm-none-eabi/lib/thumb/v8-m.main+fp/softfp/libg.a(libc_a-makebuf.o)
                0x100219e4                __smakebuf_r
                0x10021ac0                __swhatbuf_r
 .text          0x10021b20       0x8c /usr/lib/gcc/arm-none-eabi/13.2.1/../../../arm-none-eabi/lib/thumb/v8-m.main+fp/softfp/libg.a(libc_a-locale.o)
                0x10021b20                _setlocale_r
                0x10021b60                __locale_mb_cur_max
                0x10021b6c                setlocale
 .text          0x10021bac       0x14 /usr/lib/gcc/arm-none-eabi/13.2.1/../../../arm-none-eabi/lib/thumb/v8-m.main+fp/softfp/libg.a(libc_a-div.o)
                0x10021bac                div
 .text          0x10021bc0      0x1bc /usr/lib/gcc/arm-none-eabi/13.2.1/../../../arm-none-eabi/lib/thumb/v8-m.main+fp/softfp/libg.a(libc_a-strcmp.o)
                0x10021bc0                strcmp
 .text          0x10021d7c      0x640 /usr/lib/gcc/arm-none-eabi/13.2.1/../../../arm-none-eabi/lib/thumb/v8-m.main+fp/softfp/libg.a(libc_a-gdtoa-gethex.o)
                0x10021e20                __gethex
 .text          0x100223bc      0x15c /usr/lib/gcc/arm-none-eabi/13.2.1/../../../arm-none-eabi/lib/thumb/v8-m.main+fp/softfp/libg.a(libc_a-strtoul.o)
                0x100224e4                _strtoul_r
                0x100224e8                strtoul_l
                0x10022500                strtoul